******************************************************************************
             TMS320C2000 Linker PC v18.1.3                     
******************************************************************************
>> Linked Sun Apr 14 23:36:41 2019

OUTPUT FILE NAME:   <main_code_final_board.out>
ENTRY POINT SYMBOL: "code_start"  address: 00000000


MEMORY CONFIGURATION

         name            origin    length      used     unused   attr    fill
----------------------  --------  ---------  --------  --------  ----  --------
PAGE 0:
  BEGIN                 00000000   00000002  00000002  00000000  RWIX
  RAMM0                 000000f5   0000030b  00000161  000001aa  RWIX
  RAMLS04               00008000   00002800  000020b9  00000747  RWIX
  RESET                 003fffc0   00000002  00000000  00000002  RWIX

PAGE 1:
  BOOT_RSVD             00000002   000000f3  00000000  000000f3  RWIX
  RAMM1                 00000400   00000400  00000100  00000300  RWIX
  RAMLS5                0000a800   00000800  00000000  00000800  RWIX
  RAMLS6                0000b000   00000800  00000000  00000800  RWIX
  RAMLS7                0000b800   00000800  00000000  00000800  RWIX
  RAMGS0                0000c000   00002000  00000000  00002000  RWIX
  RAMGS1                0000e000   00002000  00000000  00002000  RWIX
  RAMGS2                00010000   00002000  00000000  00002000  RWIX
  RAMGS3                00012000   00002000  00000000  00002000  RWIX


SECTION ALLOCATION MAP

 output                                  attributes/
section   page    origin      length       input sections
--------  ----  ----------  ----------   ----------------
codestart 
*          0    00000000    00000002     
                  00000000    00000002     f28004x_codestartbranch.obj (codestart)

.TI.ramfunc 
*          0    000000f5    00000136     
                  000000f5    00000044     driverlib.lib : flash.obj (.TI.ramfunc:_Flash_initModule)
                  00000139    00000032                   : flash.obj (.TI.ramfunc:_Flash_setBankPowerMode)
                  0000016b    00000026                   : flash.obj (.TI.ramfunc:_Flash_setWaitstates)
                  00000191    0000001f                   : flash.obj (.TI.ramfunc:_Flash_setPumpPowerMode)
                  000001b0    00000018                   : flash.obj (.TI.ramfunc:_Flash_disableCache)
                  000001c8    00000018                   : flash.obj (.TI.ramfunc:_Flash_disablePrefetch)
                  000001e0    00000018                   : flash.obj (.TI.ramfunc:_Flash_enableCache)
                  000001f8    00000018                   : flash.obj (.TI.ramfunc:_Flash_enablePrefetch)
                  00000210    00000017                   : flash.obj (.TI.ramfunc:_Flash_enableECC)
                  00000227    00000004                   : sysctl.obj (.TI.ramfunc)

.cinit     0    0000022b    0000002b     
                  0000022b    00000011     gui.obj (.cinit)
                  0000023c    0000000e     rts2800_fpu32.lib : exit.c.obj (.cinit)
                  0000024a    00000005                       : _lock.c.obj (.cinit:__lock)
                  0000024f    00000005                       : _lock.c.obj (.cinit:__unlock)
                  00000254    00000002     --HOLE-- [fill = 0]

.text      0    00008000    00001758     
                  00008000    0000061f     gui.obj (.text)
                  0000861f    00000613     main_code_final_board.obj (.text)
                  00008c32    00000162     device.obj (.text)
                  00008d94    000000b3     driverlib.lib : sysctl.obj (.text:_SysCtl_setClock)
                  00008e47    000000a7                   : sysctl.obj (.text:_SysCtl_isPLLValid)
                  00008eee    00000088     rts2800_fpu32.lib : fs_div28.asm.obj (.text)
                  00008f76    0000006e     driverlib.lib : sysctl.obj (.text:_SysCtl_getClock)
                  00008fe4    00000064                   : adc.obj (.text:_ADC_setVREF)
                  00009048    0000005e                   : sysctl.obj (.text:_DCC_setCounterSeeds)
                  000090a6    00000056                   : sysctl.obj (.text:_SysCtl_selectOscSource)
                  000090fc    00000056     rts2800_fpu32.lib : boot28.asm.obj (.text)
                  00009152    00000054     driverlib.lib : interrupt.obj (.text:_Interrupt_initModule)
                  000091a6    00000052                   : gpio.obj (.text:_GPIO_setPadConfig)
                  000091f8    00000046                   : sci.obj (.text:_SCI_clearInterruptStatus)
                  0000923e    00000041                   : sci.obj (.text:_SCI_writeCharArray)
                  0000927f    00000040                   : sci.obj (.text:_SCI_setConfig)
                  000092bf    0000003d                   : gpio.obj (.text:_GPIO_setPinConfig)
                  000092fc    00000038                   : gpio.obj (.text:_GPIO_setMasterCore)
                  00009334    00000038                   : gpio.obj (.text:_GPIO_setQualificationMode)
                  0000936c    00000033                   : interrupt.obj (.text:_Interrupt_enable)
                  0000939f    00000033     main_code_final_board.obj (.text:retain)
                  000093d2    00000031     driverlib.lib : gpio.obj (.text:_GPIO_setDirectionMode)
                  00009403    00000029     rts2800_fpu32.lib : exit.c.obj (.text)
                  0000942c    00000025     driverlib.lib : sysctl.obj (.text:_DCC_enableSingleShotMode)
                  00009451    00000024                   : sysctl.obj (.text:_SysCtl_selectXTAL)
                  00009475    00000024     rts2800_fpu32.lib : cpy_tbl.c.obj (.text)
                  00009499    00000022     driverlib.lib : sci.obj (.text:_SCI_isFIFOEnabled)
                  000094bb    00000022                   : sysctl.obj (.text:_SysCtl_pollX1Counter)
                  000094dd    00000020                   : interrupt.obj (.text:_Interrupt_initVectorTable)
                  000094fd    0000001f                   : sysctl.obj (.text:_DCC_setCounter1ClkSource)
                  0000951c    0000001d                   : sysctl.obj (.text:_DCC_setCounter0ClkSource)
                  00009539    0000001d     rts2800_fpu32.lib : memcpy.c.obj (.text)
                  00009556    0000001b     driverlib.lib : sci.obj (.text:_SCI_isSpaceAvailableNonFIFO)
                  00009571    0000001a                   : adc.obj (.text:_ADC_isBaseValid)
                  0000958b    0000001a                   : sysctl.obj (.text:_SysCtl_getLowSpeedClock)
                  000095a5    0000001a                   : sysctl.obj (.text:_SysCtl_selectXTALSingleEnded)
                  000095bf    00000019                   : sci.obj (.text:_SCI_disableModule)
                  000095d8    00000019                   : sci.obj (.text:_SCI_performSoftwareReset)
                  000095f1    00000019     rts2800_fpu32.lib : args_main.c.obj (.text)
                  0000960a    00000017     driverlib.lib : sysctl.obj (.text:_DCC_enableDoneSignal)
                  00009621    00000017                   : sysctl.obj (.text:_SysCtl_enablePeripheral)
                  00009638    00000016                   : sysctl.obj (.text:_DCC_disableErrorSignal)
                  0000964e    00000016                   : sysctl.obj (.text:_DCC_enableErrorSignal)
                  00009664    00000015                   : sci.obj (.text:_SCI_getTxFIFOStatus)
                  00009679    00000015                   : sci.obj (.text:_SCI_isBaseValid)
                  0000968e    00000014                   : sysctl.obj (.text:_DCC_disableModule)
                  000096a2    00000014                   : sysctl.obj (.text:_DCC_enableModule)
                  000096b6    00000014                   : gpio.obj (.text:_GPIO_isPinValid)
                  000096ca    00000014                   : sci.obj (.text:_SCI_enableModule)
                  000096de    00000010                   : sysctl.obj (.text:_DCC_isBaseValid)
                  000096ee    00000010                   : flash.obj (.text:_Flash_isCtrlBaseValid)
                  000096fe    00000010                   : flash.obj (.text:_Flash_isECCBaseValid)
                  0000970e    0000000e                   : interrupt.obj (.text:_Interrupt_defaultHandler)
                  0000971c    0000000d                   : interrupt.obj (.text:_Interrupt_disableMaster)
                  00009729    0000000d                   : interrupt.obj (.text:_Interrupt_enableMaster)
                  00009736    0000000b                   : sysctl.obj (.text:_SysCtl_isMCDClockFailureDetected)
                  00009741    00000009     rts2800_fpu32.lib : _lock.c.obj (.text)
                  0000974a    00000007     driverlib.lib : sysctl.obj (.text:_SysCtl_resetMCD)
                  00009751    00000002                   : interrupt.obj (.text:_Interrupt_illegalOperationHandler)
                  00009753    00000002                   : interrupt.obj (.text:_Interrupt_nmiHandler)
                  00009755    00000002     rts2800_fpu32.lib : pre_init.c.obj (.text)
                  00009757    00000001                       : startup.c.obj (.text)

.pinit     0    000000f5    00000000     UNINITIALIZED

.reset     0    003fffc0    00000002     DSECT
                  003fffc0    00000002     rts2800_fpu32.lib : boot28.asm.obj (.reset)

.econst    0    00009758    0000093f     
                  00009758    000004b4     gui.obj (.econst:.string)
                  00009c0c    0000010f     main_code_final_board.obj (.econst:.string)
                  00009d1b    00000001     --HOLE-- [fill = 0]
                  00009d1c    000000af     driverlib.lib : flash.obj (.econst:.string)
                  00009dcb    00000001     --HOLE-- [fill = 0]
                  00009dcc    000000ae                   : sysctl.obj (.econst:.string)
                  00009e7a    000000ac                   : gpio.obj (.econst:.string)
                  00009f26    000000ab                   : sci.obj (.econst:.string)
                  00009fd1    00000001     --HOLE-- [fill = 0]
                  00009fd2    0000005b                   : interrupt.obj (.econst:.string)
                  0000a02d    00000001     --HOLE-- [fill = 0]
                  0000a02e    00000055                   : adc.obj (.econst:.string)
                  0000a083    00000001     --HOLE-- [fill = 0]
                  0000a084    00000013     device.obj (.econst:.string)

.ebss      0    0000a098    00000022     UNINITIALIZED
                  0000a098    0000000e     gui.obj (.ebss)
                  0000a0a6    0000000a     main_code_final_board.obj (.ebss)
                  0000a0b0    00000006     rts2800_fpu32.lib : exit.c.obj (.ebss)
                  0000a0b6    00000002                       : _lock.c.obj (.ebss:__lock)
                  0000a0b8    00000002                       : _lock.c.obj (.ebss:__unlock)

.stack     1    00000400    00000100     UNINITIALIZED
                  00000400    00000100     --HOLE--

MODULE SUMMARY

       Module                        code   initialized data   uninitialized data
       ------                        ----   ----------------   ------------------
    .\
       gui.obj                       1567   1221               14                
       main_code_final_board.obj     1606   271                10                
    +--+-----------------------------+------+------------------+--------------------+
       Total:                        3173   1492               24                
                                                                                 
    .\device\
       device.obj                    354    19                 0                 
       f28004x_codestartbranch.obj   2      0                  0                 
    +--+-----------------------------+------+------------------+--------------------+
       Total:                        356    19                 0                 
                                                                                 
    ../driverlib.lib
       sysctl.obj                    1023   174                0                 
       sci.obj                       372    171                0                 
       flash.obj                     338    175                0                 
       gpio.obj                      324    172                0                 
       interrupt.obj                 211    91                 0                 
       adc.obj                       126    85                 0                 
    +--+-----------------------------+------+------------------+--------------------+
       Total:                        2394   868                0                 
                                                                                 
    C:\ti\ccsv8\tools\compiler\ti-cgt-c2000_18.1.3.LTS\lib\rts2800_fpu32.lib
       fs_div28.asm.obj              136    0                  0                 
       boot28.asm.obj                86     0                  0                 
       exit.c.obj                    41     14                 6                 
       cpy_tbl.c.obj                 36     0                  0                 
       memcpy.c.obj                  29     0                  0                 
       args_main.c.obj               25     0                  0                 
       _lock.c.obj                   9      10                 4                 
       pre_init.c.obj                2      0                  0                 
       startup.c.obj                 1      0                  0                 
    +--+-----------------------------+------+------------------+--------------------+
       Total:                        365    24                 10                
                                                                                 
       Stack:                        0      0                  256               
    +--+-----------------------------+------+------------------+--------------------+
       Grand Total:                  6288   2403               290               


GLOBAL DATA SYMBOLS: SORTED BY DATA PAGE

address     data page           name
--------    ----------------    ----
00000400      10 (00000400)     __stack

0000a098     282 (0000a080)     _period
0000a099     282 (0000a080)     _guiState
0000a09a     282 (0000a080)     _dutyCycle
0000a09b     282 (0000a080)     _adcCResult0
0000a09c     282 (0000a080)     _adcCResult6
0000a09d     282 (0000a080)     _adcBResult2
0000a09e     282 (0000a080)     _receivedChar
0000a0a0     282 (0000a080)     _testAvg
0000a0a2     282 (0000a080)     _msg
0000a0a4     282 (0000a080)     _dutyCycleTrack
0000a0a6     282 (0000a080)     _epwm8Info
0000a0b0     282 (0000a080)     ___TI_enable_exit_profile_output
0000a0b2     282 (0000a080)     ___TI_cleanup_ptr
0000a0b4     282 (0000a080)     ___TI_dtors_ptr
0000a0b6     282 (0000a080)     __lock
0000a0b8     282 (0000a080)     __unlock


GLOBAL SYMBOLS: SORTED ALPHABETICALLY BY Name 

page  address   name                            
----  -------   ----                            
0     00008000  .text                           
0     00009403  C$$EXIT                         
0     00008eee  FS$$DIV                         
0     00008fe4  _ADC_setVREF                    
0     00008caf  _Device_enableAllPeripherals    
0     00008c74  _Device_init                    
0     00008d7d  _Device_initGPIO                
0     000000f5  _Flash_initModule               
0     000093d2  _GPIO_setDirectionMode          
0     000092fc  _GPIO_setMasterCore             
0     000091a6  _GPIO_setPadConfig              
0     000092bf  _GPIO_setPinConfig              
0     00009334  _GPIO_setQualificationMode      
0     0000936c  _Interrupt_enable               
0     00009152  _Interrupt_initModule           
0     000094dd  _Interrupt_initVectorTable      
0     000091f8  _SCI_clearInterruptStatus       
0     0000927f  _SCI_setConfig                  
0     0000923e  _SCI_writeCharArray             
0     00000227  _SysCtl_delay                   
0     00008f76  _SysCtl_getClock                
0     0000958b  _SysCtl_getLowSpeedClock        
0     00008e47  _SysCtl_isPLLValid              
0     000090a6  _SysCtl_selectOscSource         
0     00009451  _SysCtl_selectXTAL              
0     000095a5  _SysCtl_selectXTALSingleEnded   
0     00008d94  _SysCtl_setClock                
1     00000500  __STACK_END                     
abs   00000100  __STACK_SIZE                    
0     0000a0b2  ___TI_cleanup_ptr               
0     0000a0b4  ___TI_dtors_ptr                 
0     0000a0b0  ___TI_enable_exit_profile_output
abs   ffffffff  ___TI_pprof_out_hndl            
abs   ffffffff  ___TI_prof_data_size            
abs   ffffffff  ___TI_prof_data_start           
abs   ffffffff  ___binit__                      
abs   ffffffff  ___c_args__                     
0     0000022b  ___cinit__                      
0     00008d8d  ___error__                      
0     00009758  ___etext__                      
abs   ffffffff  ___pinit__                      
0     00008000  ___text__                       
0     000095f1  __args_main                     
0     0000a0b6  __lock                          
0     00009749  __nop                           
0     00009745  __register_lock                 
0     00009741  __register_unlock               
1     00000400  __stack                         
0     00009757  __system_post_cinit             
0     00009755  __system_pre_init               
0     0000a0b8  __unlock                        
0     00009403  _abort                          
0     0000a09d  _adcBResult2                    
0     0000a09b  _adcCResult0                    
0     0000a09c  _adcCResult6                    
0     000083e4  _avg_ADC                        
0     000090fc  _c_int00                        
0     00009475  _copy_in                        
0     0000844f  _drawSonic                      
0     0000a09a  _dutyCycle                      
0     0000a0a4  _dutyCycleTrack                 
0     0000939f  _epwm8ISR                       
0     0000a0a6  _epwm8Info                      
0     00009405  _exit                           
0     0000a099  _guiState                       
0     00008be9  _initADCSOCs                    
0     00008bb3  _initADCs                       
0     00008b27  _initEPWM8                      
0     00008a3c  _main                           
0     00009539  _memcpy                         
0     0000a0a2  _msg                            
0     0000a098  _period                         
0     00008405  _read_ADC                       
0     0000a09e  _receivedChar                   
0     000081b7  _run_duty_cycle_menu            
0     00008305  _run_freq_sweep_menu            
0     00008269  _run_frequency_menu             
0     00008133  _run_gui                        
0     00008159  _run_main_menu                  
0     0000851b  _sweepingAnimation              
0     0000a0a0  _testAvg                        
abs   ffffffff  binit                           
0     0000022b  cinit                           
0     00000000  code_start                      
0     00009758  etext                           
abs   ffffffff  pinit                           


GLOBAL SYMBOLS: SORTED BY Symbol Address 

page  address   name                            
----  -------   ----                            
0     00000000  code_start                      
0     000000f5  _Flash_initModule               
0     00000227  _SysCtl_delay                   
0     0000022b  ___cinit__                      
0     0000022b  cinit                           
0     00008000  .text                           
0     00008000  ___text__                       
0     00008133  _run_gui                        
0     00008159  _run_main_menu                  
0     000081b7  _run_duty_cycle_menu            
0     00008269  _run_frequency_menu             
0     00008305  _run_freq_sweep_menu            
0     000083e4  _avg_ADC                        
0     00008405  _read_ADC                       
0     0000844f  _drawSonic                      
0     0000851b  _sweepingAnimation              
0     00008a3c  _main                           
0     00008b27  _initEPWM8                      
0     00008bb3  _initADCs                       
0     00008be9  _initADCSOCs                    
0     00008c74  _Device_init                    
0     00008caf  _Device_enableAllPeripherals    
0     00008d7d  _Device_initGPIO                
0     00008d8d  ___error__                      
0     00008d94  _SysCtl_setClock                
0     00008e47  _SysCtl_isPLLValid              
0     00008eee  FS$$DIV                         
0     00008f76  _SysCtl_getClock                
0     00008fe4  _ADC_setVREF                    
0     000090a6  _SysCtl_selectOscSource         
0     000090fc  _c_int00                        
0     00009152  _Interrupt_initModule           
0     000091a6  _GPIO_setPadConfig              
0     000091f8  _SCI_clearInterruptStatus       
0     0000923e  _SCI_writeCharArray             
0     0000927f  _SCI_setConfig                  
0     000092bf  _GPIO_setPinConfig              
0     000092fc  _GPIO_setMasterCore             
0     00009334  _GPIO_setQualificationMode      
0     0000936c  _Interrupt_enable               
0     0000939f  _epwm8ISR                       
0     000093d2  _GPIO_setDirectionMode          
0     00009403  C$$EXIT                         
0     00009403  _abort                          
0     00009405  _exit                           
0     00009451  _SysCtl_selectXTAL              
0     00009475  _copy_in                        
0     000094dd  _Interrupt_initVectorTable      
0     00009539  _memcpy                         
0     0000958b  _SysCtl_getLowSpeedClock        
0     000095a5  _SysCtl_selectXTALSingleEnded   
0     000095f1  __args_main                     
0     00009741  __register_unlock               
0     00009745  __register_lock                 
0     00009749  __nop                           
0     00009755  __system_pre_init               
0     00009757  __system_post_cinit             
0     00009758  ___etext__                      
0     00009758  etext                           
0     0000a098  _period                         
0     0000a099  _guiState                       
0     0000a09a  _dutyCycle                      
0     0000a09b  _adcCResult0                    
0     0000a09c  _adcCResult6                    
0     0000a09d  _adcBResult2                    
0     0000a09e  _receivedChar                   
0     0000a0a0  _testAvg                        
0     0000a0a2  _msg                            
0     0000a0a4  _dutyCycleTrack                 
0     0000a0a6  _epwm8Info                      
0     0000a0b0  ___TI_enable_exit_profile_output
0     0000a0b2  ___TI_cleanup_ptr               
0     0000a0b4  ___TI_dtors_ptr                 
0     0000a0b6  __lock                          
0     0000a0b8  __unlock                        
1     00000400  __stack                         
1     00000500  __STACK_END                     
abs   00000100  __STACK_SIZE                    
abs   ffffffff  ___TI_pprof_out_hndl            
abs   ffffffff  ___TI_prof_data_size            
abs   ffffffff  ___TI_prof_data_start           
abs   ffffffff  ___binit__                      
abs   ffffffff  ___c_args__                     
abs   ffffffff  ___pinit__                      
abs   ffffffff  binit                           
abs   ffffffff  pinit                           

[86 symbols]
