******************************************************************************
             TMS320C2000 Linker PC v18.1.3                     
******************************************************************************
>> Linked Sun Apr 14 22:57:09 2019

OUTPUT FILE NAME:   <main_code_final_board.out>
ENTRY POINT SYMBOL: "code_start"  address: 00000000


MEMORY CONFIGURATION

         name            origin    length      used     unused   attr    fill
----------------------  --------  ---------  --------  --------  ----  --------
PAGE 0:
  BEGIN                 00000000   00000002  00000002  00000000  RWIX
  RAMM0                 000000f5   0000030b  00000161  000001aa  RWIX
  RAMLS04               00008000   00002800  00001ec3  0000093d  RWIX
  RESET                 003fffc0   00000002  00000000  00000002  RWIX

PAGE 1:
  BOOT_RSVD             00000002   000000f3  00000000  000000f3  RWIX
  RAMM1                 00000400   00000400  00000100  00000300  RWIX
  RAMLS5                0000a800   00000800  00000000  00000800  RWIX
  RAMLS6                0000b000   00000800  00000000  00000800  RWIX
  RAMLS7                0000b800   00000800  00000000  00000800  RWIX
  RAMGS0                0000c000   00002000  00000000  00002000  RWIX
  RAMGS1                0000e000   00002000  00000000  00002000  RWIX
  RAMGS2                00010000   00002000  00000000  00002000  RWIX
  RAMGS3                00012000   00002000  00000000  00002000  RWIX


SECTION ALLOCATION MAP

 output                                  attributes/
section   page    origin      length       input sections
--------  ----  ----------  ----------   ----------------
codestart 
*          0    00000000    00000002     
                  00000000    00000002     f28004x_codestartbranch.obj (codestart)

.TI.ramfunc 
*          0    000000f5    00000136     
                  000000f5    00000044     driverlib.lib : flash.obj (.TI.ramfunc:_Flash_initModule)
                  00000139    00000032                   : flash.obj (.TI.ramfunc:_Flash_setBankPowerMode)
                  0000016b    00000026                   : flash.obj (.TI.ramfunc:_Flash_setWaitstates)
                  00000191    0000001f                   : flash.obj (.TI.ramfunc:_Flash_setPumpPowerMode)
                  000001b0    00000018                   : flash.obj (.TI.ramfunc:_Flash_disableCache)
                  000001c8    00000018                   : flash.obj (.TI.ramfunc:_Flash_disablePrefetch)
                  000001e0    00000018                   : flash.obj (.TI.ramfunc:_Flash_enableCache)
                  000001f8    00000018                   : flash.obj (.TI.ramfunc:_Flash_enablePrefetch)
                  00000210    00000017                   : flash.obj (.TI.ramfunc:_Flash_enableECC)
                  00000227    00000004                   : sysctl.obj (.TI.ramfunc)

.cinit     0    0000022b    0000002b     
                  0000022b    00000011     gui.obj (.cinit)
                  0000023c    0000000e     rts2800_fpu32.lib : exit.c.obj (.cinit)
                  0000024a    00000005                       : _lock.c.obj (.cinit:__lock)
                  0000024f    00000005                       : _lock.c.obj (.cinit:__unlock)
                  00000254    00000002     --HOLE-- [fill = 0]

.text      0    00008000    00001632     
                  00008000    00000613     main_code_final_board.obj (.text)
                  00008613    000004f9     gui.obj (.text)
                  00008b0c    00000162     device.obj (.text)
                  00008c6e    000000b3     driverlib.lib : sysctl.obj (.text:_SysCtl_setClock)
                  00008d21    000000a7                   : sysctl.obj (.text:_SysCtl_isPLLValid)
                  00008dc8    00000088     rts2800_fpu32.lib : fs_div28.asm.obj (.text)
                  00008e50    0000006e     driverlib.lib : sysctl.obj (.text:_SysCtl_getClock)
                  00008ebe    00000064                   : adc.obj (.text:_ADC_setVREF)
                  00008f22    0000005e                   : sysctl.obj (.text:_DCC_setCounterSeeds)
                  00008f80    00000056                   : sysctl.obj (.text:_SysCtl_selectOscSource)
                  00008fd6    00000056     rts2800_fpu32.lib : boot28.asm.obj (.text)
                  0000902c    00000054     driverlib.lib : interrupt.obj (.text:_Interrupt_initModule)
                  00009080    00000052                   : gpio.obj (.text:_GPIO_setPadConfig)
                  000090d2    00000046                   : sci.obj (.text:_SCI_clearInterruptStatus)
                  00009118    00000041                   : sci.obj (.text:_SCI_writeCharArray)
                  00009159    00000040                   : sci.obj (.text:_SCI_setConfig)
                  00009199    0000003d                   : gpio.obj (.text:_GPIO_setPinConfig)
                  000091d6    00000038                   : gpio.obj (.text:_GPIO_setMasterCore)
                  0000920e    00000038                   : gpio.obj (.text:_GPIO_setQualificationMode)
                  00009246    00000033                   : interrupt.obj (.text:_Interrupt_enable)
                  00009279    00000033     main_code_final_board.obj (.text:retain)
                  000092ac    00000031     driverlib.lib : gpio.obj (.text:_GPIO_setDirectionMode)
                  000092dd    00000029     rts2800_fpu32.lib : exit.c.obj (.text)
                  00009306    00000025     driverlib.lib : sysctl.obj (.text:_DCC_enableSingleShotMode)
                  0000932b    00000024                   : sysctl.obj (.text:_SysCtl_selectXTAL)
                  0000934f    00000024     rts2800_fpu32.lib : cpy_tbl.c.obj (.text)
                  00009373    00000022     driverlib.lib : sci.obj (.text:_SCI_isFIFOEnabled)
                  00009395    00000022                   : sysctl.obj (.text:_SysCtl_pollX1Counter)
                  000093b7    00000020                   : interrupt.obj (.text:_Interrupt_initVectorTable)
                  000093d7    0000001f                   : sysctl.obj (.text:_DCC_setCounter1ClkSource)
                  000093f6    0000001d                   : sysctl.obj (.text:_DCC_setCounter0ClkSource)
                  00009413    0000001d     rts2800_fpu32.lib : memcpy.c.obj (.text)
                  00009430    0000001b     driverlib.lib : sci.obj (.text:_SCI_isSpaceAvailableNonFIFO)
                  0000944b    0000001a                   : adc.obj (.text:_ADC_isBaseValid)
                  00009465    0000001a                   : sysctl.obj (.text:_SysCtl_getLowSpeedClock)
                  0000947f    0000001a                   : sysctl.obj (.text:_SysCtl_selectXTALSingleEnded)
                  00009499    00000019                   : sci.obj (.text:_SCI_disableModule)
                  000094b2    00000019                   : sci.obj (.text:_SCI_performSoftwareReset)
                  000094cb    00000019     rts2800_fpu32.lib : args_main.c.obj (.text)
                  000094e4    00000017     driverlib.lib : sysctl.obj (.text:_DCC_enableDoneSignal)
                  000094fb    00000017                   : sysctl.obj (.text:_SysCtl_enablePeripheral)
                  00009512    00000016                   : sysctl.obj (.text:_DCC_disableErrorSignal)
                  00009528    00000016                   : sysctl.obj (.text:_DCC_enableErrorSignal)
                  0000953e    00000015                   : sci.obj (.text:_SCI_getTxFIFOStatus)
                  00009553    00000015                   : sci.obj (.text:_SCI_isBaseValid)
                  00009568    00000014                   : sysctl.obj (.text:_DCC_disableModule)
                  0000957c    00000014                   : sysctl.obj (.text:_DCC_enableModule)
                  00009590    00000014                   : gpio.obj (.text:_GPIO_isPinValid)
                  000095a4    00000014                   : sci.obj (.text:_SCI_enableModule)
                  000095b8    00000010                   : sysctl.obj (.text:_DCC_isBaseValid)
                  000095c8    00000010                   : flash.obj (.text:_Flash_isCtrlBaseValid)
                  000095d8    00000010                   : flash.obj (.text:_Flash_isECCBaseValid)
                  000095e8    0000000e                   : interrupt.obj (.text:_Interrupt_defaultHandler)
                  000095f6    0000000d                   : interrupt.obj (.text:_Interrupt_disableMaster)
                  00009603    0000000d                   : interrupt.obj (.text:_Interrupt_enableMaster)
                  00009610    0000000b                   : sysctl.obj (.text:_SysCtl_isMCDClockFailureDetected)
                  0000961b    00000009     rts2800_fpu32.lib : _lock.c.obj (.text)
                  00009624    00000007     driverlib.lib : sysctl.obj (.text:_SysCtl_resetMCD)
                  0000962b    00000002                   : interrupt.obj (.text:_Interrupt_illegalOperationHandler)
                  0000962d    00000002                   : interrupt.obj (.text:_Interrupt_nmiHandler)
                  0000962f    00000002     rts2800_fpu32.lib : pre_init.c.obj (.text)
                  00009631    00000001                       : startup.c.obj (.text)

.pinit     0    000000f5    00000000     UNINITIALIZED

.reset     0    003fffc0    00000002     DSECT
                  003fffc0    00000002     rts2800_fpu32.lib : boot28.asm.obj (.reset)

.econst    0    00009632    0000086f     
                  00009632    000003e4     gui.obj (.econst:.string)
                  00009a16    0000010f     main_code_final_board.obj (.econst:.string)
                  00009b25    00000001     --HOLE-- [fill = 0]
                  00009b26    000000af     driverlib.lib : flash.obj (.econst:.string)
                  00009bd5    00000001     --HOLE-- [fill = 0]
                  00009bd6    000000ae                   : sysctl.obj (.econst:.string)
                  00009c84    000000ac                   : gpio.obj (.econst:.string)
                  00009d30    000000ab                   : sci.obj (.econst:.string)
                  00009ddb    00000001     --HOLE-- [fill = 0]
                  00009ddc    0000005b                   : interrupt.obj (.econst:.string)
                  00009e37    00000001     --HOLE-- [fill = 0]
                  00009e38    00000055                   : adc.obj (.econst:.string)
                  00009e8d    00000001     --HOLE-- [fill = 0]
                  00009e8e    00000013     device.obj (.econst:.string)

.ebss      0    00009ea2    00000022     UNINITIALIZED
                  00009ea2    0000000e     gui.obj (.ebss)
                  00009eb0    0000000a     main_code_final_board.obj (.ebss)
                  00009eba    00000006     rts2800_fpu32.lib : exit.c.obj (.ebss)
                  00009ec0    00000002                       : _lock.c.obj (.ebss:__lock)
                  00009ec2    00000002                       : _lock.c.obj (.ebss:__unlock)

.stack     1    00000400    00000100     UNINITIALIZED
                  00000400    00000100     --HOLE--

MODULE SUMMARY

       Module                        code   initialized data   uninitialized data
       ------                        ----   ----------------   ------------------
    .\
       gui.obj                       1273   1013               14                
       main_code_final_board.obj     1606   271                10                
    +--+-----------------------------+------+------------------+--------------------+
       Total:                        2879   1284               24                
                                                                                 
    .\device\
       device.obj                    354    19                 0                 
       f28004x_codestartbranch.obj   2      0                  0                 
    +--+-----------------------------+------+------------------+--------------------+
       Total:                        356    19                 0                 
                                                                                 
    ../driverlib.lib
       sysctl.obj                    1023   174                0                 
       sci.obj                       372    171                0                 
       flash.obj                     338    175                0                 
       gpio.obj                      324    172                0                 
       interrupt.obj                 211    91                 0                 
       adc.obj                       126    85                 0                 
    +--+-----------------------------+------+------------------+--------------------+
       Total:                        2394   868                0                 
                                                                                 
    C:\ti\ccsv8\tools\compiler\ti-cgt-c2000_18.1.3.LTS\lib\rts2800_fpu32.lib
       fs_div28.asm.obj              136    0                  0                 
       boot28.asm.obj                86     0                  0                 
       exit.c.obj                    41     14                 6                 
       cpy_tbl.c.obj                 36     0                  0                 
       memcpy.c.obj                  29     0                  0                 
       args_main.c.obj               25     0                  0                 
       _lock.c.obj                   9      10                 4                 
       pre_init.c.obj                2      0                  0                 
       startup.c.obj                 1      0                  0                 
    +--+-----------------------------+------+------------------+--------------------+
       Total:                        365    24                 10                
                                                                                 
       Stack:                        0      0                  256               
    +--+-----------------------------+------+------------------+--------------------+
       Grand Total:                  5994   2195               290               


GLOBAL DATA SYMBOLS: SORTED BY DATA PAGE

address     data page           name
--------    ----------------    ----
00000400      10 (00000400)     __stack

00009ea2     27a (00009e80)     _period
00009ea3     27a (00009e80)     _guiState
00009ea4     27a (00009e80)     _dutyCycle
00009ea5     27a (00009e80)     _adcCResult0
00009ea6     27a (00009e80)     _adcCResult6
00009ea7     27a (00009e80)     _adcBResult2
00009ea8     27a (00009e80)     _receivedChar
00009eaa     27a (00009e80)     _testAvg
00009eac     27a (00009e80)     _msg
00009eae     27a (00009e80)     _dutyCycleTrack
00009eb0     27a (00009e80)     _epwm8Info
00009eba     27a (00009e80)     ___TI_enable_exit_profile_output
00009ebc     27a (00009e80)     ___TI_cleanup_ptr
00009ebe     27a (00009e80)     ___TI_dtors_ptr

00009ec0     27b (00009ec0)     __lock
00009ec2     27b (00009ec0)     __unlock


GLOBAL SYMBOLS: SORTED ALPHABETICALLY BY Name 

page  address   name                            
----  -------   ----                            
0     00008000  .text                           
0     000092dd  C$$EXIT                         
0     00008dc8  FS$$DIV                         
0     00008ebe  _ADC_setVREF                    
0     00008b89  _Device_enableAllPeripherals    
0     00008b4e  _Device_init                    
0     00008c57  _Device_initGPIO                
0     000000f5  _Flash_initModule               
0     000092ac  _GPIO_setDirectionMode          
0     000091d6  _GPIO_setMasterCore             
0     00009080  _GPIO_setPadConfig              
0     00009199  _GPIO_setPinConfig              
0     0000920e  _GPIO_setQualificationMode      
0     00009246  _Interrupt_enable               
0     0000902c  _Interrupt_initModule           
0     000093b7  _Interrupt_initVectorTable      
0     000090d2  _SCI_clearInterruptStatus       
0     00009159  _SCI_setConfig                  
0     00009118  _SCI_writeCharArray             
0     00000227  _SysCtl_delay                   
0     00008e50  _SysCtl_getClock                
0     00009465  _SysCtl_getLowSpeedClock        
0     00008d21  _SysCtl_isPLLValid              
0     00008f80  _SysCtl_selectOscSource         
0     0000932b  _SysCtl_selectXTAL              
0     0000947f  _SysCtl_selectXTALSingleEnded   
0     00008c6e  _SysCtl_setClock                
1     00000500  __STACK_END                     
abs   00000100  __STACK_SIZE                    
0     00009ebc  ___TI_cleanup_ptr               
0     00009ebe  ___TI_dtors_ptr                 
0     00009eba  ___TI_enable_exit_profile_output
abs   ffffffff  ___TI_pprof_out_hndl            
abs   ffffffff  ___TI_prof_data_size            
abs   ffffffff  ___TI_prof_data_start           
abs   ffffffff  ___binit__                      
abs   ffffffff  ___c_args__                     
0     0000022b  ___cinit__                      
0     00008c67  ___error__                      
0     00009632  ___etext__                      
abs   ffffffff  ___pinit__                      
0     00008000  ___text__                       
0     000094cb  __args_main                     
0     00009ec0  __lock                          
0     00009623  __nop                           
0     0000961f  __register_lock                 
0     0000961b  __register_unlock               
1     00000400  __stack                         
0     00009631  __system_post_cinit             
0     0000962f  __system_pre_init               
0     00009ec2  __unlock                        
0     000092dd  _abort                          
0     00009ea7  _adcBResult2                    
0     00009ea5  _adcCResult0                    
0     00009ea6  _adcCResult6                    
0     000089a7  _avg_ADC                        
0     00008fd6  _c_int00                        
0     0000934f  _copy_in                        
0     00008a12  _drawSonic                      
0     00009ea4  _dutyCycle                      
0     00009eae  _dutyCycleTrack                 
0     00009279  _epwm8ISR                       
0     00009eb0  _epwm8Info                      
0     000092df  _exit                           
0     00009ea3  _guiState                       
0     000085ca  _initADCSOCs                    
0     00008594  _initADCs                       
0     00008508  _initEPWM8                      
0     0000841d  _main                           
0     00009413  _memcpy                         
0     00009eac  _msg                            
0     00009ea2  _period                         
0     000089c8  _read_ADC                       
0     00009ea8  _receivedChar                   
0     000087ca  _run_duty_cycle_menu            
0     00008918  _run_freq_sweep_menu            
0     0000887c  _run_frequency_menu             
0     00008746  _run_gui                        
0     0000876c  _run_main_menu                  
0     00008ac5  _sweepingAnimation              
0     00009eaa  _testAvg                        
abs   ffffffff  binit                           
0     0000022b  cinit                           
0     00000000  code_start                      
0     00009632  etext                           
abs   ffffffff  pinit                           


GLOBAL SYMBOLS: SORTED BY Symbol Address 

page  address   name                            
----  -------   ----                            
0     00000000  code_start                      
0     000000f5  _Flash_initModule               
0     00000227  _SysCtl_delay                   
0     0000022b  ___cinit__                      
0     0000022b  cinit                           
0     00008000  .text                           
0     00008000  ___text__                       
0     0000841d  _main                           
0     00008508  _initEPWM8                      
0     00008594  _initADCs                       
0     000085ca  _initADCSOCs                    
0     00008746  _run_gui                        
0     0000876c  _run_main_menu                  
0     000087ca  _run_duty_cycle_menu            
0     0000887c  _run_frequency_menu             
0     00008918  _run_freq_sweep_menu            
0     000089a7  _avg_ADC                        
0     000089c8  _read_ADC                       
0     00008a12  _drawSonic                      
0     00008ac5  _sweepingAnimation              
0     00008b4e  _Device_init                    
0     00008b89  _Device_enableAllPeripherals    
0     00008c57  _Device_initGPIO                
0     00008c67  ___error__                      
0     00008c6e  _SysCtl_setClock                
0     00008d21  _SysCtl_isPLLValid              
0     00008dc8  FS$$DIV                         
0     00008e50  _SysCtl_getClock                
0     00008ebe  _ADC_setVREF                    
0     00008f80  _SysCtl_selectOscSource         
0     00008fd6  _c_int00                        
0     0000902c  _Interrupt_initModule           
0     00009080  _GPIO_setPadConfig              
0     000090d2  _SCI_clearInterruptStatus       
0     00009118  _SCI_writeCharArray             
0     00009159  _SCI_setConfig                  
0     00009199  _GPIO_setPinConfig              
0     000091d6  _GPIO_setMasterCore             
0     0000920e  _GPIO_setQualificationMode      
0     00009246  _Interrupt_enable               
0     00009279  _epwm8ISR                       
0     000092ac  _GPIO_setDirectionMode          
0     000092dd  C$$EXIT                         
0     000092dd  _abort                          
0     000092df  _exit                           
0     0000932b  _SysCtl_selectXTAL              
0     0000934f  _copy_in                        
0     000093b7  _Interrupt_initVectorTable      
0     00009413  _memcpy                         
0     00009465  _SysCtl_getLowSpeedClock        
0     0000947f  _SysCtl_selectXTALSingleEnded   
0     000094cb  __args_main                     
0     0000961b  __register_unlock               
0     0000961f  __register_lock                 
0     00009623  __nop                           
0     0000962f  __system_pre_init               
0     00009631  __system_post_cinit             
0     00009632  ___etext__                      
0     00009632  etext                           
0     00009ea2  _period                         
0     00009ea3  _guiState                       
0     00009ea4  _dutyCycle                      
0     00009ea5  _adcCResult0                    
0     00009ea6  _adcCResult6                    
0     00009ea7  _adcBResult2                    
0     00009ea8  _receivedChar                   
0     00009eaa  _testAvg                        
0     00009eac  _msg                            
0     00009eae  _dutyCycleTrack                 
0     00009eb0  _epwm8Info                      
0     00009eba  ___TI_enable_exit_profile_output
0     00009ebc  ___TI_cleanup_ptr               
0     00009ebe  ___TI_dtors_ptr                 
0     00009ec0  __lock                          
0     00009ec2  __unlock                        
1     00000400  __stack                         
1     00000500  __STACK_END                     
abs   00000100  __STACK_SIZE                    
abs   ffffffff  ___TI_pprof_out_hndl            
abs   ffffffff  ___TI_prof_data_size            
abs   ffffffff  ___TI_prof_data_start           
abs   ffffffff  ___binit__                      
abs   ffffffff  ___c_args__                     
abs   ffffffff  ___pinit__                      
abs   ffffffff  binit                           
abs   ffffffff  pinit                           

[86 symbols]
