<?xml version="1.0" encoding="ISO-8859-1" ?>
<link_info>
   <banner>TMS320C2000 Linker PC v18.1.3.LTS</banner>
   <copyright>Copyright (c) 1996-2017 Texas Instruments Incorporated</copyright>
   <link_time>0x5cb40f25</link_time>
   <link_errors>0x0</link_errors>
   <output_file>main_code_final_board.out</output_file>
   <entry_point>
      <name>code_start</name>
      <address>0x0</address>
   </entry_point>
   <input_file_list>
      <input_file id="fl-2">
         <path>.\</path>
         <kind>object</kind>
         <file>gui.obj</file>
         <name>gui.obj</name>
      </input_file>
      <input_file id="fl-3">
         <path>.\</path>
         <kind>object</kind>
         <file>main_code_final_board.obj</file>
         <name>main_code_final_board.obj</name>
      </input_file>
      <input_file id="fl-4">
         <path>.\device\</path>
         <kind>object</kind>
         <file>device.obj</file>
         <name>device.obj</name>
      </input_file>
      <input_file id="fl-5">
         <path>.\device\</path>
         <kind>object</kind>
         <file>f28004x_codestartbranch.obj</file>
         <name>f28004x_codestartbranch.obj</name>
      </input_file>
      <input_file id="fl-a">
         <kind>object</kind>
         <file>&lt;internal&gt;</file>
         <name>&lt;internal&gt;</name>
      </input_file>
      <input_file id="fl-b">
         <path>..\</path>
         <kind>archive</kind>
         <file>driverlib.lib</file>
         <name>adc.obj</name>
      </input_file>
      <input_file id="fl-c">
         <path>..\</path>
         <kind>archive</kind>
         <file>driverlib.lib</file>
         <name>flash.obj</name>
      </input_file>
      <input_file id="fl-d">
         <path>..\</path>
         <kind>archive</kind>
         <file>driverlib.lib</file>
         <name>gpio.obj</name>
      </input_file>
      <input_file id="fl-e">
         <path>..\</path>
         <kind>archive</kind>
         <file>driverlib.lib</file>
         <name>interrupt.obj</name>
      </input_file>
      <input_file id="fl-f">
         <path>..\</path>
         <kind>archive</kind>
         <file>driverlib.lib</file>
         <name>sci.obj</name>
      </input_file>
      <input_file id="fl-10">
         <path>..\</path>
         <kind>archive</kind>
         <file>driverlib.lib</file>
         <name>sysctl.obj</name>
      </input_file>
      <input_file id="fl-1c">
         <path>C:\ti\ccsv8\tools\compiler\ti-cgt-c2000_18.1.3.LTS\lib\</path>
         <kind>archive</kind>
         <file>rts2800_fpu32.lib</file>
         <name>boot28.asm.obj</name>
      </input_file>
      <input_file id="fl-1d">
         <path>C:\ti\ccsv8\tools\compiler\ti-cgt-c2000_18.1.3.LTS\lib\</path>
         <kind>archive</kind>
         <file>rts2800_fpu32.lib</file>
         <name>fs_div28.asm.obj</name>
      </input_file>
      <input_file id="fl-1e">
         <path>C:\ti\ccsv8\tools\compiler\ti-cgt-c2000_18.1.3.LTS\lib\</path>
         <kind>archive</kind>
         <file>rts2800_fpu32.lib</file>
         <name>cpy_tbl.c.obj</name>
      </input_file>
      <input_file id="fl-1f">
         <path>C:\ti\ccsv8\tools\compiler\ti-cgt-c2000_18.1.3.LTS\lib\</path>
         <kind>archive</kind>
         <file>rts2800_fpu32.lib</file>
         <name>memcpy.c.obj</name>
      </input_file>
      <input_file id="fl-20">
         <path>C:\ti\ccsv8\tools\compiler\ti-cgt-c2000_18.1.3.LTS\lib\</path>
         <kind>archive</kind>
         <file>rts2800_fpu32.lib</file>
         <name>pre_init.c.obj</name>
      </input_file>
      <input_file id="fl-21">
         <path>C:\ti\ccsv8\tools\compiler\ti-cgt-c2000_18.1.3.LTS\lib\</path>
         <kind>archive</kind>
         <file>rts2800_fpu32.lib</file>
         <name>startup.c.obj</name>
      </input_file>
      <input_file id="fl-22">
         <path>C:\ti\ccsv8\tools\compiler\ti-cgt-c2000_18.1.3.LTS\lib\</path>
         <kind>archive</kind>
         <file>rts2800_fpu32.lib</file>
         <name>exit.c.obj</name>
      </input_file>
      <input_file id="fl-23">
         <path>C:\ti\ccsv8\tools\compiler\ti-cgt-c2000_18.1.3.LTS\lib\</path>
         <kind>archive</kind>
         <file>rts2800_fpu32.lib</file>
         <name>_lock.c.obj</name>
      </input_file>
      <input_file id="fl-24">
         <path>C:\ti\ccsv8\tools\compiler\ti-cgt-c2000_18.1.3.LTS\lib\</path>
         <kind>archive</kind>
         <file>rts2800_fpu32.lib</file>
         <name>args_main.c.obj</name>
      </input_file>
   </input_file_list>
   <object_component_list>
      <object_component id="oc-10">
         <name>codestart</name>
         <load_address>0x0</load_address>
         <run_address>0x0</run_address>
         <size>0x2</size>
         <input_file_ref idref="fl-5"/>
      </object_component>
      <object_component id="oc-9a">
         <name>.TI.ramfunc:_Flash_initModule</name>
         <load_address>0xf5</load_address>
         <run_address>0xf5</run_address>
         <size>0x44</size>
         <input_file_ref idref="fl-c"/>
      </object_component>
      <object_component id="oc-ae">
         <name>.TI.ramfunc:_Flash_setBankPowerMode</name>
         <load_address>0x139</load_address>
         <run_address>0x139</run_address>
         <size>0x32</size>
         <input_file_ref idref="fl-c"/>
      </object_component>
      <object_component id="oc-b2">
         <name>.TI.ramfunc:_Flash_setWaitstates</name>
         <load_address>0x16b</load_address>
         <run_address>0x16b</run_address>
         <size>0x26</size>
         <input_file_ref idref="fl-c"/>
      </object_component>
      <object_component id="oc-af">
         <name>.TI.ramfunc:_Flash_setPumpPowerMode</name>
         <load_address>0x191</load_address>
         <run_address>0x191</run_address>
         <size>0x1f</size>
         <input_file_ref idref="fl-c"/>
      </object_component>
      <object_component id="oc-b0">
         <name>.TI.ramfunc:_Flash_disableCache</name>
         <load_address>0x1b0</load_address>
         <run_address>0x1b0</run_address>
         <size>0x18</size>
         <input_file_ref idref="fl-c"/>
      </object_component>
      <object_component id="oc-b1">
         <name>.TI.ramfunc:_Flash_disablePrefetch</name>
         <load_address>0x1c8</load_address>
         <run_address>0x1c8</run_address>
         <size>0x18</size>
         <input_file_ref idref="fl-c"/>
      </object_component>
      <object_component id="oc-b3">
         <name>.TI.ramfunc:_Flash_enableCache</name>
         <load_address>0x1e0</load_address>
         <run_address>0x1e0</run_address>
         <size>0x18</size>
         <input_file_ref idref="fl-c"/>
      </object_component>
      <object_component id="oc-b4">
         <name>.TI.ramfunc:_Flash_enablePrefetch</name>
         <load_address>0x1f8</load_address>
         <run_address>0x1f8</run_address>
         <size>0x18</size>
         <input_file_ref idref="fl-c"/>
      </object_component>
      <object_component id="oc-b5">
         <name>.TI.ramfunc:_Flash_enableECC</name>
         <load_address>0x210</load_address>
         <run_address>0x210</run_address>
         <size>0x17</size>
         <input_file_ref idref="fl-c"/>
      </object_component>
      <object_component id="oc-4a">
         <name>.TI.ramfunc</name>
         <load_address>0x227</load_address>
         <run_address>0x227</run_address>
         <size>0x4</size>
         <input_file_ref idref="fl-10"/>
      </object_component>
      <object_component id="oc-81">
         <name>.text</name>
         <load_address>0x8000</load_address>
         <run_address>0x8000</run_address>
         <size>0x613</size>
         <input_file_ref idref="fl-3"/>
      </object_component>
      <object_component id="oc-92">
         <name>.text</name>
         <load_address>0x8613</load_address>
         <run_address>0x8613</run_address>
         <size>0x4f9</size>
         <input_file_ref idref="fl-2"/>
      </object_component>
      <object_component id="oc-87">
         <name>.text</name>
         <load_address>0x8b0c</load_address>
         <run_address>0x8b0c</run_address>
         <size>0x162</size>
         <input_file_ref idref="fl-4"/>
      </object_component>
      <object_component id="oc-97">
         <name>.text:_SysCtl_setClock</name>
         <load_address>0x8c6e</load_address>
         <run_address>0x8c6e</run_address>
         <size>0xb3</size>
         <input_file_ref idref="fl-10"/>
      </object_component>
      <object_component id="oc-ab">
         <name>.text:_SysCtl_isPLLValid</name>
         <load_address>0x8d21</load_address>
         <run_address>0x8d21</run_address>
         <size>0xa7</size>
         <input_file_ref idref="fl-10"/>
      </object_component>
      <object_component id="oc-57">
         <name>.text</name>
         <load_address>0x8dc8</load_address>
         <run_address>0x8dc8</run_address>
         <size>0x88</size>
         <input_file_ref idref="fl-1d"/>
      </object_component>
      <object_component id="oc-98">
         <name>.text:_SysCtl_getClock</name>
         <load_address>0x8e50</load_address>
         <run_address>0x8e50</run_address>
         <size>0x6e</size>
         <input_file_ref idref="fl-10"/>
      </object_component>
      <object_component id="oc-93">
         <name>.text:_ADC_setVREF</name>
         <load_address>0x8ebe</load_address>
         <run_address>0x8ebe</run_address>
         <size>0x64</size>
         <input_file_ref idref="fl-b"/>
      </object_component>
      <object_component id="oc-c2">
         <name>.text:_DCC_setCounterSeeds</name>
         <load_address>0x8f22</load_address>
         <run_address>0x8f22</run_address>
         <size>0x5e</size>
         <input_file_ref idref="fl-10"/>
      </object_component>
      <object_component id="oc-aa">
         <name>.text:_SysCtl_selectOscSource</name>
         <load_address>0x8f80</load_address>
         <run_address>0x8f80</run_address>
         <size>0x56</size>
         <input_file_ref idref="fl-10"/>
      </object_component>
      <object_component id="oc-50">
         <name>.text</name>
         <load_address>0x8fd6</load_address>
         <run_address>0x8fd6</run_address>
         <size>0x56</size>
         <input_file_ref idref="fl-1c"/>
      </object_component>
      <object_component id="oc-88">
         <name>.text:_Interrupt_initModule</name>
         <load_address>0x902c</load_address>
         <run_address>0x902c</run_address>
         <size>0x54</size>
         <input_file_ref idref="fl-e"/>
      </object_component>
      <object_component id="oc-8a">
         <name>.text:_GPIO_setPadConfig</name>
         <load_address>0x9080</load_address>
         <run_address>0x9080</run_address>
         <size>0x52</size>
         <input_file_ref idref="fl-d"/>
      </object_component>
      <object_component id="oc-90">
         <name>.text:_SCI_clearInterruptStatus</name>
         <load_address>0x90d2</load_address>
         <run_address>0x90d2</run_address>
         <size>0x46</size>
         <input_file_ref idref="fl-f"/>
      </object_component>
      <object_component id="oc-a5">
         <name>.text:_SCI_writeCharArray</name>
         <load_address>0x9118</load_address>
         <run_address>0x9118</run_address>
         <size>0x41</size>
         <input_file_ref idref="fl-f"/>
      </object_component>
      <object_component id="oc-8f">
         <name>.text:_SCI_setConfig</name>
         <load_address>0x9159</load_address>
         <run_address>0x9159</run_address>
         <size>0x40</size>
         <input_file_ref idref="fl-f"/>
      </object_component>
      <object_component id="oc-8b">
         <name>.text:_GPIO_setPinConfig</name>
         <load_address>0x9199</load_address>
         <run_address>0x9199</run_address>
         <size>0x3d</size>
         <input_file_ref idref="fl-d"/>
      </object_component>
      <object_component id="oc-8c">
         <name>.text:_GPIO_setMasterCore</name>
         <load_address>0x91d6</load_address>
         <run_address>0x91d6</run_address>
         <size>0x38</size>
         <input_file_ref idref="fl-d"/>
      </object_component>
      <object_component id="oc-8e">
         <name>.text:_GPIO_setQualificationMode</name>
         <load_address>0x920e</load_address>
         <run_address>0x920e</run_address>
         <size>0x38</size>
         <input_file_ref idref="fl-d"/>
      </object_component>
      <object_component id="oc-91">
         <name>.text:_Interrupt_enable</name>
         <load_address>0x9246</load_address>
         <run_address>0x9246</run_address>
         <size>0x33</size>
         <input_file_ref idref="fl-e"/>
      </object_component>
      <object_component id="oc-1b">
         <name>.text:retain</name>
         <load_address>0x9279</load_address>
         <run_address>0x9279</run_address>
         <size>0x33</size>
         <input_file_ref idref="fl-3"/>
      </object_component>
      <object_component id="oc-8d">
         <name>.text:_GPIO_setDirectionMode</name>
         <load_address>0x92ac</load_address>
         <run_address>0x92ac</run_address>
         <size>0x31</size>
         <input_file_ref idref="fl-d"/>
      </object_component>
      <object_component id="oc-86">
         <name>.text</name>
         <load_address>0x92dd</load_address>
         <run_address>0x92dd</run_address>
         <size>0x29</size>
         <input_file_ref idref="fl-22"/>
      </object_component>
      <object_component id="oc-c3">
         <name>.text:_DCC_enableSingleShotMode</name>
         <load_address>0x9306</load_address>
         <run_address>0x9306</run_address>
         <size>0x25</size>
         <input_file_ref idref="fl-10"/>
      </object_component>
      <object_component id="oc-ba">
         <name>.text:_SysCtl_selectXTAL</name>
         <load_address>0x932b</load_address>
         <run_address>0x932b</run_address>
         <size>0x24</size>
         <input_file_ref idref="fl-10"/>
      </object_component>
      <object_component id="oc-83">
         <name>.text</name>
         <load_address>0x934f</load_address>
         <run_address>0x934f</run_address>
         <size>0x24</size>
         <input_file_ref idref="fl-1e"/>
      </object_component>
      <object_component id="oc-b6">
         <name>.text:_SCI_isFIFOEnabled</name>
         <load_address>0x9373</load_address>
         <run_address>0x9373</run_address>
         <size>0x22</size>
         <input_file_ref idref="fl-f"/>
      </object_component>
      <object_component id="oc-c6">
         <name>.text:_SysCtl_pollX1Counter</name>
         <load_address>0x9395</load_address>
         <run_address>0x9395</run_address>
         <size>0x22</size>
         <input_file_ref idref="fl-10"/>
      </object_component>
      <object_component id="oc-89">
         <name>.text:_Interrupt_initVectorTable</name>
         <load_address>0x93b7</load_address>
         <run_address>0x93b7</run_address>
         <size>0x20</size>
         <input_file_ref idref="fl-e"/>
      </object_component>
      <object_component id="oc-c1">
         <name>.text:_DCC_setCounter1ClkSource</name>
         <load_address>0x93d7</load_address>
         <run_address>0x93d7</run_address>
         <size>0x1f</size>
         <input_file_ref idref="fl-10"/>
      </object_component>
      <object_component id="oc-c0">
         <name>.text:_DCC_setCounter0ClkSource</name>
         <load_address>0x93f6</load_address>
         <run_address>0x93f6</run_address>
         <size>0x1d</size>
         <input_file_ref idref="fl-10"/>
      </object_component>
      <object_component id="oc-94">
         <name>.text</name>
         <load_address>0x9413</load_address>
         <run_address>0x9413</run_address>
         <size>0x1d</size>
         <input_file_ref idref="fl-1f"/>
      </object_component>
      <object_component id="oc-b8">
         <name>.text:_SCI_isSpaceAvailableNonFIFO</name>
         <load_address>0x9430</load_address>
         <run_address>0x9430</run_address>
         <size>0x1b</size>
         <input_file_ref idref="fl-f"/>
      </object_component>
      <object_component id="oc-a6">
         <name>.text:_ADC_isBaseValid</name>
         <load_address>0x944b</load_address>
         <run_address>0x944b</run_address>
         <size>0x1a</size>
         <input_file_ref idref="fl-b"/>
      </object_component>
      <object_component id="oc-99">
         <name>.text:_SysCtl_getLowSpeedClock</name>
         <load_address>0x9465</load_address>
         <run_address>0x9465</run_address>
         <size>0x1a</size>
         <input_file_ref idref="fl-10"/>
      </object_component>
      <object_component id="oc-bb">
         <name>.text:_SysCtl_selectXTALSingleEnded</name>
         <load_address>0x947f</load_address>
         <run_address>0x947f</run_address>
         <size>0x1a</size>
         <input_file_ref idref="fl-10"/>
      </object_component>
      <object_component id="oc-a1">
         <name>.text:_SCI_disableModule</name>
         <load_address>0x9499</load_address>
         <run_address>0x9499</run_address>
         <size>0x19</size>
         <input_file_ref idref="fl-f"/>
      </object_component>
      <object_component id="oc-a3">
         <name>.text:_SCI_performSoftwareReset</name>
         <load_address>0x94b2</load_address>
         <run_address>0x94b2</run_address>
         <size>0x19</size>
         <input_file_ref idref="fl-f"/>
      </object_component>
      <object_component id="oc-85">
         <name>.text</name>
         <load_address>0x94cb</load_address>
         <run_address>0x94cb</run_address>
         <size>0x19</size>
         <input_file_ref idref="fl-24"/>
      </object_component>
      <object_component id="oc-bf">
         <name>.text:_DCC_enableDoneSignal</name>
         <load_address>0x94e4</load_address>
         <run_address>0x94e4</run_address>
         <size>0x17</size>
         <input_file_ref idref="fl-10"/>
      </object_component>
      <object_component id="oc-bc">
         <name>.text:_SysCtl_enablePeripheral</name>
         <load_address>0x94fb</load_address>
         <run_address>0x94fb</run_address>
         <size>0x17</size>
         <input_file_ref idref="fl-10"/>
      </object_component>
      <object_component id="oc-be">
         <name>.text:_DCC_disableErrorSignal</name>
         <load_address>0x9512</load_address>
         <run_address>0x9512</run_address>
         <size>0x16</size>
         <input_file_ref idref="fl-10"/>
      </object_component>
      <object_component id="oc-c4">
         <name>.text:_DCC_enableErrorSignal</name>
         <load_address>0x9528</load_address>
         <run_address>0x9528</run_address>
         <size>0x16</size>
         <input_file_ref idref="fl-10"/>
      </object_component>
      <object_component id="oc-b7">
         <name>.text:_SCI_getTxFIFOStatus</name>
         <load_address>0x953e</load_address>
         <run_address>0x953e</run_address>
         <size>0x15</size>
         <input_file_ref idref="fl-f"/>
      </object_component>
      <object_component id="oc-a0">
         <name>.text:_SCI_isBaseValid</name>
         <load_address>0x9553</load_address>
         <run_address>0x9553</run_address>
         <size>0x15</size>
         <input_file_ref idref="fl-f"/>
      </object_component>
      <object_component id="oc-bd">
         <name>.text:_DCC_disableModule</name>
         <load_address>0x9568</load_address>
         <run_address>0x9568</run_address>
         <size>0x14</size>
         <input_file_ref idref="fl-10"/>
      </object_component>
      <object_component id="oc-c5">
         <name>.text:_DCC_enableModule</name>
         <load_address>0x957c</load_address>
         <run_address>0x957c</run_address>
         <size>0x14</size>
         <input_file_ref idref="fl-10"/>
      </object_component>
      <object_component id="oc-9f">
         <name>.text:_GPIO_isPinValid</name>
         <load_address>0x9590</load_address>
         <run_address>0x9590</run_address>
         <size>0x14</size>
         <input_file_ref idref="fl-d"/>
      </object_component>
      <object_component id="oc-a2">
         <name>.text:_SCI_enableModule</name>
         <load_address>0x95a4</load_address>
         <run_address>0x95a4</run_address>
         <size>0x14</size>
         <input_file_ref idref="fl-f"/>
      </object_component>
      <object_component id="oc-c8">
         <name>.text:_DCC_isBaseValid</name>
         <load_address>0x95b8</load_address>
         <run_address>0x95b8</run_address>
         <size>0x10</size>
         <input_file_ref idref="fl-10"/>
      </object_component>
      <object_component id="oc-ac">
         <name>.text:_Flash_isCtrlBaseValid</name>
         <load_address>0x95c8</load_address>
         <run_address>0x95c8</run_address>
         <size>0x10</size>
         <input_file_ref idref="fl-c"/>
      </object_component>
      <object_component id="oc-ad">
         <name>.text:_Flash_isECCBaseValid</name>
         <load_address>0x95d8</load_address>
         <run_address>0x95d8</run_address>
         <size>0x10</size>
         <input_file_ref idref="fl-c"/>
      </object_component>
      <object_component id="oc-9c">
         <name>.text:_Interrupt_defaultHandler</name>
         <load_address>0x95e8</load_address>
         <run_address>0x95e8</run_address>
         <size>0xe</size>
         <input_file_ref idref="fl-e"/>
      </object_component>
      <object_component id="oc-9b">
         <name>.text:_Interrupt_disableMaster</name>
         <load_address>0x95f6</load_address>
         <run_address>0x95f6</run_address>
         <size>0xd</size>
         <input_file_ref idref="fl-e"/>
      </object_component>
      <object_component id="oc-a4">
         <name>.text:_Interrupt_enableMaster</name>
         <load_address>0x9603</load_address>
         <run_address>0x9603</run_address>
         <size>0xd</size>
         <input_file_ref idref="fl-e"/>
      </object_component>
      <object_component id="oc-a9">
         <name>.text:_SysCtl_isMCDClockFailureDetected</name>
         <load_address>0x9610</load_address>
         <run_address>0x9610</run_address>
         <size>0xb</size>
         <input_file_ref idref="fl-10"/>
      </object_component>
      <object_component id="oc-a7">
         <name>.text</name>
         <load_address>0x961b</load_address>
         <run_address>0x961b</run_address>
         <size>0x9</size>
         <input_file_ref idref="fl-23"/>
      </object_component>
      <object_component id="oc-c7">
         <name>.text:_SysCtl_resetMCD</name>
         <load_address>0x9624</load_address>
         <run_address>0x9624</run_address>
         <size>0x7</size>
         <input_file_ref idref="fl-10"/>
      </object_component>
      <object_component id="oc-9e">
         <name>.text:_Interrupt_illegalOperationHandler</name>
         <load_address>0x962b</load_address>
         <run_address>0x962b</run_address>
         <size>0x2</size>
         <input_file_ref idref="fl-e"/>
      </object_component>
      <object_component id="oc-9d">
         <name>.text:_Interrupt_nmiHandler</name>
         <load_address>0x962d</load_address>
         <run_address>0x962d</run_address>
         <size>0x2</size>
         <input_file_ref idref="fl-e"/>
      </object_component>
      <object_component id="oc-82">
         <name>.text</name>
         <load_address>0x962f</load_address>
         <run_address>0x962f</run_address>
         <size>0x2</size>
         <input_file_ref idref="fl-20"/>
      </object_component>
      <object_component id="oc-84">
         <name>.text</name>
         <load_address>0x9631</load_address>
         <run_address>0x9631</run_address>
         <size>0x1</size>
         <input_file_ref idref="fl-21"/>
      </object_component>
      <object_component id="oc-12">
         <name>.cinit</name>
         <load_address>0x22b</load_address>
         <run_address>0x22b</run_address>
         <size>0x11</size>
         <input_file_ref idref="fl-2"/>
      </object_component>
      <object_component id="oc-71">
         <name>.cinit</name>
         <load_address>0x23c</load_address>
         <run_address>0x23c</run_address>
         <size>0xe</size>
         <input_file_ref idref="fl-22"/>
      </object_component>
      <object_component id="oc-96">
         <name>.cinit:__lock</name>
         <load_address>0x24a</load_address>
         <run_address>0x24a</run_address>
         <size>0x5</size>
         <input_file_ref idref="fl-23"/>
      </object_component>
      <object_component id="oc-a8">
         <name>.cinit:__unlock</name>
         <load_address>0x24f</load_address>
         <run_address>0x24f</run_address>
         <size>0x5</size>
         <input_file_ref idref="fl-23"/>
      </object_component>
      <object_component id="oc-52">
         <name>.reset</name>
         <load_address>0x3fffc0</load_address>
         <run_address>0x3fffc0</run_address>
         <size>0x2</size>
         <input_file_ref idref="fl-1c"/>
      </object_component>
      <object_component id="oc-51">
         <name>.stack</name>
         <uninitialized>true</uninitialized>
         <run_address>0x400</run_address>
         <size>0x0</size>
         <input_file_ref idref="fl-1c"/>
      </object_component>
      <object_component id="oc-e2">
         <name>.stack</name>
         <uninitialized>true</uninitialized>
         <run_address>0x400</run_address>
         <size>0x0</size>
      </object_component>
      <object_component id="oc-13">
         <name>.ebss</name>
         <uninitialized>true</uninitialized>
         <run_address>0x9ea2</run_address>
         <size>0xe</size>
         <input_file_ref idref="fl-2"/>
      </object_component>
      <object_component id="oc-1a">
         <name>.ebss</name>
         <uninitialized>true</uninitialized>
         <run_address>0x9eb0</run_address>
         <size>0xa</size>
         <input_file_ref idref="fl-3"/>
      </object_component>
      <object_component id="oc-72">
         <name>.ebss</name>
         <uninitialized>true</uninitialized>
         <run_address>0x9eba</run_address>
         <size>0x6</size>
         <input_file_ref idref="fl-22"/>
      </object_component>
      <object_component id="oc-b9">
         <name>.ebss:__unlock</name>
         <uninitialized>true</uninitialized>
         <run_address>0x9ec2</run_address>
         <size>0x2</size>
         <input_file_ref idref="fl-23"/>
      </object_component>
      <object_component id="oc-95">
         <name>.ebss:__lock</name>
         <uninitialized>true</uninitialized>
         <run_address>0x9ec0</run_address>
         <size>0x2</size>
         <input_file_ref idref="fl-23"/>
      </object_component>
      <object_component id="oc-14">
         <name>.econst:.string</name>
         <load_address>0x9632</load_address>
         <run_address>0x9632</run_address>
         <size>0x3e4</size>
         <input_file_ref idref="fl-2"/>
      </object_component>
      <object_component id="oc-1c">
         <name>.econst:.string</name>
         <load_address>0x9a16</load_address>
         <run_address>0x9a16</run_address>
         <size>0x10f</size>
         <input_file_ref idref="fl-3"/>
      </object_component>
      <object_component id="oc-32">
         <name>.econst:.string</name>
         <load_address>0x9b26</load_address>
         <run_address>0x9b26</run_address>
         <size>0xaf</size>
         <input_file_ref idref="fl-c"/>
      </object_component>
      <object_component id="oc-4b">
         <name>.econst:.string</name>
         <load_address>0x9bd6</load_address>
         <run_address>0x9bd6</run_address>
         <size>0xae</size>
         <input_file_ref idref="fl-10"/>
      </object_component>
      <object_component id="oc-38">
         <name>.econst:.string</name>
         <load_address>0x9c84</load_address>
         <run_address>0x9c84</run_address>
         <size>0xac</size>
         <input_file_ref idref="fl-d"/>
      </object_component>
      <object_component id="oc-44">
         <name>.econst:.string</name>
         <load_address>0x9d30</load_address>
         <run_address>0x9d30</run_address>
         <size>0xab</size>
         <input_file_ref idref="fl-f"/>
      </object_component>
      <object_component id="oc-3e">
         <name>.econst:.string</name>
         <load_address>0x9ddc</load_address>
         <run_address>0x9ddc</run_address>
         <size>0x5b</size>
         <input_file_ref idref="fl-e"/>
      </object_component>
      <object_component id="oc-2c">
         <name>.econst:.string</name>
         <load_address>0x9e38</load_address>
         <run_address>0x9e38</run_address>
         <size>0x55</size>
         <input_file_ref idref="fl-b"/>
      </object_component>
      <object_component id="oc-22">
         <name>.econst:.string</name>
         <load_address>0x9e8e</load_address>
         <run_address>0x9e8e</run_address>
         <size>0x13</size>
         <input_file_ref idref="fl-4"/>
      </object_component>
      <object_component id="oc-11">
         <name>.debug_info</name>
         <load_address>0x0</load_address>
         <run_address>0x0</run_address>
         <size>0x21eb</size>
         <input_file_ref idref="fl-2"/>
      </object_component>
      <object_component id="oc-19">
         <name>.debug_info</name>
         <load_address>0x21eb</load_address>
         <run_address>0x21eb</run_address>
         <size>0x56ca</size>
         <input_file_ref idref="fl-3"/>
      </object_component>
      <object_component id="oc-21">
         <name>.debug_info</name>
         <load_address>0x78b5</load_address>
         <run_address>0x78b5</run_address>
         <size>0x1a0a</size>
         <input_file_ref idref="fl-4"/>
      </object_component>
      <object_component id="oc-27">
         <name>.debug_info</name>
         <load_address>0x92bf</load_address>
         <run_address>0x92bf</run_address>
         <size>0x106</size>
         <input_file_ref idref="fl-5"/>
      </object_component>
      <object_component id="oc-2b">
         <name>.debug_info</name>
         <load_address>0x93c5</load_address>
         <run_address>0x93c5</run_address>
         <size>0x869</size>
         <input_file_ref idref="fl-b"/>
      </object_component>
      <object_component id="oc-31">
         <name>.debug_info</name>
         <load_address>0x9c2e</load_address>
         <run_address>0x9c2e</run_address>
         <size>0x15f7</size>
         <input_file_ref idref="fl-c"/>
      </object_component>
      <object_component id="oc-37">
         <name>.debug_info</name>
         <load_address>0xb225</load_address>
         <run_address>0xb225</run_address>
         <size>0x1062</size>
         <input_file_ref idref="fl-d"/>
      </object_component>
      <object_component id="oc-3d">
         <name>.debug_info</name>
         <load_address>0xc287</load_address>
         <run_address>0xc287</run_address>
         <size>0xdfc</size>
         <input_file_ref idref="fl-e"/>
      </object_component>
      <object_component id="oc-43">
         <name>.debug_info</name>
         <load_address>0xd083</load_address>
         <run_address>0xd083</run_address>
         <size>0x146a</size>
         <input_file_ref idref="fl-f"/>
      </object_component>
      <object_component id="oc-49">
         <name>.debug_info</name>
         <load_address>0xe4ed</load_address>
         <run_address>0xe4ed</run_address>
         <size>0x2c84</size>
         <input_file_ref idref="fl-10"/>
      </object_component>
      <object_component id="oc-53">
         <name>.debug_info</name>
         <load_address>0x11171</load_address>
         <run_address>0x11171</run_address>
         <size>0x16b</size>
         <input_file_ref idref="fl-1c"/>
      </object_component>
      <object_component id="oc-58">
         <name>.debug_info</name>
         <load_address>0x112dc</load_address>
         <run_address>0x112dc</run_address>
         <size>0x10c</size>
         <input_file_ref idref="fl-1d"/>
      </object_component>
      <object_component id="oc-5c">
         <name>.debug_info</name>
         <load_address>0x113e8</load_address>
         <run_address>0x113e8</run_address>
         <size>0x57f</size>
         <input_file_ref idref="fl-1e"/>
      </object_component>
      <object_component id="oc-61">
         <name>.debug_info</name>
         <load_address>0x11967</load_address>
         <run_address>0x11967</run_address>
         <size>0x47a</size>
         <input_file_ref idref="fl-1f"/>
      </object_component>
      <object_component id="oc-66">
         <name>.debug_info</name>
         <load_address>0x11de1</load_address>
         <run_address>0x11de1</run_address>
         <size>0x3ed</size>
         <input_file_ref idref="fl-20"/>
      </object_component>
      <object_component id="oc-6b">
         <name>.debug_info</name>
         <load_address>0x121ce</load_address>
         <run_address>0x121ce</run_address>
         <size>0x3ea</size>
         <input_file_ref idref="fl-21"/>
      </object_component>
      <object_component id="oc-70">
         <name>.debug_info</name>
         <load_address>0x125b8</load_address>
         <run_address>0x125b8</run_address>
         <size>0x584</size>
         <input_file_ref idref="fl-22"/>
      </object_component>
      <object_component id="oc-77">
         <name>.debug_info</name>
         <load_address>0x12b3c</load_address>
         <run_address>0x12b3c</run_address>
         <size>0x50c</size>
         <input_file_ref idref="fl-23"/>
      </object_component>
      <object_component id="oc-7c">
         <name>.debug_info</name>
         <load_address>0x13048</load_address>
         <run_address>0x13048</run_address>
         <size>0x4a7</size>
         <input_file_ref idref="fl-24"/>
      </object_component>
      <object_component id="oc-e3">
         <name>.debug_info</name>
         <load_address>0x134ef</load_address>
         <run_address>0x134ef</run_address>
         <size>0xad</size>
      </object_component>
      <object_component id="oc-15">
         <name>.debug_frame</name>
         <load_address>0x0</load_address>
         <run_address>0x0</run_address>
         <size>0x24c</size>
         <input_file_ref idref="fl-2"/>
      </object_component>
      <object_component id="oc-1d">
         <name>.debug_frame</name>
         <load_address>0x24c</load_address>
         <run_address>0x24c</run_address>
         <size>0x500</size>
         <input_file_ref idref="fl-3"/>
      </object_component>
      <object_component id="oc-23">
         <name>.debug_frame</name>
         <load_address>0x74c</load_address>
         <run_address>0x74c</run_address>
         <size>0x104</size>
         <input_file_ref idref="fl-4"/>
      </object_component>
      <object_component id="oc-2d">
         <name>.debug_frame</name>
         <load_address>0xab8</load_address>
         <run_address>0xab8</run_address>
         <size>0xc3</size>
         <input_file_ref idref="fl-b"/>
      </object_component>
      <object_component id="oc-33">
         <name>.debug_frame</name>
         <load_address>0xb7b</load_address>
         <run_address>0xb7b</run_address>
         <size>0x1b6</size>
         <input_file_ref idref="fl-c"/>
      </object_component>
      <object_component id="oc-39">
         <name>.debug_frame</name>
         <load_address>0xd31</load_address>
         <run_address>0xd31</run_address>
         <size>0x12f</size>
         <input_file_ref idref="fl-d"/>
      </object_component>
      <object_component id="oc-3f">
         <name>.debug_frame</name>
         <load_address>0xe60</load_address>
         <run_address>0xe60</run_address>
         <size>0x144</size>
         <input_file_ref idref="fl-e"/>
      </object_component>
      <object_component id="oc-45">
         <name>.debug_frame</name>
         <load_address>0xfa4</load_address>
         <run_address>0xfa4</run_address>
         <size>0x19b</size>
         <input_file_ref idref="fl-f"/>
      </object_component>
      <object_component id="oc-4c">
         <name>.debug_frame</name>
         <load_address>0x113f</load_address>
         <run_address>0x113f</run_address>
         <size>0x2b0</size>
         <input_file_ref idref="fl-10"/>
      </object_component>
      <object_component id="oc-5d">
         <name>.debug_frame</name>
         <load_address>0x850</load_address>
         <run_address>0x850</run_address>
         <size>0x68</size>
         <input_file_ref idref="fl-1e"/>
      </object_component>
      <object_component id="oc-62">
         <name>.debug_frame</name>
         <load_address>0x8b8</load_address>
         <run_address>0x8b8</run_address>
         <size>0x48</size>
         <input_file_ref idref="fl-1f"/>
      </object_component>
      <object_component id="oc-67">
         <name>.debug_frame</name>
         <load_address>0x900</load_address>
         <run_address>0x900</run_address>
         <size>0x48</size>
         <input_file_ref idref="fl-20"/>
      </object_component>
      <object_component id="oc-6c">
         <name>.debug_frame</name>
         <load_address>0x948</load_address>
         <run_address>0x948</run_address>
         <size>0x48</size>
         <input_file_ref idref="fl-21"/>
      </object_component>
      <object_component id="oc-73">
         <name>.debug_frame</name>
         <load_address>0x990</load_address>
         <run_address>0x990</run_address>
         <size>0x68</size>
         <input_file_ref idref="fl-22"/>
      </object_component>
      <object_component id="oc-78">
         <name>.debug_frame</name>
         <load_address>0x9f8</load_address>
         <run_address>0x9f8</run_address>
         <size>0x78</size>
         <input_file_ref idref="fl-23"/>
      </object_component>
      <object_component id="oc-7d">
         <name>.debug_frame</name>
         <load_address>0xa70</load_address>
         <run_address>0xa70</run_address>
         <size>0x48</size>
         <input_file_ref idref="fl-24"/>
      </object_component>
      <object_component id="oc-16">
         <name>.debug_line</name>
         <load_address>0x0</load_address>
         <run_address>0x0</run_address>
         <size>0x533</size>
         <input_file_ref idref="fl-2"/>
      </object_component>
      <object_component id="oc-1e">
         <name>.debug_line</name>
         <load_address>0x533</load_address>
         <run_address>0x533</run_address>
         <size>0x701</size>
         <input_file_ref idref="fl-3"/>
      </object_component>
      <object_component id="oc-24">
         <name>.debug_line</name>
         <load_address>0xc34</load_address>
         <run_address>0xc34</run_address>
         <size>0x1e3</size>
         <input_file_ref idref="fl-4"/>
      </object_component>
      <object_component id="oc-28">
         <name>.debug_line</name>
         <load_address>0xe17</load_address>
         <run_address>0xe17</run_address>
         <size>0x54</size>
         <input_file_ref idref="fl-5"/>
      </object_component>
      <object_component id="oc-2e">
         <name>.debug_line</name>
         <load_address>0xe6b</load_address>
         <run_address>0xe6b</run_address>
         <size>0x13c</size>
         <input_file_ref idref="fl-b"/>
      </object_component>
      <object_component id="oc-34">
         <name>.debug_line</name>
         <load_address>0xfa7</load_address>
         <run_address>0xfa7</run_address>
         <size>0x20a</size>
         <input_file_ref idref="fl-c"/>
      </object_component>
      <object_component id="oc-3a">
         <name>.debug_line</name>
         <load_address>0x11b1</load_address>
         <run_address>0x11b1</run_address>
         <size>0x238</size>
         <input_file_ref idref="fl-d"/>
      </object_component>
      <object_component id="oc-40">
         <name>.debug_line</name>
         <load_address>0x13e9</load_address>
         <run_address>0x13e9</run_address>
         <size>0x1f8</size>
         <input_file_ref idref="fl-e"/>
      </object_component>
      <object_component id="oc-46">
         <name>.debug_line</name>
         <load_address>0x15e1</load_address>
         <run_address>0x15e1</run_address>
         <size>0x224</size>
         <input_file_ref idref="fl-f"/>
      </object_component>
      <object_component id="oc-4d">
         <name>.debug_line</name>
         <load_address>0x1805</load_address>
         <run_address>0x1805</run_address>
         <size>0x574</size>
         <input_file_ref idref="fl-10"/>
      </object_component>
      <object_component id="oc-54">
         <name>.debug_line</name>
         <load_address>0x1d79</load_address>
         <run_address>0x1d79</run_address>
         <size>0x7e</size>
         <input_file_ref idref="fl-1c"/>
      </object_component>
      <object_component id="oc-59">
         <name>.debug_line</name>
         <load_address>0x1df7</load_address>
         <run_address>0x1df7</run_address>
         <size>0xad</size>
         <input_file_ref idref="fl-1d"/>
      </object_component>
      <object_component id="oc-5e">
         <name>.debug_line</name>
         <load_address>0x1ea4</load_address>
         <run_address>0x1ea4</run_address>
         <size>0x50</size>
         <input_file_ref idref="fl-1e"/>
      </object_component>
      <object_component id="oc-63">
         <name>.debug_line</name>
         <load_address>0x1ef4</load_address>
         <run_address>0x1ef4</run_address>
         <size>0x62</size>
         <input_file_ref idref="fl-1f"/>
      </object_component>
      <object_component id="oc-68">
         <name>.debug_line</name>
         <load_address>0x1f56</load_address>
         <run_address>0x1f56</run_address>
         <size>0x3e</size>
         <input_file_ref idref="fl-20"/>
      </object_component>
      <object_component id="oc-6d">
         <name>.debug_line</name>
         <load_address>0x1f94</load_address>
         <run_address>0x1f94</run_address>
         <size>0x3a</size>
         <input_file_ref idref="fl-21"/>
      </object_component>
      <object_component id="oc-74">
         <name>.debug_line</name>
         <load_address>0x1fce</load_address>
         <run_address>0x1fce</run_address>
         <size>0x65</size>
         <input_file_ref idref="fl-22"/>
      </object_component>
      <object_component id="oc-79">
         <name>.debug_line</name>
         <load_address>0x2033</load_address>
         <run_address>0x2033</run_address>
         <size>0x5e</size>
         <input_file_ref idref="fl-23"/>
      </object_component>
      <object_component id="oc-7e">
         <name>.debug_line</name>
         <load_address>0x2091</load_address>
         <run_address>0x2091</run_address>
         <size>0x55</size>
         <input_file_ref idref="fl-24"/>
      </object_component>
      <object_component id="oc-17">
         <name>.debug_abbrev</name>
         <load_address>0x0</load_address>
         <run_address>0x0</run_address>
         <size>0x1b8</size>
         <input_file_ref idref="fl-2"/>
      </object_component>
      <object_component id="oc-1f">
         <name>.debug_abbrev</name>
         <load_address>0x1b8</load_address>
         <run_address>0x1b8</run_address>
         <size>0x21c</size>
         <input_file_ref idref="fl-3"/>
      </object_component>
      <object_component id="oc-25">
         <name>.debug_abbrev</name>
         <load_address>0x3d4</load_address>
         <run_address>0x3d4</run_address>
         <size>0x11a</size>
         <input_file_ref idref="fl-4"/>
      </object_component>
      <object_component id="oc-29">
         <name>.debug_abbrev</name>
         <load_address>0x4ee</load_address>
         <run_address>0x4ee</run_address>
         <size>0x21</size>
         <input_file_ref idref="fl-5"/>
      </object_component>
      <object_component id="oc-2f">
         <name>.debug_abbrev</name>
         <load_address>0x50f</load_address>
         <run_address>0x50f</run_address>
         <size>0xff</size>
         <input_file_ref idref="fl-b"/>
      </object_component>
      <object_component id="oc-35">
         <name>.debug_abbrev</name>
         <load_address>0x60e</load_address>
         <run_address>0x60e</run_address>
         <size>0x149</size>
         <input_file_ref idref="fl-c"/>
      </object_component>
      <object_component id="oc-3b">
         <name>.debug_abbrev</name>
         <load_address>0x757</load_address>
         <run_address>0x757</run_address>
         <size>0x1d6</size>
         <input_file_ref idref="fl-d"/>
      </object_component>
      <object_component id="oc-41">
         <name>.debug_abbrev</name>
         <load_address>0x92d</load_address>
         <run_address>0x92d</run_address>
         <size>0x193</size>
         <input_file_ref idref="fl-e"/>
      </object_component>
      <object_component id="oc-47">
         <name>.debug_abbrev</name>
         <load_address>0xac0</load_address>
         <run_address>0xac0</run_address>
         <size>0x19d</size>
         <input_file_ref idref="fl-f"/>
      </object_component>
      <object_component id="oc-4e">
         <name>.debug_abbrev</name>
         <load_address>0xc5d</load_address>
         <run_address>0xc5d</run_address>
         <size>0x219</size>
         <input_file_ref idref="fl-10"/>
      </object_component>
      <object_component id="oc-55">
         <name>.debug_abbrev</name>
         <load_address>0xe76</load_address>
         <run_address>0xe76</run_address>
         <size>0x46</size>
         <input_file_ref idref="fl-1c"/>
      </object_component>
      <object_component id="oc-5a">
         <name>.debug_abbrev</name>
         <load_address>0xebc</load_address>
         <run_address>0xebc</run_address>
         <size>0x38</size>
         <input_file_ref idref="fl-1d"/>
      </object_component>
      <object_component id="oc-5f">
         <name>.debug_abbrev</name>
         <load_address>0xef4</load_address>
         <run_address>0xef4</run_address>
         <size>0xe3</size>
         <input_file_ref idref="fl-1e"/>
      </object_component>
      <object_component id="oc-64">
         <name>.debug_abbrev</name>
         <load_address>0xfd7</load_address>
         <run_address>0xfd7</run_address>
         <size>0xa8</size>
         <input_file_ref idref="fl-1f"/>
      </object_component>
      <object_component id="oc-69">
         <name>.debug_abbrev</name>
         <load_address>0x107f</load_address>
         <run_address>0x107f</run_address>
         <size>0x68</size>
         <input_file_ref idref="fl-20"/>
      </object_component>
      <object_component id="oc-6e">
         <name>.debug_abbrev</name>
         <load_address>0x10e7</load_address>
         <run_address>0x10e7</run_address>
         <size>0x66</size>
         <input_file_ref idref="fl-21"/>
      </object_component>
      <object_component id="oc-75">
         <name>.debug_abbrev</name>
         <load_address>0x114d</load_address>
         <run_address>0x114d</run_address>
         <size>0x130</size>
         <input_file_ref idref="fl-22"/>
      </object_component>
      <object_component id="oc-7a">
         <name>.debug_abbrev</name>
         <load_address>0x127d</load_address>
         <run_address>0x127d</run_address>
         <size>0xb2</size>
         <input_file_ref idref="fl-23"/>
      </object_component>
      <object_component id="oc-7f">
         <name>.debug_abbrev</name>
         <load_address>0x132f</load_address>
         <run_address>0x132f</run_address>
         <size>0xee</size>
         <input_file_ref idref="fl-24"/>
      </object_component>
      <object_component id="oc-e4">
         <name>.debug_abbrev</name>
         <load_address>0x141d</load_address>
         <run_address>0x141d</run_address>
         <size>0xf</size>
      </object_component>
      <object_component id="oc-18">
         <name>.debug_aranges</name>
         <load_address>0x0</load_address>
         <run_address>0x0</run_address>
         <size>0xb8</size>
         <input_file_ref idref="fl-2"/>
      </object_component>
      <object_component id="oc-20">
         <name>.debug_aranges</name>
         <load_address>0xb8</load_address>
         <run_address>0xb8</run_address>
         <size>0x158</size>
         <input_file_ref idref="fl-3"/>
      </object_component>
      <object_component id="oc-26">
         <name>.debug_aranges</name>
         <load_address>0x210</load_address>
         <run_address>0x210</run_address>
         <size>0x58</size>
         <input_file_ref idref="fl-4"/>
      </object_component>
      <object_component id="oc-2a">
         <name>.debug_aranges</name>
         <load_address>0x268</load_address>
         <run_address>0x268</run_address>
         <size>0x20</size>
         <input_file_ref idref="fl-5"/>
      </object_component>
      <object_component id="oc-30">
         <name>.debug_aranges</name>
         <load_address>0x288</load_address>
         <run_address>0x288</run_address>
         <size>0x28</size>
         <input_file_ref idref="fl-b"/>
      </object_component>
      <object_component id="oc-36">
         <name>.debug_aranges</name>
         <load_address>0x2b0</load_address>
         <run_address>0x2b0</run_address>
         <size>0x70</size>
         <input_file_ref idref="fl-c"/>
      </object_component>
      <object_component id="oc-3c">
         <name>.debug_aranges</name>
         <load_address>0x320</load_address>
         <run_address>0x320</run_address>
         <size>0x48</size>
         <input_file_ref idref="fl-d"/>
      </object_component>
      <object_component id="oc-42">
         <name>.debug_aranges</name>
         <load_address>0x368</load_address>
         <run_address>0x368</run_address>
         <size>0x58</size>
         <input_file_ref idref="fl-e"/>
      </object_component>
      <object_component id="oc-48">
         <name>.debug_aranges</name>
         <load_address>0x3c0</load_address>
         <run_address>0x3c0</run_address>
         <size>0x68</size>
         <input_file_ref idref="fl-f"/>
      </object_component>
      <object_component id="oc-4f">
         <name>.debug_aranges</name>
         <load_address>0x428</load_address>
         <run_address>0x428</run_address>
         <size>0xc0</size>
         <input_file_ref idref="fl-10"/>
      </object_component>
      <object_component id="oc-56">
         <name>.debug_aranges</name>
         <load_address>0x4e8</load_address>
         <run_address>0x4e8</run_address>
         <size>0x20</size>
         <input_file_ref idref="fl-1c"/>
      </object_component>
      <object_component id="oc-5b">
         <name>.debug_aranges</name>
         <load_address>0x508</load_address>
         <run_address>0x508</run_address>
         <size>0x20</size>
         <input_file_ref idref="fl-1d"/>
      </object_component>
      <object_component id="oc-60">
         <name>.debug_aranges</name>
         <load_address>0x528</load_address>
         <run_address>0x528</run_address>
         <size>0x20</size>
         <input_file_ref idref="fl-1e"/>
      </object_component>
      <object_component id="oc-65">
         <name>.debug_aranges</name>
         <load_address>0x548</load_address>
         <run_address>0x548</run_address>
         <size>0x20</size>
         <input_file_ref idref="fl-1f"/>
      </object_component>
      <object_component id="oc-6a">
         <name>.debug_aranges</name>
         <load_address>0x568</load_address>
         <run_address>0x568</run_address>
         <size>0x20</size>
         <input_file_ref idref="fl-20"/>
      </object_component>
      <object_component id="oc-6f">
         <name>.debug_aranges</name>
         <load_address>0x588</load_address>
         <run_address>0x588</run_address>
         <size>0x20</size>
         <input_file_ref idref="fl-21"/>
      </object_component>
      <object_component id="oc-76">
         <name>.debug_aranges</name>
         <load_address>0x5a8</load_address>
         <run_address>0x5a8</run_address>
         <size>0x28</size>
         <input_file_ref idref="fl-22"/>
      </object_component>
      <object_component id="oc-7b">
         <name>.debug_aranges</name>
         <load_address>0x5d0</load_address>
         <run_address>0x5d0</run_address>
         <size>0x30</size>
         <input_file_ref idref="fl-23"/>
      </object_component>
      <object_component id="oc-80">
         <name>.debug_aranges</name>
         <load_address>0x600</load_address>
         <run_address>0x600</run_address>
         <size>0x20</size>
         <input_file_ref idref="fl-24"/>
      </object_component>
   </object_component_list>
   <logical_group_list>
      <logical_group id="lg-2" display="no" color="cyan">
         <name>codestart</name>
         <load_address>0x0</load_address>
         <run_address>0x0</run_address>
         <size>0x2</size>
         <contents>
            <object_component_ref idref="oc-10"/>
         </contents>
      </logical_group>
      <logical_group id="lg-3" display="no" color="cyan">
         <name>.TI.ramfunc</name>
         <load_address>0xf5</load_address>
         <run_address>0xf5</run_address>
         <size>0x136</size>
         <contents>
            <object_component_ref idref="oc-9a"/>
            <object_component_ref idref="oc-ae"/>
            <object_component_ref idref="oc-b2"/>
            <object_component_ref idref="oc-af"/>
            <object_component_ref idref="oc-b0"/>
            <object_component_ref idref="oc-b1"/>
            <object_component_ref idref="oc-b3"/>
            <object_component_ref idref="oc-b4"/>
            <object_component_ref idref="oc-b5"/>
            <object_component_ref idref="oc-4a"/>
         </contents>
      </logical_group>
      <logical_group id="lg-4" display="no" color="cyan">
         <name>.text</name>
         <load_address>0x8000</load_address>
         <run_address>0x8000</run_address>
         <size>0x1632</size>
         <contents>
            <object_component_ref idref="oc-81"/>
            <object_component_ref idref="oc-92"/>
            <object_component_ref idref="oc-87"/>
            <object_component_ref idref="oc-97"/>
            <object_component_ref idref="oc-ab"/>
            <object_component_ref idref="oc-57"/>
            <object_component_ref idref="oc-98"/>
            <object_component_ref idref="oc-93"/>
            <object_component_ref idref="oc-c2"/>
            <object_component_ref idref="oc-aa"/>
            <object_component_ref idref="oc-50"/>
            <object_component_ref idref="oc-88"/>
            <object_component_ref idref="oc-8a"/>
            <object_component_ref idref="oc-90"/>
            <object_component_ref idref="oc-a5"/>
            <object_component_ref idref="oc-8f"/>
            <object_component_ref idref="oc-8b"/>
            <object_component_ref idref="oc-8c"/>
            <object_component_ref idref="oc-8e"/>
            <object_component_ref idref="oc-91"/>
            <object_component_ref idref="oc-1b"/>
            <object_component_ref idref="oc-8d"/>
            <object_component_ref idref="oc-86"/>
            <object_component_ref idref="oc-c3"/>
            <object_component_ref idref="oc-ba"/>
            <object_component_ref idref="oc-83"/>
            <object_component_ref idref="oc-b6"/>
            <object_component_ref idref="oc-c6"/>
            <object_component_ref idref="oc-89"/>
            <object_component_ref idref="oc-c1"/>
            <object_component_ref idref="oc-c0"/>
            <object_component_ref idref="oc-94"/>
            <object_component_ref idref="oc-b8"/>
            <object_component_ref idref="oc-a6"/>
            <object_component_ref idref="oc-99"/>
            <object_component_ref idref="oc-bb"/>
            <object_component_ref idref="oc-a1"/>
            <object_component_ref idref="oc-a3"/>
            <object_component_ref idref="oc-85"/>
            <object_component_ref idref="oc-bf"/>
            <object_component_ref idref="oc-bc"/>
            <object_component_ref idref="oc-be"/>
            <object_component_ref idref="oc-c4"/>
            <object_component_ref idref="oc-b7"/>
            <object_component_ref idref="oc-a0"/>
            <object_component_ref idref="oc-bd"/>
            <object_component_ref idref="oc-c5"/>
            <object_component_ref idref="oc-9f"/>
            <object_component_ref idref="oc-a2"/>
            <object_component_ref idref="oc-c8"/>
            <object_component_ref idref="oc-ac"/>
            <object_component_ref idref="oc-ad"/>
            <object_component_ref idref="oc-9c"/>
            <object_component_ref idref="oc-9b"/>
            <object_component_ref idref="oc-a4"/>
            <object_component_ref idref="oc-a9"/>
            <object_component_ref idref="oc-a7"/>
            <object_component_ref idref="oc-c7"/>
            <object_component_ref idref="oc-9e"/>
            <object_component_ref idref="oc-9d"/>
            <object_component_ref idref="oc-82"/>
            <object_component_ref idref="oc-84"/>
         </contents>
      </logical_group>
      <logical_group id="lg-5" display="no" color="cyan">
         <name>.cinit</name>
         <load_address>0x22b</load_address>
         <run_address>0x22b</run_address>
         <size>0x2b</size>
         <contents>
            <object_component_ref idref="oc-12"/>
            <object_component_ref idref="oc-71"/>
            <object_component_ref idref="oc-96"/>
            <object_component_ref idref="oc-a8"/>
         </contents>
      </logical_group>
      <logical_group id="lg-6" display="no" color="cyan">
         <name>.pinit</name>
         <run_address>0x0</run_address>
         <size>0x0</size>
         <contents>
         </contents>
      </logical_group>
      <logical_group id="lg-7" display="no" color="cyan">
         <name>.switch</name>
         <run_address>0x0</run_address>
         <size>0x0</size>
         <contents>
         </contents>
      </logical_group>
      <logical_group id="lg-8" display="no" color="cyan">
         <name>.reset</name>
         <load_address>0x3fffc0</load_address>
         <run_address>0x3fffc0</run_address>
         <size>0x2</size>
         <contents>
            <object_component_ref idref="oc-52"/>
         </contents>
      </logical_group>
      <logical_group id="lg-9" display="no" color="cyan">
         <name>.stack</name>
         <run_address>0x400</run_address>
         <size>0x100</size>
         <contents>
            <object_component_ref idref="oc-51"/>
            <object_component_ref idref="oc-e2"/>
         </contents>
      </logical_group>
      <logical_group id="lg-a" display="no" color="cyan">
         <name>.ebss</name>
         <run_address>0x9ea2</run_address>
         <size>0x22</size>
         <contents>
            <object_component_ref idref="oc-13"/>
            <object_component_ref idref="oc-1a"/>
            <object_component_ref idref="oc-72"/>
            <object_component_ref idref="oc-b9"/>
            <object_component_ref idref="oc-95"/>
         </contents>
      </logical_group>
      <logical_group id="lg-b" display="no" color="cyan">
         <name>.econst</name>
         <load_address>0x9632</load_address>
         <run_address>0x9632</run_address>
         <size>0x86f</size>
         <contents>
            <object_component_ref idref="oc-14"/>
            <object_component_ref idref="oc-1c"/>
            <object_component_ref idref="oc-32"/>
            <object_component_ref idref="oc-4b"/>
            <object_component_ref idref="oc-38"/>
            <object_component_ref idref="oc-44"/>
            <object_component_ref idref="oc-3e"/>
            <object_component_ref idref="oc-2c"/>
            <object_component_ref idref="oc-22"/>
         </contents>
      </logical_group>
      <logical_group id="lg-c" display="no" color="cyan">
         <name>.esysmem</name>
         <run_address>0x0</run_address>
         <size>0x0</size>
         <contents>
         </contents>
      </logical_group>
      <logical_group id="lg-d" display="no" color="cyan">
         <name>ramgs0</name>
         <run_address>0x0</run_address>
         <size>0x0</size>
         <contents>
         </contents>
      </logical_group>
      <logical_group id="lg-e" display="no" color="cyan">
         <name>ramgs1</name>
         <run_address>0x0</run_address>
         <size>0x0</size>
         <contents>
         </contents>
      </logical_group>
      <logical_group id="lg-d6" display="never" color="cyan">
         <name>.debug_info</name>
         <load_address>0x0</load_address>
         <run_address>0x0</run_address>
         <size>0x1359c</size>
         <contents>
            <object_component_ref idref="oc-11"/>
            <object_component_ref idref="oc-19"/>
            <object_component_ref idref="oc-21"/>
            <object_component_ref idref="oc-27"/>
            <object_component_ref idref="oc-2b"/>
            <object_component_ref idref="oc-31"/>
            <object_component_ref idref="oc-37"/>
            <object_component_ref idref="oc-3d"/>
            <object_component_ref idref="oc-43"/>
            <object_component_ref idref="oc-49"/>
            <object_component_ref idref="oc-53"/>
            <object_component_ref idref="oc-58"/>
            <object_component_ref idref="oc-5c"/>
            <object_component_ref idref="oc-61"/>
            <object_component_ref idref="oc-66"/>
            <object_component_ref idref="oc-6b"/>
            <object_component_ref idref="oc-70"/>
            <object_component_ref idref="oc-77"/>
            <object_component_ref idref="oc-7c"/>
            <object_component_ref idref="oc-e3"/>
         </contents>
      </logical_group>
      <logical_group id="lg-d8" display="never" color="cyan">
         <name>.debug_frame</name>
         <load_address>0x0</load_address>
         <run_address>0x0</run_address>
         <size>0x13ef</size>
         <contents>
            <object_component_ref idref="oc-15"/>
            <object_component_ref idref="oc-1d"/>
            <object_component_ref idref="oc-23"/>
            <object_component_ref idref="oc-2d"/>
            <object_component_ref idref="oc-33"/>
            <object_component_ref idref="oc-39"/>
            <object_component_ref idref="oc-3f"/>
            <object_component_ref idref="oc-45"/>
            <object_component_ref idref="oc-4c"/>
            <object_component_ref idref="oc-5d"/>
            <object_component_ref idref="oc-62"/>
            <object_component_ref idref="oc-67"/>
            <object_component_ref idref="oc-6c"/>
            <object_component_ref idref="oc-73"/>
            <object_component_ref idref="oc-78"/>
            <object_component_ref idref="oc-7d"/>
         </contents>
      </logical_group>
      <logical_group id="lg-da" display="never" color="cyan">
         <name>.debug_line</name>
         <load_address>0x0</load_address>
         <run_address>0x0</run_address>
         <size>0x20e6</size>
         <contents>
            <object_component_ref idref="oc-16"/>
            <object_component_ref idref="oc-1e"/>
            <object_component_ref idref="oc-24"/>
            <object_component_ref idref="oc-28"/>
            <object_component_ref idref="oc-2e"/>
            <object_component_ref idref="oc-34"/>
            <object_component_ref idref="oc-3a"/>
            <object_component_ref idref="oc-40"/>
            <object_component_ref idref="oc-46"/>
            <object_component_ref idref="oc-4d"/>
            <object_component_ref idref="oc-54"/>
            <object_component_ref idref="oc-59"/>
            <object_component_ref idref="oc-5e"/>
            <object_component_ref idref="oc-63"/>
            <object_component_ref idref="oc-68"/>
            <object_component_ref idref="oc-6d"/>
            <object_component_ref idref="oc-74"/>
            <object_component_ref idref="oc-79"/>
            <object_component_ref idref="oc-7e"/>
         </contents>
      </logical_group>
      <logical_group id="lg-dc" display="never" color="cyan">
         <name>.debug_abbrev</name>
         <load_address>0x0</load_address>
         <run_address>0x0</run_address>
         <size>0x142c</size>
         <contents>
            <object_component_ref idref="oc-17"/>
            <object_component_ref idref="oc-1f"/>
            <object_component_ref idref="oc-25"/>
            <object_component_ref idref="oc-29"/>
            <object_component_ref idref="oc-2f"/>
            <object_component_ref idref="oc-35"/>
            <object_component_ref idref="oc-3b"/>
            <object_component_ref idref="oc-41"/>
            <object_component_ref idref="oc-47"/>
            <object_component_ref idref="oc-4e"/>
            <object_component_ref idref="oc-55"/>
            <object_component_ref idref="oc-5a"/>
            <object_component_ref idref="oc-5f"/>
            <object_component_ref idref="oc-64"/>
            <object_component_ref idref="oc-69"/>
            <object_component_ref idref="oc-6e"/>
            <object_component_ref idref="oc-75"/>
            <object_component_ref idref="oc-7a"/>
            <object_component_ref idref="oc-7f"/>
            <object_component_ref idref="oc-e4"/>
         </contents>
      </logical_group>
      <logical_group id="lg-de" display="never" color="cyan">
         <name>.debug_aranges</name>
         <load_address>0x0</load_address>
         <run_address>0x0</run_address>
         <size>0x620</size>
         <contents>
            <object_component_ref idref="oc-18"/>
            <object_component_ref idref="oc-20"/>
            <object_component_ref idref="oc-26"/>
            <object_component_ref idref="oc-2a"/>
            <object_component_ref idref="oc-30"/>
            <object_component_ref idref="oc-36"/>
            <object_component_ref idref="oc-3c"/>
            <object_component_ref idref="oc-42"/>
            <object_component_ref idref="oc-48"/>
            <object_component_ref idref="oc-4f"/>
            <object_component_ref idref="oc-56"/>
            <object_component_ref idref="oc-5b"/>
            <object_component_ref idref="oc-60"/>
            <object_component_ref idref="oc-65"/>
            <object_component_ref idref="oc-6a"/>
            <object_component_ref idref="oc-6f"/>
            <object_component_ref idref="oc-76"/>
            <object_component_ref idref="oc-7b"/>
            <object_component_ref idref="oc-80"/>
         </contents>
      </logical_group>
   </logical_group_list>
   <placement_map>
      <memory_area display="no" color="green">
         <name>BEGIN</name>
         <page_id>0x0</page_id>
         <origin>0x0</origin>
         <length>0x2</length>
         <used_space>0x2</used_space>
         <unused_space>0x0</unused_space>
         <attributes>RWIX</attributes>
         <usage_details>
            <allocated_space>
               <start_address>0x0</start_address>
               <size>0x2</size>
               <logical_group_ref idref="lg-2"/>
            </allocated_space>
         </usage_details>
      </memory_area>
      <memory_area display="yes" color="green">
         <name>RAMM0</name>
         <page_id>0x0</page_id>
         <origin>0xf5</origin>
         <length>0x30b</length>
         <used_space>0x161</used_space>
         <unused_space>0x1aa</unused_space>
         <attributes>RWIX</attributes>
         <usage_details>
            <allocated_space>
               <start_address>0xf5</start_address>
               <size>0x136</size>
               <logical_group_ref idref="lg-3"/>
            </allocated_space>
            <allocated_space>
               <start_address>0x22b</start_address>
               <size>0x2b</size>
               <logical_group_ref idref="lg-5"/>
            </allocated_space>
            <available_space>
               <start_address>0x256</start_address>
               <size>0x1aa</size>
            </available_space>
         </usage_details>
      </memory_area>
      <memory_area display="yes" color="green">
         <name>RAMLS04</name>
         <page_id>0x0</page_id>
         <origin>0x8000</origin>
         <length>0x2800</length>
         <used_space>0x1ec3</used_space>
         <unused_space>0x93d</unused_space>
         <attributes>RWIX</attributes>
         <usage_details>
            <allocated_space>
               <start_address>0x8000</start_address>
               <size>0x1632</size>
               <logical_group_ref idref="lg-4"/>
            </allocated_space>
            <allocated_space>
               <start_address>0x9632</start_address>
               <size>0x86f</size>
               <logical_group_ref idref="lg-b"/>
            </allocated_space>
            <available_space>
               <start_address>0x9ea1</start_address>
               <size>0x1</size>
            </available_space>
            <allocated_space>
               <start_address>0x9ea2</start_address>
               <size>0x22</size>
               <logical_group_ref idref="lg-a"/>
            </allocated_space>
            <available_space>
               <start_address>0x9ec4</start_address>
               <size>0x93c</size>
            </available_space>
         </usage_details>
      </memory_area>
      <memory_area display="no" color="green">
         <name>RESET</name>
         <page_id>0x0</page_id>
         <origin>0x3fffc0</origin>
         <length>0x2</length>
         <used_space>0x0</used_space>
         <unused_space>0x2</unused_space>
         <attributes>RWIX</attributes>
         <usage_details>
         </usage_details>
      </memory_area>
      <memory_area display="yes" color="green">
         <name>BOOT_RSVD</name>
         <page_id>0x1</page_id>
         <origin>0x2</origin>
         <length>0xf3</length>
         <used_space>0x0</used_space>
         <unused_space>0xf3</unused_space>
         <attributes>RWIX</attributes>
         <usage_details>
         </usage_details>
      </memory_area>
      <memory_area display="yes" color="green">
         <name>RAMM1</name>
         <page_id>0x1</page_id>
         <origin>0x400</origin>
         <length>0x400</length>
         <used_space>0x100</used_space>
         <unused_space>0x300</unused_space>
         <attributes>RWIX</attributes>
         <usage_details>
            <allocated_space>
               <start_address>0x400</start_address>
               <size>0x100</size>
               <logical_group_ref idref="lg-9"/>
            </allocated_space>
            <available_space>
               <start_address>0x500</start_address>
               <size>0x300</size>
            </available_space>
         </usage_details>
      </memory_area>
      <memory_area display="yes" color="green">
         <name>RAMLS5</name>
         <page_id>0x1</page_id>
         <origin>0xa800</origin>
         <length>0x800</length>
         <used_space>0x0</used_space>
         <unused_space>0x800</unused_space>
         <attributes>RWIX</attributes>
         <usage_details>
         </usage_details>
      </memory_area>
      <memory_area display="yes" color="green">
         <name>RAMLS6</name>
         <page_id>0x1</page_id>
         <origin>0xb000</origin>
         <length>0x800</length>
         <used_space>0x0</used_space>
         <unused_space>0x800</unused_space>
         <attributes>RWIX</attributes>
         <usage_details>
         </usage_details>
      </memory_area>
      <memory_area display="yes" color="green">
         <name>RAMLS7</name>
         <page_id>0x1</page_id>
         <origin>0xb800</origin>
         <length>0x800</length>
         <used_space>0x0</used_space>
         <unused_space>0x800</unused_space>
         <attributes>RWIX</attributes>
         <usage_details>
         </usage_details>
      </memory_area>
      <memory_area display="yes" color="green">
         <name>RAMGS0</name>
         <page_id>0x1</page_id>
         <origin>0xc000</origin>
         <length>0x2000</length>
         <used_space>0x0</used_space>
         <unused_space>0x2000</unused_space>
         <attributes>RWIX</attributes>
         <usage_details>
         </usage_details>
      </memory_area>
      <memory_area display="yes" color="green">
         <name>RAMGS1</name>
         <page_id>0x1</page_id>
         <origin>0xe000</origin>
         <length>0x2000</length>
         <used_space>0x0</used_space>
         <unused_space>0x2000</unused_space>
         <attributes>RWIX</attributes>
         <usage_details>
         </usage_details>
      </memory_area>
      <memory_area display="yes" color="green">
         <name>RAMGS2</name>
         <page_id>0x1</page_id>
         <origin>0x10000</origin>
         <length>0x2000</length>
         <used_space>0x0</used_space>
         <unused_space>0x2000</unused_space>
         <attributes>RWIX</attributes>
         <usage_details>
         </usage_details>
      </memory_area>
      <memory_area display="yes" color="green">
         <name>RAMGS3</name>
         <page_id>0x1</page_id>
         <origin>0x12000</origin>
         <length>0x2000</length>
         <used_space>0x0</used_space>
         <unused_space>0x2000</unused_space>
         <attributes>RWIX</attributes>
         <usage_details>
         </usage_details>
      </memory_area>
   </placement_map>
   <symbol_table>
      <symbol id="sm-0">
         <name>cinit</name>
         <value>0x22b</value>
      </symbol>
      <symbol id="sm-1">
         <name>___cinit__</name>
         <value>0x22b</value>
      </symbol>
      <symbol id="sm-2">
         <name>pinit</name>
         <value>0xffffffff</value>
      </symbol>
      <symbol id="sm-3">
         <name>___pinit__</name>
         <value>0xffffffff</value>
      </symbol>
      <symbol id="sm-4">
         <name>binit</name>
         <value>0xffffffff</value>
      </symbol>
      <symbol id="sm-5">
         <name>___binit__</name>
         <value>0xffffffff</value>
      </symbol>
      <symbol id="sm-6">
         <name>__STACK_SIZE</name>
         <value>0x100</value>
      </symbol>
      <symbol id="sm-7">
         <name>__STACK_END</name>
         <value>0x500</value>
      </symbol>
      <symbol id="sm-8">
         <name>___c_args__</name>
         <value>0xffffffff</value>
      </symbol>
      <symbol id="sm-9">
         <name>.text</name>
         <value>0x8000</value>
      </symbol>
      <symbol id="sm-a">
         <name>___text__</name>
         <value>0x8000</value>
      </symbol>
      <symbol id="sm-b">
         <name>etext</name>
         <value>0x9632</value>
      </symbol>
      <symbol id="sm-c">
         <name>___etext__</name>
         <value>0x9632</value>
      </symbol>
      <symbol id="sm-d">
         <name>___TI_pprof_out_hndl</name>
         <value>0xffffffff</value>
      </symbol>
      <symbol id="sm-e">
         <name>___TI_prof_data_start</name>
         <value>0xffffffff</value>
      </symbol>
      <symbol id="sm-f">
         <name>___TI_prof_data_size</name>
         <value>0xffffffff</value>
      </symbol>
      <symbol id="sm-b1">
         <name>_guiState</name>
         <value>0x9ea3</value>
         <object_component_ref idref="oc-13"/>
      </symbol>
      <symbol id="sm-b2">
         <name>_dutyCycle</name>
         <value>0x9ea4</value>
         <object_component_ref idref="oc-13"/>
      </symbol>
      <symbol id="sm-b3">
         <name>_read_ADC</name>
         <value>0x89c8</value>
         <object_component_ref idref="oc-92"/>
      </symbol>
      <symbol id="sm-b4">
         <name>_receivedChar</name>
         <value>0x9ea8</value>
         <object_component_ref idref="oc-13"/>
      </symbol>
      <symbol id="sm-b5">
         <name>_run_frequency_menu</name>
         <value>0x887c</value>
         <object_component_ref idref="oc-92"/>
      </symbol>
      <symbol id="sm-b6">
         <name>_drawSonic</name>
         <value>0x8a12</value>
         <object_component_ref idref="oc-92"/>
      </symbol>
      <symbol id="sm-b7">
         <name>_run_duty_cycle_menu</name>
         <value>0x87ca</value>
         <object_component_ref idref="oc-92"/>
      </symbol>
      <symbol id="sm-b8">
         <name>_dutyCycleTrack</name>
         <value>0x9eae</value>
         <object_component_ref idref="oc-13"/>
      </symbol>
      <symbol id="sm-b9">
         <name>_testAvg</name>
         <value>0x9eaa</value>
         <object_component_ref idref="oc-13"/>
      </symbol>
      <symbol id="sm-ba">
         <name>_period</name>
         <value>0x9ea2</value>
         <object_component_ref idref="oc-13"/>
      </symbol>
      <symbol id="sm-bb">
         <name>_msg</name>
         <value>0x9eac</value>
         <object_component_ref idref="oc-13"/>
      </symbol>
      <symbol id="sm-bc">
         <name>_run_main_menu</name>
         <value>0x876c</value>
         <object_component_ref idref="oc-92"/>
      </symbol>
      <symbol id="sm-bd">
         <name>_run_gui</name>
         <value>0x8746</value>
         <object_component_ref idref="oc-92"/>
      </symbol>
      <symbol id="sm-be">
         <name>_sweepingAnimation</name>
         <value>0x8ac5</value>
         <object_component_ref idref="oc-92"/>
      </symbol>
      <symbol id="sm-bf">
         <name>_run_freq_sweep_menu</name>
         <value>0x8918</value>
         <object_component_ref idref="oc-92"/>
      </symbol>
      <symbol id="sm-c0">
         <name>_avg_ADC</name>
         <value>0x89a7</value>
         <object_component_ref idref="oc-92"/>
      </symbol>
      <symbol id="sm-c1">
         <name>_adcCResult0</name>
         <value>0x9ea5</value>
         <object_component_ref idref="oc-13"/>
      </symbol>
      <symbol id="sm-c2">
         <name>_adcCResult6</name>
         <value>0x9ea6</value>
         <object_component_ref idref="oc-13"/>
      </symbol>
      <symbol id="sm-c3">
         <name>_adcBResult2</name>
         <value>0x9ea7</value>
         <object_component_ref idref="oc-13"/>
      </symbol>
      <symbol id="sm-135">
         <name>_main</name>
         <value>0x841d</value>
         <object_component_ref idref="oc-81"/>
      </symbol>
      <symbol id="sm-136">
         <name>_initADCs</name>
         <value>0x8594</value>
         <object_component_ref idref="oc-81"/>
      </symbol>
      <symbol id="sm-137">
         <name>_epwm8ISR</name>
         <value>0x9279</value>
         <object_component_ref idref="oc-1b"/>
      </symbol>
      <symbol id="sm-138">
         <name>_epwm8Info</name>
         <value>0x9eb0</value>
         <object_component_ref idref="oc-1a"/>
      </symbol>
      <symbol id="sm-139">
         <name>_initADCSOCs</name>
         <value>0x85ca</value>
         <object_component_ref idref="oc-81"/>
      </symbol>
      <symbol id="sm-13a">
         <name>_initEPWM8</name>
         <value>0x8508</value>
         <object_component_ref idref="oc-81"/>
      </symbol>
      <symbol id="sm-14f">
         <name>_Device_initGPIO</name>
         <value>0x8c57</value>
         <object_component_ref idref="oc-87"/>
      </symbol>
      <symbol id="sm-150">
         <name>___error__</name>
         <value>0x8c67</value>
         <object_component_ref idref="oc-87"/>
      </symbol>
      <symbol id="sm-151">
         <name>_Device_init</name>
         <value>0x8b4e</value>
         <object_component_ref idref="oc-87"/>
      </symbol>
      <symbol id="sm-152">
         <name>_Device_enableAllPeripherals</name>
         <value>0x8b89</value>
         <object_component_ref idref="oc-87"/>
      </symbol>
      <symbol id="sm-15f">
         <name>code_start</name>
         <value>0x0</value>
         <object_component_ref idref="oc-10"/>
      </symbol>
      <symbol id="sm-180">
         <name>_ADC_setVREF</name>
         <value>0x8ebe</value>
         <object_component_ref idref="oc-93"/>
      </symbol>
      <symbol id="sm-1bf">
         <name>_Flash_initModule</name>
         <value>0xf5</value>
         <object_component_ref idref="oc-9a"/>
      </symbol>
      <symbol id="sm-1ea">
         <name>_GPIO_setMasterCore</name>
         <value>0x91d6</value>
         <object_component_ref idref="oc-8c"/>
      </symbol>
      <symbol id="sm-1eb">
         <name>_GPIO_setPinConfig</name>
         <value>0x9199</value>
         <object_component_ref idref="oc-8b"/>
      </symbol>
      <symbol id="sm-1ec">
         <name>_GPIO_setDirectionMode</name>
         <value>0x92ac</value>
         <object_component_ref idref="oc-8d"/>
      </symbol>
      <symbol id="sm-1ed">
         <name>_GPIO_setQualificationMode</name>
         <value>0x920e</value>
         <object_component_ref idref="oc-8e"/>
      </symbol>
      <symbol id="sm-1ee">
         <name>_GPIO_setPadConfig</name>
         <value>0x9080</value>
         <object_component_ref idref="oc-8a"/>
      </symbol>
      <symbol id="sm-220">
         <name>_Interrupt_enable</name>
         <value>0x9246</value>
         <object_component_ref idref="oc-91"/>
      </symbol>
      <symbol id="sm-221">
         <name>_Interrupt_initVectorTable</name>
         <value>0x93b7</value>
         <object_component_ref idref="oc-89"/>
      </symbol>
      <symbol id="sm-222">
         <name>_Interrupt_initModule</name>
         <value>0x902c</value>
         <object_component_ref idref="oc-88"/>
      </symbol>
      <symbol id="sm-267">
         <name>_SCI_clearInterruptStatus</name>
         <value>0x90d2</value>
         <object_component_ref idref="oc-90"/>
      </symbol>
      <symbol id="sm-268">
         <name>_SCI_setConfig</name>
         <value>0x9159</value>
         <object_component_ref idref="oc-8f"/>
      </symbol>
      <symbol id="sm-269">
         <name>_SCI_writeCharArray</name>
         <value>0x9118</value>
         <object_component_ref idref="oc-a5"/>
      </symbol>
      <symbol id="sm-2ff">
         <name>_SysCtl_selectXTALSingleEnded</name>
         <value>0x947f</value>
         <object_component_ref idref="oc-bb"/>
      </symbol>
      <symbol id="sm-300">
         <name>_SysCtl_selectXTAL</name>
         <value>0x932b</value>
         <object_component_ref idref="oc-ba"/>
      </symbol>
      <symbol id="sm-301">
         <name>_SysCtl_delay</name>
         <value>0x227</value>
         <object_component_ref idref="oc-4a"/>
      </symbol>
      <symbol id="sm-302">
         <name>_SysCtl_selectOscSource</name>
         <value>0x8f80</value>
         <object_component_ref idref="oc-aa"/>
      </symbol>
      <symbol id="sm-303">
         <name>_SysCtl_isPLLValid</name>
         <value>0x8d21</value>
         <object_component_ref idref="oc-ab"/>
      </symbol>
      <symbol id="sm-304">
         <name>_SysCtl_setClock</name>
         <value>0x8c6e</value>
         <object_component_ref idref="oc-97"/>
      </symbol>
      <symbol id="sm-305">
         <name>_SysCtl_getLowSpeedClock</name>
         <value>0x9465</value>
         <object_component_ref idref="oc-99"/>
      </symbol>
      <symbol id="sm-306">
         <name>_SysCtl_getClock</name>
         <value>0x8e50</value>
         <object_component_ref idref="oc-98"/>
      </symbol>
      <symbol id="sm-321">
         <name>_c_int00</name>
         <value>0x8fd6</value>
         <object_component_ref idref="oc-50"/>
      </symbol>
      <symbol id="sm-322">
         <name>__stack</name>
         <value>0x400</value>
         <object_component_ref idref="oc-51"/>
      </symbol>
      <symbol id="sm-333">
         <name>FS$$DIV</name>
         <value>0x8dc8</value>
         <object_component_ref idref="oc-57"/>
      </symbol>
      <symbol id="sm-342">
         <name>_copy_in</name>
         <value>0x934f</value>
         <object_component_ref idref="oc-83"/>
      </symbol>
      <symbol id="sm-353">
         <name>_memcpy</name>
         <value>0x9413</value>
         <object_component_ref idref="oc-94"/>
      </symbol>
      <symbol id="sm-35f">
         <name>__system_pre_init</name>
         <value>0x962f</value>
         <object_component_ref idref="oc-82"/>
      </symbol>
      <symbol id="sm-36c">
         <name>__system_post_cinit</name>
         <value>0x9631</value>
         <object_component_ref idref="oc-84"/>
      </symbol>
      <symbol id="sm-380">
         <name>C$$EXIT</name>
         <value>0x92dd</value>
         <object_component_ref idref="oc-86"/>
      </symbol>
      <symbol id="sm-381">
         <name>_exit</name>
         <value>0x92df</value>
         <object_component_ref idref="oc-86"/>
      </symbol>
      <symbol id="sm-382">
         <name>___TI_cleanup_ptr</name>
         <value>0x9ebc</value>
         <object_component_ref idref="oc-72"/>
      </symbol>
      <symbol id="sm-383">
         <name>___TI_enable_exit_profile_output</name>
         <value>0x9eba</value>
         <object_component_ref idref="oc-72"/>
      </symbol>
      <symbol id="sm-384">
         <name>_abort</name>
         <value>0x92dd</value>
         <object_component_ref idref="oc-86"/>
      </symbol>
      <symbol id="sm-385">
         <name>___TI_dtors_ptr</name>
         <value>0x9ebe</value>
         <object_component_ref idref="oc-72"/>
      </symbol>
      <symbol id="sm-399">
         <name>__unlock</name>
         <value>0x9ec2</value>
         <object_component_ref idref="oc-b9"/>
      </symbol>
      <symbol id="sm-39a">
         <name>__lock</name>
         <value>0x9ec0</value>
         <object_component_ref idref="oc-95"/>
      </symbol>
      <symbol id="sm-39b">
         <name>__register_lock</name>
         <value>0x961f</value>
         <object_component_ref idref="oc-a7"/>
      </symbol>
      <symbol id="sm-39c">
         <name>__nop</name>
         <value>0x9623</value>
         <object_component_ref idref="oc-a7"/>
      </symbol>
      <symbol id="sm-39d">
         <name>__register_unlock</name>
         <value>0x961b</value>
         <object_component_ref idref="oc-a7"/>
      </symbol>
      <symbol id="sm-3ac">
         <name>__args_main</name>
         <value>0x94cb</value>
         <object_component_ref idref="oc-85"/>
      </symbol>
   </symbol_table>
   <title>Link successful</title>
</link_info>
