<?xml version="1.0" encoding="ISO-8859-1" ?>
<link_info>
   <banner>TMS320C2000 Linker PC v18.1.3.LTS</banner>
   <copyright>Copyright (c) 1996-2017 Texas Instruments Incorporated</copyright>
   <link_time>0x5d3a1f33</link_time>
   <link_errors>0x0</link_errors>
   <output_file>main_code_python_gui_hr.out</output_file>
   <entry_point>
      <name>code_start</name>
      <address>0x0</address>
   </entry_point>
   <input_file_list>
      <input_file id="fl-2">
         <path>.\</path>
         <kind>object</kind>
         <file>f28004x_defaultisr.obj</file>
         <name>f28004x_defaultisr.obj</name>
      </input_file>
      <input_file id="fl-3">
         <path>.\</path>
         <kind>object</kind>
         <file>f28004x_globalvariabledefs.obj</file>
         <name>f28004x_globalvariabledefs.obj</name>
      </input_file>
      <input_file id="fl-4">
         <path>.\</path>
         <kind>object</kind>
         <file>f28004x_gpio.obj</file>
         <name>f28004x_gpio.obj</name>
      </input_file>
      <input_file id="fl-5">
         <path>.\</path>
         <kind>object</kind>
         <file>f28004x_piectrl.obj</file>
         <name>f28004x_piectrl.obj</name>
      </input_file>
      <input_file id="fl-6">
         <path>.\</path>
         <kind>object</kind>
         <file>f28004x_pievect.obj</file>
         <name>f28004x_pievect.obj</name>
      </input_file>
      <input_file id="fl-7">
         <path>.\</path>
         <kind>object</kind>
         <file>f28004x_sysctrl.obj</file>
         <name>f28004x_sysctrl.obj</name>
      </input_file>
      <input_file id="fl-8">
         <path>.\</path>
         <kind>object</kind>
         <file>f28004x_usdelay.obj</file>
         <name>f28004x_usdelay.obj</name>
      </input_file>
      <input_file id="fl-9">
         <path>.\</path>
         <kind>object</kind>
         <file>gui.obj</file>
         <name>gui.obj</name>
      </input_file>
      <input_file id="fl-a">
         <path>.\</path>
         <kind>object</kind>
         <file>main_code_python_gui_hr.obj</file>
         <name>main_code_python_gui_hr.obj</name>
      </input_file>
      <input_file id="fl-b">
         <path>.\device\</path>
         <kind>object</kind>
         <file>device.obj</file>
         <name>device.obj</name>
      </input_file>
      <input_file id="fl-c">
         <path>.\device\</path>
         <kind>object</kind>
         <file>f28004x_codestartbranch.obj</file>
         <name>f28004x_codestartbranch.obj</name>
      </input_file>
      <input_file id="fl-d">
         <path>.\device\driverlib\</path>
         <kind>object</kind>
         <file>adc.obj</file>
         <name>adc.obj</name>
      </input_file>
      <input_file id="fl-e">
         <path>.\device\driverlib\</path>
         <kind>object</kind>
         <file>asysctl.obj</file>
         <name>asysctl.obj</name>
      </input_file>
      <input_file id="fl-f">
         <path>.\device\driverlib\</path>
         <kind>object</kind>
         <file>can.obj</file>
         <name>can.obj</name>
      </input_file>
      <input_file id="fl-10">
         <path>.\device\driverlib\</path>
         <kind>object</kind>
         <file>cla.obj</file>
         <name>cla.obj</name>
      </input_file>
      <input_file id="fl-11">
         <path>.\device\driverlib\</path>
         <kind>object</kind>
         <file>clapromcrc.obj</file>
         <name>clapromcrc.obj</name>
      </input_file>
      <input_file id="fl-12">
         <path>.\device\driverlib\</path>
         <kind>object</kind>
         <file>cmpss.obj</file>
         <name>cmpss.obj</name>
      </input_file>
      <input_file id="fl-13">
         <path>.\device\driverlib\</path>
         <kind>object</kind>
         <file>cputimer.obj</file>
         <name>cputimer.obj</name>
      </input_file>
      <input_file id="fl-14">
         <path>.\device\driverlib\</path>
         <kind>object</kind>
         <file>dac.obj</file>
         <name>dac.obj</name>
      </input_file>
      <input_file id="fl-15">
         <path>.\device\driverlib\</path>
         <kind>object</kind>
         <file>dcc.obj</file>
         <name>dcc.obj</name>
      </input_file>
      <input_file id="fl-16">
         <path>.\device\driverlib\</path>
         <kind>object</kind>
         <file>dcsm.obj</file>
         <name>dcsm.obj</name>
      </input_file>
      <input_file id="fl-17">
         <path>.\device\driverlib\</path>
         <kind>object</kind>
         <file>dma.obj</file>
         <name>dma.obj</name>
      </input_file>
      <input_file id="fl-18">
         <path>.\device\driverlib\</path>
         <kind>object</kind>
         <file>ecap.obj</file>
         <name>ecap.obj</name>
      </input_file>
      <input_file id="fl-19">
         <path>.\device\driverlib\</path>
         <kind>object</kind>
         <file>epwm.obj</file>
         <name>epwm.obj</name>
      </input_file>
      <input_file id="fl-1a">
         <path>.\device\driverlib\</path>
         <kind>object</kind>
         <file>eqep.obj</file>
         <name>eqep.obj</name>
      </input_file>
      <input_file id="fl-1b">
         <path>.\device\driverlib\</path>
         <kind>object</kind>
         <file>flash.obj</file>
         <name>flash.obj</name>
      </input_file>
      <input_file id="fl-1c">
         <path>.\device\driverlib\</path>
         <kind>object</kind>
         <file>fsi.obj</file>
         <name>fsi.obj</name>
      </input_file>
      <input_file id="fl-1d">
         <path>.\device\driverlib\</path>
         <kind>object</kind>
         <file>gpio.obj</file>
         <name>gpio.obj</name>
      </input_file>
      <input_file id="fl-1e">
         <path>.\device\driverlib\</path>
         <kind>object</kind>
         <file>hrcap.obj</file>
         <name>hrcap.obj</name>
      </input_file>
      <input_file id="fl-1f">
         <path>.\device\driverlib\</path>
         <kind>object</kind>
         <file>hrpwm.obj</file>
         <name>hrpwm.obj</name>
      </input_file>
      <input_file id="fl-20">
         <path>.\device\driverlib\</path>
         <kind>object</kind>
         <file>i2c.obj</file>
         <name>i2c.obj</name>
      </input_file>
      <input_file id="fl-21">
         <path>.\device\driverlib\</path>
         <kind>object</kind>
         <file>interrupt.obj</file>
         <name>interrupt.obj</name>
      </input_file>
      <input_file id="fl-22">
         <path>.\device\driverlib\</path>
         <kind>object</kind>
         <file>lin.obj</file>
         <name>lin.obj</name>
      </input_file>
      <input_file id="fl-23">
         <path>.\device\driverlib\</path>
         <kind>object</kind>
         <file>memcfg.obj</file>
         <name>memcfg.obj</name>
      </input_file>
      <input_file id="fl-24">
         <path>.\device\driverlib\</path>
         <kind>object</kind>
         <file>pga.obj</file>
         <name>pga.obj</name>
      </input_file>
      <input_file id="fl-25">
         <path>.\device\driverlib\</path>
         <kind>object</kind>
         <file>pmbus.obj</file>
         <name>pmbus.obj</name>
      </input_file>
      <input_file id="fl-26">
         <path>.\device\driverlib\</path>
         <kind>object</kind>
         <file>sci.obj</file>
         <name>sci.obj</name>
      </input_file>
      <input_file id="fl-27">
         <path>.\device\driverlib\</path>
         <kind>object</kind>
         <file>sdfm.obj</file>
         <name>sdfm.obj</name>
      </input_file>
      <input_file id="fl-28">
         <path>.\device\driverlib\</path>
         <kind>object</kind>
         <file>spi.obj</file>
         <name>spi.obj</name>
      </input_file>
      <input_file id="fl-29">
         <path>.\device\driverlib\</path>
         <kind>object</kind>
         <file>sysctl.obj</file>
         <name>sysctl.obj</name>
      </input_file>
      <input_file id="fl-2a">
         <path>.\device\driverlib\</path>
         <kind>object</kind>
         <file>version.obj</file>
         <name>version.obj</name>
      </input_file>
      <input_file id="fl-2b">
         <path>.\device\driverlib\</path>
         <kind>object</kind>
         <file>xbar.obj</file>
         <name>xbar.obj</name>
      </input_file>
      <input_file id="fl-34">
         <kind>object</kind>
         <file>&lt;internal&gt;</file>
         <name>&lt;internal&gt;</name>
      </input_file>
      <input_file id="fl-35">
         <path>..\</path>
         <kind>archive</kind>
         <file>SFO_v8_fpu_lib_build_c28.lib</file>
         <name>SFO_v7_fpu_lib_build_c28.obj</name>
      </input_file>
      <input_file id="fl-41">
         <path>C:\ti\ccsv8\tools\compiler\ti-cgt-c2000_18.1.3.LTS\lib\</path>
         <kind>archive</kind>
         <file>rts2800_fpu32.lib</file>
         <name>boot28.asm.obj</name>
      </input_file>
      <input_file id="fl-42">
         <path>C:\ti\ccsv8\tools\compiler\ti-cgt-c2000_18.1.3.LTS\lib\</path>
         <kind>archive</kind>
         <file>rts2800_fpu32.lib</file>
         <name>fs_div28.asm.obj</name>
      </input_file>
      <input_file id="fl-43">
         <path>C:\ti\ccsv8\tools\compiler\ti-cgt-c2000_18.1.3.LTS\lib\</path>
         <kind>archive</kind>
         <file>rts2800_fpu32.lib</file>
         <name>cpy_tbl.c.obj</name>
      </input_file>
      <input_file id="fl-44">
         <path>C:\ti\ccsv8\tools\compiler\ti-cgt-c2000_18.1.3.LTS\lib\</path>
         <kind>archive</kind>
         <file>rts2800_fpu32.lib</file>
         <name>memcpy.c.obj</name>
      </input_file>
      <input_file id="fl-45">
         <path>C:\ti\ccsv8\tools\compiler\ti-cgt-c2000_18.1.3.LTS\lib\</path>
         <kind>archive</kind>
         <file>rts2800_fpu32.lib</file>
         <name>pre_init.c.obj</name>
      </input_file>
      <input_file id="fl-46">
         <path>C:\ti\ccsv8\tools\compiler\ti-cgt-c2000_18.1.3.LTS\lib\</path>
         <kind>archive</kind>
         <file>rts2800_fpu32.lib</file>
         <name>startup.c.obj</name>
      </input_file>
      <input_file id="fl-47">
         <path>C:\ti\ccsv8\tools\compiler\ti-cgt-c2000_18.1.3.LTS\lib\</path>
         <kind>archive</kind>
         <file>rts2800_fpu32.lib</file>
         <name>exit.c.obj</name>
      </input_file>
      <input_file id="fl-48">
         <path>C:\ti\ccsv8\tools\compiler\ti-cgt-c2000_18.1.3.LTS\lib\</path>
         <kind>archive</kind>
         <file>rts2800_fpu32.lib</file>
         <name>_lock.c.obj</name>
      </input_file>
      <input_file id="fl-49">
         <path>C:\ti\ccsv8\tools\compiler\ti-cgt-c2000_18.1.3.LTS\lib\</path>
         <kind>archive</kind>
         <file>rts2800_fpu32.lib</file>
         <name>args_main.c.obj</name>
      </input_file>
   </input_file_list>
   <object_component_list>
      <object_component id="oc-7c">
         <name>codestart</name>
         <load_address>0x0</load_address>
         <run_address>0x0</run_address>
         <size>0x2</size>
         <input_file_ref idref="fl-c"/>
      </object_component>
      <object_component id="oc-1f2">
         <name>.TI.ramfunc</name>
         <load_address>0xf5</load_address>
         <run_address>0xf5</run_address>
         <size>0xae</size>
         <input_file_ref idref="fl-1b"/>
      </object_component>
      <object_component id="oc-fe">
         <name>.TI.ramfunc</name>
         <load_address>0x1a3</load_address>
         <run_address>0x1a3</run_address>
         <size>0x4</size>
         <input_file_ref idref="fl-8"/>
      </object_component>
      <object_component id="oc-198">
         <name>.TI.ramfunc</name>
         <load_address>0x1a7</load_address>
         <run_address>0x1a7</run_address>
         <size>0x4</size>
         <input_file_ref idref="fl-29"/>
      </object_component>
      <object_component id="oc-1e6">
         <name>.text</name>
         <load_address>0x8000</load_address>
         <run_address>0x8000</run_address>
         <size>0xdd0</size>
         <input_file_ref idref="fl-9"/>
      </object_component>
      <object_component id="oc-1df">
         <name>.text</name>
         <load_address>0x8dd0</load_address>
         <run_address>0x8dd0</run_address>
         <size>0x4ed</size>
         <input_file_ref idref="fl-a"/>
      </object_component>
      <object_component id="oc-7e">
         <name>.text:retain</name>
         <load_address>0x92bd</load_address>
         <run_address>0x92bd</run_address>
         <size>0x4b3</size>
         <input_file_ref idref="fl-2"/>
      </object_component>
      <object_component id="oc-1f1">
         <name>.text</name>
         <load_address>0x9770</load_address>
         <run_address>0x9770</run_address>
         <size>0x355</size>
         <input_file_ref idref="fl-29"/>
      </object_component>
      <object_component id="oc-1ea">
         <name>.text</name>
         <load_address>0x9ac5</load_address>
         <run_address>0x9ac5</run_address>
         <size>0x1f0</size>
         <input_file_ref idref="fl-26"/>
      </object_component>
      <object_component id="oc-1e7">
         <name>.text</name>
         <load_address>0x9cb5</load_address>
         <run_address>0x9cb5</run_address>
         <size>0x1eb</size>
         <input_file_ref idref="fl-1d"/>
      </object_component>
      <object_component id="oc-1eb">
         <name>.text</name>
         <load_address>0x9ea0</load_address>
         <run_address>0x9ea0</run_address>
         <size>0x187</size>
         <input_file_ref idref="fl-21"/>
      </object_component>
      <object_component id="oc-1a7">
         <name>.text</name>
         <load_address>0xa027</load_address>
         <run_address>0xa027</run_address>
         <size>0x15a</size>
         <input_file_ref idref="fl-35"/>
      </object_component>
      <object_component id="oc-1e5">
         <name>.text</name>
         <load_address>0xa181</load_address>
         <run_address>0xa181</run_address>
         <size>0x140</size>
         <input_file_ref idref="fl-b"/>
      </object_component>
      <object_component id="oc-1ed">
         <name>.text</name>
         <load_address>0xa2c1</load_address>
         <run_address>0xa2c1</run_address>
         <size>0x8d</size>
         <input_file_ref idref="fl-d"/>
      </object_component>
      <object_component id="oc-1b5">
         <name>.text</name>
         <load_address>0xa34e</load_address>
         <run_address>0xa34e</run_address>
         <size>0x88</size>
         <input_file_ref idref="fl-42"/>
      </object_component>
      <object_component id="oc-1ae">
         <name>.text</name>
         <load_address>0xa3d6</load_address>
         <run_address>0xa3d6</run_address>
         <size>0x56</size>
         <input_file_ref idref="fl-41"/>
      </object_component>
      <object_component id="oc-10c">
         <name>.text:retain</name>
         <load_address>0xa42c</load_address>
         <run_address>0xa42c</run_address>
         <size>0x35</size>
         <input_file_ref idref="fl-a"/>
      </object_component>
      <object_component id="oc-1e4">
         <name>.text</name>
         <load_address>0xa461</load_address>
         <run_address>0xa461</run_address>
         <size>0x29</size>
         <input_file_ref idref="fl-47"/>
      </object_component>
      <object_component id="oc-1e8">
         <name>.text</name>
         <load_address>0xa48a</load_address>
         <run_address>0xa48a</run_address>
         <size>0x28</size>
         <input_file_ref idref="fl-5"/>
      </object_component>
      <object_component id="oc-1e9">
         <name>.text</name>
         <load_address>0xa4b2</load_address>
         <run_address>0xa4b2</run_address>
         <size>0x25</size>
         <input_file_ref idref="fl-6"/>
      </object_component>
      <object_component id="oc-1e1">
         <name>.text</name>
         <load_address>0xa4d7</load_address>
         <run_address>0xa4d7</run_address>
         <size>0x24</size>
         <input_file_ref idref="fl-43"/>
      </object_component>
      <object_component id="oc-1ee">
         <name>.text</name>
         <load_address>0xa4fb</load_address>
         <run_address>0xa4fb</run_address>
         <size>0x1d</size>
         <input_file_ref idref="fl-44"/>
      </object_component>
      <object_component id="oc-1e3">
         <name>.text</name>
         <load_address>0xa518</load_address>
         <run_address>0xa518</run_address>
         <size>0x19</size>
         <input_file_ref idref="fl-49"/>
      </object_component>
      <object_component id="oc-1ec">
         <name>.text</name>
         <load_address>0xa531</load_address>
         <run_address>0xa531</run_address>
         <size>0x10</size>
         <input_file_ref idref="fl-1b"/>
      </object_component>
      <object_component id="oc-1f4">
         <name>.text</name>
         <load_address>0xa541</load_address>
         <run_address>0xa541</run_address>
         <size>0x9</size>
         <input_file_ref idref="fl-48"/>
      </object_component>
      <object_component id="oc-1e0">
         <name>.text</name>
         <load_address>0xa54a</load_address>
         <run_address>0xa54a</run_address>
         <size>0x2</size>
         <input_file_ref idref="fl-45"/>
      </object_component>
      <object_component id="oc-1e2">
         <name>.text</name>
         <load_address>0xa54c</load_address>
         <run_address>0xa54c</run_address>
         <size>0x1</size>
         <input_file_ref idref="fl-46"/>
      </object_component>
      <object_component id="oc-104">
         <name>.cinit</name>
         <load_address>0x1ab</load_address>
         <run_address>0x1ab</run_address>
         <size>0x35</size>
         <input_file_ref idref="fl-9"/>
      </object_component>
      <object_component id="oc-1cf">
         <name>.cinit</name>
         <load_address>0x1e0</load_address>
         <run_address>0x1e0</run_address>
         <size>0xe</size>
         <input_file_ref idref="fl-47"/>
      </object_component>
      <object_component id="oc-1f0">
         <name>.cinit:__lock</name>
         <load_address>0x1ee</load_address>
         <run_address>0x1ee</run_address>
         <size>0x5</size>
         <input_file_ref idref="fl-48"/>
      </object_component>
      <object_component id="oc-1f5">
         <name>.cinit:__unlock</name>
         <load_address>0x1f3</load_address>
         <run_address>0x1f3</run_address>
         <size>0x5</size>
         <input_file_ref idref="fl-48"/>
      </object_component>
      <object_component id="oc-1a9">
         <name>.cinit</name>
         <load_address>0x1f8</load_address>
         <run_address>0x1f8</run_address>
         <size>0x4</size>
         <input_file_ref idref="fl-35"/>
      </object_component>
      <object_component id="oc-1b0">
         <name>.reset</name>
         <load_address>0x3fffc0</load_address>
         <run_address>0x3fffc0</run_address>
         <size>0x2</size>
         <input_file_ref idref="fl-41"/>
      </object_component>
      <object_component id="oc-1af">
         <name>.stack</name>
         <uninitialized>true</uninitialized>
         <run_address>0x400</run_address>
         <size>0x0</size>
         <input_file_ref idref="fl-41"/>
      </object_component>
      <object_component id="oc-27a">
         <name>.stack</name>
         <uninitialized>true</uninitialized>
         <run_address>0x400</run_address>
         <size>0x0</size>
      </object_component>
      <object_component id="oc-105">
         <name>.ebss</name>
         <uninitialized>true</uninitialized>
         <run_address>0x13600</run_address>
         <size>0x3a4</size>
         <input_file_ref idref="fl-9"/>
      </object_component>
      <object_component id="oc-1aa">
         <name>.ebss</name>
         <uninitialized>true</uninitialized>
         <run_address>0x139a4</run_address>
         <size>0xf</size>
         <input_file_ref idref="fl-35"/>
      </object_component>
      <object_component id="oc-1d0">
         <name>.ebss</name>
         <uninitialized>true</uninitialized>
         <run_address>0x139b4</run_address>
         <size>0x6</size>
         <input_file_ref idref="fl-47"/>
      </object_component>
      <object_component id="oc-1f6">
         <name>.ebss:__unlock</name>
         <uninitialized>true</uninitialized>
         <run_address>0x139bc</run_address>
         <size>0x2</size>
         <input_file_ref idref="fl-48"/>
      </object_component>
      <object_component id="oc-1ef">
         <name>.ebss:__lock</name>
         <uninitialized>true</uninitialized>
         <run_address>0x139ba</run_address>
         <size>0x2</size>
         <input_file_ref idref="fl-48"/>
      </object_component>
      <object_component id="oc-1f3">
         <name>.econst:_PieVectTableInit</name>
         <load_address>0xa54e</load_address>
         <run_address>0xa54e</run_address>
         <size>0x1c0</size>
         <input_file_ref idref="fl-6"/>
      </object_component>
      <object_component id="oc-106">
         <name>.econst:.string</name>
         <load_address>0xa70e</load_address>
         <run_address>0xa70e</run_address>
         <size>0x1a8</size>
         <input_file_ref idref="fl-9"/>
      </object_component>
      <object_component id="oc-e4">
         <name>PieVectTableFile</name>
         <uninitialized>true</uninitialized>
         <run_address>0xd00</run_address>
         <size>0x1c0</size>
         <input_file_ref idref="fl-3"/>
      </object_component>
      <object_component id="oc-a7">
         <name>AdcaResultFile</name>
         <uninitialized>true</uninitialized>
         <run_address>0xb00</run_address>
         <size>0x18</size>
         <input_file_ref idref="fl-3"/>
      </object_component>
      <object_component id="oc-a6">
         <name>AdcbResultFile</name>
         <uninitialized>true</uninitialized>
         <run_address>0xb20</run_address>
         <size>0x18</size>
         <input_file_ref idref="fl-3"/>
      </object_component>
      <object_component id="oc-a8">
         <name>AdccResultFile</name>
         <uninitialized>true</uninitialized>
         <run_address>0xb40</run_address>
         <size>0x18</size>
         <input_file_ref idref="fl-3"/>
      </object_component>
      <object_component id="oc-d4">
         <name>AdcaRegsFile</name>
         <uninitialized>true</uninitialized>
         <run_address>0x7400</run_address>
         <size>0x80</size>
         <input_file_ref idref="fl-3"/>
      </object_component>
      <object_component id="oc-d2">
         <name>AdcbRegsFile</name>
         <uninitialized>true</uninitialized>
         <run_address>0x7480</run_address>
         <size>0x80</size>
         <input_file_ref idref="fl-3"/>
      </object_component>
      <object_component id="oc-d1">
         <name>AdccRegsFile</name>
         <uninitialized>true</uninitialized>
         <run_address>0x7500</run_address>
         <size>0x80</size>
         <input_file_ref idref="fl-3"/>
      </object_component>
      <object_component id="oc-d6">
         <name>AnalogSubsysRegsFile</name>
         <uninitialized>true</uninitialized>
         <run_address>0x5d700</run_address>
         <size>0x90</size>
         <input_file_ref idref="fl-3"/>
      </object_component>
      <object_component id="oc-e6">
         <name>CanaRegsFile</name>
         <uninitialized>true</uninitialized>
         <run_address>0x48000</run_address>
         <size>0x200</size>
         <input_file_ref idref="fl-3"/>
      </object_component>
      <object_component id="oc-e5">
         <name>CanbRegsFile</name>
         <uninitialized>true</uninitialized>
         <run_address>0x4a000</run_address>
         <size>0x200</size>
         <input_file_ref idref="fl-3"/>
      </object_component>
      <object_component id="oc-d0">
         <name>Cla1RegsFile</name>
         <uninitialized>true</uninitialized>
         <run_address>0x1400</run_address>
         <size>0x80</size>
         <input_file_ref idref="fl-3"/>
      </object_component>
      <object_component id="oc-94">
         <name>Cla1SoftIntRegsFile</name>
         <uninitialized>true</uninitialized>
         <run_address>0xce0</run_address>
         <size>0xf</size>
         <input_file_ref idref="fl-3"/>
      </object_component>
      <object_component id="oc-b1">
         <name>ClaPromCrc0RegsFile</name>
         <uninitialized>true</uninitialized>
         <run_address>0x61c0</run_address>
         <size>0x20</size>
         <input_file_ref idref="fl-3"/>
      </object_component>
      <object_component id="oc-ac">
         <name>Cmpss1RegsFile</name>
         <uninitialized>true</uninitialized>
         <run_address>0x5c80</run_address>
         <size>0x20</size>
         <input_file_ref idref="fl-3"/>
      </object_component>
      <object_component id="oc-ab">
         <name>Cmpss2RegsFile</name>
         <uninitialized>true</uninitialized>
         <run_address>0x5ca0</run_address>
         <size>0x20</size>
         <input_file_ref idref="fl-3"/>
      </object_component>
      <object_component id="oc-ae">
         <name>Cmpss3RegsFile</name>
         <uninitialized>true</uninitialized>
         <run_address>0x5cc0</run_address>
         <size>0x20</size>
         <input_file_ref idref="fl-3"/>
      </object_component>
      <object_component id="oc-ad">
         <name>Cmpss4RegsFile</name>
         <uninitialized>true</uninitialized>
         <run_address>0x5ce0</run_address>
         <size>0x20</size>
         <input_file_ref idref="fl-3"/>
      </object_component>
      <object_component id="oc-b3">
         <name>Cmpss5RegsFile</name>
         <uninitialized>true</uninitialized>
         <run_address>0x5d00</run_address>
         <size>0x20</size>
         <input_file_ref idref="fl-3"/>
      </object_component>
      <object_component id="oc-bc">
         <name>Cmpss6RegsFile</name>
         <uninitialized>true</uninitialized>
         <run_address>0x5d20</run_address>
         <size>0x20</size>
         <input_file_ref idref="fl-3"/>
      </object_component>
      <object_component id="oc-bb">
         <name>Cmpss7RegsFile</name>
         <uninitialized>true</uninitialized>
         <run_address>0x5d40</run_address>
         <size>0x20</size>
         <input_file_ref idref="fl-3"/>
      </object_component>
      <object_component id="oc-8e">
         <name>CpuTimer0RegsFile</name>
         <uninitialized>true</uninitialized>
         <run_address>0xc00</run_address>
         <size>0x8</size>
         <input_file_ref idref="fl-3"/>
      </object_component>
      <object_component id="oc-8b">
         <name>CpuTimer1RegsFile</name>
         <uninitialized>true</uninitialized>
         <run_address>0xc08</run_address>
         <size>0x8</size>
         <input_file_ref idref="fl-3"/>
      </object_component>
      <object_component id="oc-8c">
         <name>CpuTimer2RegsFile</name>
         <uninitialized>true</uninitialized>
         <run_address>0xc10</run_address>
         <size>0x8</size>
         <input_file_ref idref="fl-3"/>
      </object_component>
      <object_component id="oc-92">
         <name>DacaRegsFile</name>
         <uninitialized>true</uninitialized>
         <run_address>0x5c00</run_address>
         <size>0x8</size>
         <input_file_ref idref="fl-3"/>
      </object_component>
      <object_component id="oc-86">
         <name>DacbRegsFile</name>
         <uninitialized>true</uninitialized>
         <run_address>0x5c10</run_address>
         <size>0x8</size>
         <input_file_ref idref="fl-3"/>
      </object_component>
      <object_component id="oc-c4">
         <name>Dcc0RegsFile</name>
         <uninitialized>true</uninitialized>
         <run_address>0x5e700</run_address>
         <size>0x2c</size>
         <input_file_ref idref="fl-3"/>
      </object_component>
      <object_component id="oc-be">
         <name>DcsmBank0Z1RegsFile</name>
         <uninitialized>true</uninitialized>
         <run_address>0x5f000</run_address>
         <size>0x24</size>
         <input_file_ref idref="fl-3"/>
      </object_component>
      <object_component id="oc-bf">
         <name>DcsmBank0Z2RegsFile</name>
         <uninitialized>true</uninitialized>
         <run_address>0x5f040</run_address>
         <size>0x24</size>
         <input_file_ref idref="fl-3"/>
      </object_component>
      <object_component id="oc-c1">
         <name>DcsmBank1Z1RegsFile</name>
         <uninitialized>true</uninitialized>
         <run_address>0x5f100</run_address>
         <size>0x24</size>
         <input_file_ref idref="fl-3"/>
      </object_component>
      <object_component id="oc-c0">
         <name>DcsmBank1Z2RegsFile</name>
         <uninitialized>true</uninitialized>
         <run_address>0x5f140</run_address>
         <size>0x24</size>
         <input_file_ref idref="fl-3"/>
      </object_component>
      <object_component id="oc-a4">
         <name>DcsmCommonRegsFile</name>
         <uninitialized>true</uninitialized>
         <run_address>0x5f070</run_address>
         <size>0x10</size>
         <input_file_ref idref="fl-3"/>
      </object_component>
      <object_component id="oc-d7">
         <name>DmaRegsFile</name>
         <uninitialized>true</uninitialized>
         <run_address>0x1000</run_address>
         <size>0xe0</size>
         <input_file_ref idref="fl-3"/>
      </object_component>
      <object_component id="oc-b6">
         <name>ECap1RegsFile</name>
         <uninitialized>true</uninitialized>
         <run_address>0x5200</run_address>
         <size>0x20</size>
         <input_file_ref idref="fl-3"/>
      </object_component>
      <object_component id="oc-b8">
         <name>ECap2RegsFile</name>
         <uninitialized>true</uninitialized>
         <run_address>0x5240</run_address>
         <size>0x20</size>
         <input_file_ref idref="fl-3"/>
      </object_component>
      <object_component id="oc-b7">
         <name>ECap3RegsFile</name>
         <uninitialized>true</uninitialized>
         <run_address>0x5280</run_address>
         <size>0x20</size>
         <input_file_ref idref="fl-3"/>
      </object_component>
      <object_component id="oc-ba">
         <name>ECap4RegsFile</name>
         <uninitialized>true</uninitialized>
         <run_address>0x52c0</run_address>
         <size>0x20</size>
         <input_file_ref idref="fl-3"/>
      </object_component>
      <object_component id="oc-b5">
         <name>ECap5RegsFile</name>
         <uninitialized>true</uninitialized>
         <run_address>0x5300</run_address>
         <size>0x20</size>
         <input_file_ref idref="fl-3"/>
      </object_component>
      <object_component id="oc-b4">
         <name>ECap6RegsFile</name>
         <uninitialized>true</uninitialized>
         <run_address>0x5340</run_address>
         <size>0x20</size>
         <input_file_ref idref="fl-3"/>
      </object_component>
      <object_component id="oc-b9">
         <name>ECap7RegsFile</name>
         <uninitialized>true</uninitialized>
         <run_address>0x5380</run_address>
         <size>0x20</size>
         <input_file_ref idref="fl-3"/>
      </object_component>
      <object_component id="oc-96">
         <name>Pga1RegsFile</name>
         <uninitialized>true</uninitialized>
         <run_address>0x5b00</run_address>
         <size>0x10</size>
         <input_file_ref idref="fl-3"/>
      </object_component>
      <object_component id="oc-95">
         <name>Pga2RegsFile</name>
         <uninitialized>true</uninitialized>
         <run_address>0x5b10</run_address>
         <size>0x10</size>
         <input_file_ref idref="fl-3"/>
      </object_component>
      <object_component id="oc-97">
         <name>Pga3RegsFile</name>
         <uninitialized>true</uninitialized>
         <run_address>0x5b20</run_address>
         <size>0x10</size>
         <input_file_ref idref="fl-3"/>
      </object_component>
      <object_component id="oc-9a">
         <name>Pga4RegsFile</name>
         <uninitialized>true</uninitialized>
         <run_address>0x5b30</run_address>
         <size>0x10</size>
         <input_file_ref idref="fl-3"/>
      </object_component>
      <object_component id="oc-99">
         <name>Pga5RegsFile</name>
         <uninitialized>true</uninitialized>
         <run_address>0x5b40</run_address>
         <size>0x10</size>
         <input_file_ref idref="fl-3"/>
      </object_component>
      <object_component id="oc-98">
         <name>Pga6RegsFile</name>
         <uninitialized>true</uninitialized>
         <run_address>0x5b50</run_address>
         <size>0x10</size>
         <input_file_ref idref="fl-3"/>
      </object_component>
      <object_component id="oc-9b">
         <name>Pga7RegsFile</name>
         <uninitialized>true</uninitialized>
         <run_address>0x5b60</run_address>
         <size>0x10</size>
         <input_file_ref idref="fl-3"/>
      </object_component>
      <object_component id="oc-de">
         <name>EPwm1RegsFile</name>
         <uninitialized>true</uninitialized>
         <run_address>0x4000</run_address>
         <size>0x100</size>
         <input_file_ref idref="fl-3"/>
      </object_component>
      <object_component id="oc-dd">
         <name>EPwm2RegsFile</name>
         <uninitialized>true</uninitialized>
         <run_address>0x4100</run_address>
         <size>0x100</size>
         <input_file_ref idref="fl-3"/>
      </object_component>
      <object_component id="oc-e1">
         <name>EPwm3RegsFile</name>
         <uninitialized>true</uninitialized>
         <run_address>0x4200</run_address>
         <size>0x100</size>
         <input_file_ref idref="fl-3"/>
      </object_component>
      <object_component id="oc-db">
         <name>EPwm4RegsFile</name>
         <uninitialized>true</uninitialized>
         <run_address>0x4300</run_address>
         <size>0x100</size>
         <input_file_ref idref="fl-3"/>
      </object_component>
      <object_component id="oc-da">
         <name>EPwm5RegsFile</name>
         <uninitialized>true</uninitialized>
         <run_address>0x4400</run_address>
         <size>0x100</size>
         <input_file_ref idref="fl-3"/>
      </object_component>
      <object_component id="oc-df">
         <name>EPwm6RegsFile</name>
         <uninitialized>true</uninitialized>
         <run_address>0x4500</run_address>
         <size>0x100</size>
         <input_file_ref idref="fl-3"/>
      </object_component>
      <object_component id="oc-dc">
         <name>EPwm7RegsFile</name>
         <uninitialized>true</uninitialized>
         <run_address>0x4600</run_address>
         <size>0x100</size>
         <input_file_ref idref="fl-3"/>
      </object_component>
      <object_component id="oc-e0">
         <name>EPwm8RegsFile</name>
         <uninitialized>true</uninitialized>
         <run_address>0x4700</run_address>
         <size>0x100</size>
         <input_file_ref idref="fl-3"/>
      </object_component>
      <object_component id="oc-ca">
         <name>EPwmXbarRegsFile</name>
         <uninitialized>true</uninitialized>
         <run_address>0x7a00</run_address>
         <size>0x40</size>
         <input_file_ref idref="fl-3"/>
      </object_component>
      <object_component id="oc-c8">
         <name>EQep1RegsFile</name>
         <uninitialized>true</uninitialized>
         <run_address>0x5100</run_address>
         <size>0x40</size>
         <input_file_ref idref="fl-3"/>
      </object_component>
      <object_component id="oc-cb">
         <name>EQep2RegsFile</name>
         <uninitialized>true</uninitialized>
         <run_address>0x5140</run_address>
         <size>0x40</size>
         <input_file_ref idref="fl-3"/>
      </object_component>
      <object_component id="oc-a5">
         <name>EnhancedDebugGlobalRegsFile</name>
         <uninitialized>true</uninitialized>
         <run_address>0x5e800</run_address>
         <size>0x13</size>
         <input_file_ref idref="fl-3"/>
      </object_component>
      <object_component id="oc-90">
         <name>EnhancedDebugHWBP1RegsFile</name>
         <uninitialized>true</uninitialized>
         <run_address>0x5e900</run_address>
         <size>0x8</size>
         <input_file_ref idref="fl-3"/>
      </object_component>
      <object_component id="oc-8f">
         <name>EnhancedDebugHWBP2RegsFile</name>
         <uninitialized>true</uninitialized>
         <run_address>0x5e908</run_address>
         <size>0x8</size>
         <input_file_ref idref="fl-3"/>
      </object_component>
      <object_component id="oc-91">
         <name>EnhancedDebugHWBP3RegsFile</name>
         <uninitialized>true</uninitialized>
         <run_address>0x5e910</run_address>
         <size>0x8</size>
         <input_file_ref idref="fl-3"/>
      </object_component>
      <object_component id="oc-8a">
         <name>EnhancedDebugHWBP4RegsFile</name>
         <uninitialized>true</uninitialized>
         <run_address>0x5e918</run_address>
         <size>0x8</size>
         <input_file_ref idref="fl-3"/>
      </object_component>
      <object_component id="oc-88">
         <name>EnhancedDebugHWBP5RegsFile</name>
         <uninitialized>true</uninitialized>
         <run_address>0x5e920</run_address>
         <size>0x8</size>
         <input_file_ref idref="fl-3"/>
      </object_component>
      <object_component id="oc-89">
         <name>EnhancedDebugHWBP6RegsFile</name>
         <uninitialized>true</uninitialized>
         <run_address>0x5e928</run_address>
         <size>0x8</size>
         <input_file_ref idref="fl-3"/>
      </object_component>
      <object_component id="oc-87">
         <name>EnhancedDebugHWBP7RegsFile</name>
         <uninitialized>true</uninitialized>
         <run_address>0x5e930</run_address>
         <size>0x8</size>
         <input_file_ref idref="fl-3"/>
      </object_component>
      <object_component id="oc-8d">
         <name>EnhancedDebugHWBP8RegsFile</name>
         <uninitialized>true</uninitialized>
         <run_address>0x5e938</run_address>
         <size>0x8</size>
         <input_file_ref idref="fl-3"/>
      </object_component>
      <object_component id="oc-a3">
         <name>EnhancedDebugCounter1RegsFile</name>
         <uninitialized>true</uninitialized>
         <run_address>0x5e980</run_address>
         <size>0x10</size>
         <input_file_ref idref="fl-3"/>
      </object_component>
      <object_component id="oc-a0">
         <name>EnhancedDebugCounter2RegsFile</name>
         <uninitialized>true</uninitialized>
         <run_address>0x5e990</run_address>
         <size>0x10</size>
         <input_file_ref idref="fl-3"/>
      </object_component>
      <object_component id="oc-a1">
         <name>EnhancedDebugCounter3RegsFile</name>
         <uninitialized>true</uninitialized>
         <run_address>0x5e9a0</run_address>
         <size>0x10</size>
         <input_file_ref idref="fl-3"/>
      </object_component>
      <object_component id="oc-9c">
         <name>EnhancedDebugCounter4RegsFile</name>
         <uninitialized>true</uninitialized>
         <run_address>0x5e9b0</run_address>
         <size>0x10</size>
         <input_file_ref idref="fl-3"/>
      </object_component>
      <object_component id="oc-e3">
         <name>Flash0CtrlRegsFile</name>
         <uninitialized>true</uninitialized>
         <run_address>0x5f800</run_address>
         <size>0x182</size>
         <input_file_ref idref="fl-3"/>
      </object_component>
      <object_component id="oc-c2">
         <name>Flash0EccRegsFile</name>
         <uninitialized>true</uninitialized>
         <run_address>0x5fb00</run_address>
         <size>0x28</size>
         <input_file_ref idref="fl-3"/>
      </object_component>
      <object_component id="oc-ce">
         <name>FsiTxaRegsFile</name>
         <uninitialized>true</uninitialized>
         <run_address>0x6600</run_address>
         <size>0x42</size>
         <input_file_ref idref="fl-3"/>
      </object_component>
      <object_component id="oc-cd">
         <name>FsiRxaRegsFile</name>
         <uninitialized>true</uninitialized>
         <run_address>0x6680</run_address>
         <size>0x42</size>
         <input_file_ref idref="fl-3"/>
      </object_component>
      <object_component id="oc-e7">
         <name>GpioCtrlRegsFile</name>
         <uninitialized>true</uninitialized>
         <run_address>0x7c00</run_address>
         <size>0x200</size>
         <input_file_ref idref="fl-3"/>
      </object_component>
      <object_component id="oc-c9">
         <name>GpioDataRegsFile</name>
         <uninitialized>true</uninitialized>
         <run_address>0x7f00</run_address>
         <size>0x40</size>
         <input_file_ref idref="fl-3"/>
      </object_component>
      <object_component id="oc-bd">
         <name>I2caRegsFile</name>
         <uninitialized>true</uninitialized>
         <run_address>0x7300</run_address>
         <size>0x22</size>
         <input_file_ref idref="fl-3"/>
      </object_component>
      <object_component id="oc-af">
         <name>InputXbarRegsFile</name>
         <uninitialized>true</uninitialized>
         <run_address>0x7900</run_address>
         <size>0x20</size>
         <input_file_ref idref="fl-3"/>
      </object_component>
      <object_component id="oc-b0">
         <name>XbarRegsFile</name>
         <uninitialized>true</uninitialized>
         <run_address>0x7920</run_address>
         <size>0x20</size>
         <input_file_ref idref="fl-3"/>
      </object_component>
      <object_component id="oc-d9">
         <name>LinaRegsFile</name>
         <uninitialized>true</uninitialized>
         <run_address>0x6a00</run_address>
         <size>0xec</size>
         <input_file_ref idref="fl-3"/>
      </object_component>
      <object_component id="oc-d8">
         <name>LinbRegsFile</name>
         <uninitialized>true</uninitialized>
         <run_address>0x6b00</run_address>
         <size>0xec</size>
         <input_file_ref idref="fl-3"/>
      </object_component>
      <object_component id="oc-d3">
         <name>MemCfgRegsFile</name>
         <uninitialized>true</uninitialized>
         <run_address>0x5f400</run_address>
         <size>0x80</size>
         <input_file_ref idref="fl-3"/>
      </object_component>
      <object_component id="oc-cc">
         <name>AccessProtectionRegsFile</name>
         <uninitialized>true</uninitialized>
         <run_address>0x5f4c0</run_address>
         <size>0x40</size>
         <input_file_ref idref="fl-3"/>
      </object_component>
      <object_component id="oc-c6">
         <name>MemoryErrorRegsFile</name>
         <uninitialized>true</uninitialized>
         <run_address>0x5f500</run_address>
         <size>0x40</size>
         <input_file_ref idref="fl-3"/>
      </object_component>
      <object_component id="oc-85">
         <name>NmiIntruptRegsFile</name>
         <uninitialized>true</uninitialized>
         <run_address>0x7060</run_address>
         <size>0x7</size>
         <input_file_ref idref="fl-3"/>
      </object_component>
      <object_component id="oc-c7">
         <name>OutputXbarRegsFile</name>
         <uninitialized>true</uninitialized>
         <run_address>0x7a80</run_address>
         <size>0x40</size>
         <input_file_ref idref="fl-3"/>
      </object_component>
      <object_component id="oc-a9">
         <name>PieCtrlRegsFile</name>
         <uninitialized>true</uninitialized>
         <run_address>0xce0</run_address>
         <size>0x1a</size>
         <input_file_ref idref="fl-3"/>
      </object_component>
      <object_component id="oc-b2">
         <name>PmbusaRegsFile</name>
         <uninitialized>true</uninitialized>
         <run_address>0x6400</run_address>
         <size>0x20</size>
         <input_file_ref idref="fl-3"/>
      </object_component>
      <object_component id="oc-9e">
         <name>SciaRegsFile</name>
         <uninitialized>true</uninitialized>
         <run_address>0x7200</run_address>
         <size>0x10</size>
         <input_file_ref idref="fl-3"/>
      </object_component>
      <object_component id="oc-9d">
         <name>ScibRegsFile</name>
         <uninitialized>true</uninitialized>
         <run_address>0x7210</run_address>
         <size>0x10</size>
         <input_file_ref idref="fl-3"/>
      </object_component>
      <object_component id="oc-cf">
         <name>Sdfm1RegsFile</name>
         <uninitialized>true</uninitialized>
         <run_address>0x5e00</run_address>
         <size>0x70</size>
         <input_file_ref idref="fl-3"/>
      </object_component>
      <object_component id="oc-a2">
         <name>SpiaRegsFile</name>
         <uninitialized>true</uninitialized>
         <run_address>0x6100</run_address>
         <size>0x10</size>
         <input_file_ref idref="fl-3"/>
      </object_component>
      <object_component id="oc-9f">
         <name>SpibRegsFile</name>
         <uninitialized>true</uninitialized>
         <run_address>0x6110</run_address>
         <size>0x10</size>
         <input_file_ref idref="fl-3"/>
      </object_component>
      <object_component id="oc-c3">
         <name>WdRegsFile</name>
         <uninitialized>true</uninitialized>
         <run_address>0x7000</run_address>
         <size>0x2b</size>
         <input_file_ref idref="fl-3"/>
      </object_component>
      <object_component id="oc-aa">
         <name>DmaClaSrcSelRegsFile</name>
         <uninitialized>true</uninitialized>
         <run_address>0x7980</run_address>
         <size>0x1a</size>
         <input_file_ref idref="fl-3"/>
      </object_component>
      <object_component id="oc-e2">
         <name>DevCfgRegsFile</name>
         <uninitialized>true</uninitialized>
         <run_address>0x5d000</run_address>
         <size>0x180</size>
         <input_file_ref idref="fl-3"/>
      </object_component>
      <object_component id="oc-c5">
         <name>ClkCfgRegsFile</name>
         <uninitialized>true</uninitialized>
         <run_address>0x5d200</run_address>
         <size>0x36</size>
         <input_file_ref idref="fl-3"/>
      </object_component>
      <object_component id="oc-d5">
         <name>CpuSysRegsFile</name>
         <uninitialized>true</uninitialized>
         <run_address>0x5d300</run_address>
         <size>0x82</size>
         <input_file_ref idref="fl-3"/>
      </object_component>
      <object_component id="oc-e8">
         <name>SysPeriphAcRegsFile</name>
         <uninitialized>true</uninitialized>
         <run_address>0x5d500</run_address>
         <size>0x200</size>
         <input_file_ref idref="fl-3"/>
      </object_component>
      <object_component id="oc-84">
         <name>SyncSocRegsFile</name>
         <uninitialized>true</uninitialized>
         <run_address>0x7940</run_address>
         <size>0x6</size>
         <input_file_ref idref="fl-3"/>
      </object_component>
      <object_component id="oc-93">
         <name>XintRegsFile</name>
         <uninitialized>true</uninitialized>
         <run_address>0x7070</run_address>
         <size>0xb</size>
         <input_file_ref idref="fl-3"/>
      </object_component>
      <object_component id="oc-7d">
         <name>.debug_info</name>
         <load_address>0x0</load_address>
         <run_address>0x0</run_address>
         <size>0x2db4</size>
         <input_file_ref idref="fl-2"/>
      </object_component>
      <object_component id="oc-83">
         <name>.debug_info</name>
         <load_address>0x2db4</load_address>
         <run_address>0x2db4</run_address>
         <size>0x4bfd6</size>
         <input_file_ref idref="fl-3"/>
      </object_component>
      <object_component id="oc-ea">
         <name>.debug_info</name>
         <load_address>0x4ed8a</load_address>
         <run_address>0x4ed8a</run_address>
         <size>0x91dd</size>
         <input_file_ref idref="fl-4"/>
      </object_component>
      <object_component id="oc-ef">
         <name>.debug_info</name>
         <load_address>0x57f67</load_address>
         <run_address>0x57f67</run_address>
         <size>0x3581</size>
         <input_file_ref idref="fl-5"/>
      </object_component>
      <object_component id="oc-f4">
         <name>.debug_info</name>
         <load_address>0x5b4e8</load_address>
         <run_address>0x5b4e8</run_address>
         <size>0x66a5</size>
         <input_file_ref idref="fl-6"/>
      </object_component>
      <object_component id="oc-f9">
         <name>.debug_info</name>
         <load_address>0x61b8d</load_address>
         <run_address>0x61b8d</run_address>
         <size>0x7622</size>
         <input_file_ref idref="fl-7"/>
      </object_component>
      <object_component id="oc-ff">
         <name>.debug_info</name>
         <load_address>0x691af</load_address>
         <run_address>0x691af</run_address>
         <size>0xf4</size>
         <input_file_ref idref="fl-8"/>
      </object_component>
      <object_component id="oc-103">
         <name>.debug_info</name>
         <load_address>0x692a3</load_address>
         <run_address>0x692a3</run_address>
         <size>0x12545</size>
         <input_file_ref idref="fl-9"/>
      </object_component>
      <object_component id="oc-10b">
         <name>.debug_info</name>
         <load_address>0x7b7e8</load_address>
         <run_address>0x7b7e8</run_address>
         <size>0x55c6</size>
         <input_file_ref idref="fl-a"/>
      </object_component>
      <object_component id="oc-111">
         <name>.debug_info</name>
         <load_address>0x80dae</load_address>
         <run_address>0x80dae</run_address>
         <size>0x1940</size>
         <input_file_ref idref="fl-b"/>
      </object_component>
      <object_component id="oc-116">
         <name>.debug_info</name>
         <load_address>0x826ee</load_address>
         <run_address>0x826ee</run_address>
         <size>0x108</size>
         <input_file_ref idref="fl-c"/>
      </object_component>
      <object_component id="oc-11a">
         <name>.debug_info</name>
         <load_address>0x827f6</load_address>
         <run_address>0x827f6</run_address>
         <size>0x762</size>
         <input_file_ref idref="fl-d"/>
      </object_component>
      <object_component id="oc-11f">
         <name>.debug_info</name>
         <load_address>0x82f58</load_address>
         <run_address>0x82f58</run_address>
         <size>0x194</size>
         <input_file_ref idref="fl-e"/>
      </object_component>
      <object_component id="oc-121">
         <name>.debug_info</name>
         <load_address>0x830ec</load_address>
         <run_address>0x830ec</run_address>
         <size>0x4cb</size>
         <input_file_ref idref="fl-f"/>
      </object_component>
      <object_component id="oc-126">
         <name>.debug_info</name>
         <load_address>0x835b7</load_address>
         <run_address>0x835b7</run_address>
         <size>0x965</size>
         <input_file_ref idref="fl-10"/>
      </object_component>
      <object_component id="oc-12b">
         <name>.debug_info</name>
         <load_address>0x83f1c</load_address>
         <run_address>0x83f1c</run_address>
         <size>0x197</size>
         <input_file_ref idref="fl-11"/>
      </object_component>
      <object_component id="oc-12d">
         <name>.debug_info</name>
         <load_address>0x840b3</load_address>
         <run_address>0x840b3</run_address>
         <size>0x3a7</size>
         <input_file_ref idref="fl-12"/>
      </object_component>
      <object_component id="oc-132">
         <name>.debug_info</name>
         <load_address>0x8445a</load_address>
         <run_address>0x8445a</run_address>
         <size>0x434</size>
         <input_file_ref idref="fl-13"/>
      </object_component>
      <object_component id="oc-137">
         <name>.debug_info</name>
         <load_address>0x8488e</load_address>
         <run_address>0x8488e</run_address>
         <size>0x3b2</size>
         <input_file_ref idref="fl-14"/>
      </object_component>
      <object_component id="oc-13c">
         <name>.debug_info</name>
         <load_address>0x84c40</load_address>
         <run_address>0x84c40</run_address>
         <size>0x43a</size>
         <input_file_ref idref="fl-15"/>
      </object_component>
      <object_component id="oc-141">
         <name>.debug_info</name>
         <load_address>0x8507a</load_address>
         <run_address>0x8507a</run_address>
         <size>0x8c4</size>
         <input_file_ref idref="fl-16"/>
      </object_component>
      <object_component id="oc-146">
         <name>.debug_info</name>
         <load_address>0x8593e</load_address>
         <run_address>0x8593e</run_address>
         <size>0x94c</size>
         <input_file_ref idref="fl-17"/>
      </object_component>
      <object_component id="oc-14b">
         <name>.debug_info</name>
         <load_address>0x8628a</load_address>
         <run_address>0x8628a</run_address>
         <size>0x402</size>
         <input_file_ref idref="fl-18"/>
      </object_component>
      <object_component id="oc-150">
         <name>.debug_info</name>
         <load_address>0x8668c</load_address>
         <run_address>0x8668c</run_address>
         <size>0x41a</size>
         <input_file_ref idref="fl-19"/>
      </object_component>
      <object_component id="oc-155">
         <name>.debug_info</name>
         <load_address>0x86aa6</load_address>
         <run_address>0x86aa6</run_address>
         <size>0x3a6</size>
         <input_file_ref idref="fl-1a"/>
      </object_component>
      <object_component id="oc-15a">
         <name>.debug_info</name>
         <load_address>0x86e4c</load_address>
         <run_address>0x86e4c</run_address>
         <size>0xdde</size>
         <input_file_ref idref="fl-1b"/>
      </object_component>
      <object_component id="oc-15f">
         <name>.debug_info</name>
         <load_address>0x87c2a</load_address>
         <run_address>0x87c2a</run_address>
         <size>0x4eb</size>
         <input_file_ref idref="fl-1c"/>
      </object_component>
      <object_component id="oc-164">
         <name>.debug_info</name>
         <load_address>0x88115</load_address>
         <run_address>0x88115</run_address>
         <size>0x127d</size>
         <input_file_ref idref="fl-1d"/>
      </object_component>
      <object_component id="oc-169">
         <name>.debug_info</name>
         <load_address>0x89392</load_address>
         <run_address>0x89392</run_address>
         <size>0x192</size>
         <input_file_ref idref="fl-1e"/>
      </object_component>
      <object_component id="oc-16b">
         <name>.debug_info</name>
         <load_address>0x89524</load_address>
         <run_address>0x89524</run_address>
         <size>0x192</size>
         <input_file_ref idref="fl-1f"/>
      </object_component>
      <object_component id="oc-16d">
         <name>.debug_info</name>
         <load_address>0x896b6</load_address>
         <run_address>0x896b6</run_address>
         <size>0x3d5</size>
         <input_file_ref idref="fl-20"/>
      </object_component>
      <object_component id="oc-172">
         <name>.debug_info</name>
         <load_address>0x89a8b</load_address>
         <run_address>0x89a8b</run_address>
         <size>0xba4</size>
         <input_file_ref idref="fl-21"/>
      </object_component>
      <object_component id="oc-177">
         <name>.debug_info</name>
         <load_address>0x8a62f</load_address>
         <run_address>0x8a62f</run_address>
         <size>0x536</size>
         <input_file_ref idref="fl-22"/>
      </object_component>
      <object_component id="oc-17c">
         <name>.debug_info</name>
         <load_address>0x8ab65</load_address>
         <run_address>0x8ab65</run_address>
         <size>0x47a</size>
         <input_file_ref idref="fl-23"/>
      </object_component>
      <object_component id="oc-181">
         <name>.debug_info</name>
         <load_address>0x8afdf</load_address>
         <run_address>0x8afdf</run_address>
         <size>0x190</size>
         <input_file_ref idref="fl-24"/>
      </object_component>
      <object_component id="oc-183">
         <name>.debug_info</name>
         <load_address>0x8b16f</load_address>
         <run_address>0x8b16f</run_address>
         <size>0x44e</size>
         <input_file_ref idref="fl-25"/>
      </object_component>
      <object_component id="oc-188">
         <name>.debug_info</name>
         <load_address>0x8b5bd</load_address>
         <run_address>0x8b5bd</run_address>
         <size>0x1215</size>
         <input_file_ref idref="fl-26"/>
      </object_component>
      <object_component id="oc-18d">
         <name>.debug_info</name>
         <load_address>0x8c7d2</load_address>
         <run_address>0x8c7d2</run_address>
         <size>0x4bf</size>
         <input_file_ref idref="fl-27"/>
      </object_component>
      <object_component id="oc-192">
         <name>.debug_info</name>
         <load_address>0x8cc91</load_address>
         <run_address>0x8cc91</run_address>
         <size>0x468</size>
         <input_file_ref idref="fl-28"/>
      </object_component>
      <object_component id="oc-197">
         <name>.debug_info</name>
         <load_address>0x8d0f9</load_address>
         <run_address>0x8d0f9</run_address>
         <size>0x2084</size>
         <input_file_ref idref="fl-29"/>
      </object_component>
      <object_component id="oc-19d">
         <name>.debug_info</name>
         <load_address>0x8f17d</load_address>
         <run_address>0x8f17d</run_address>
         <size>0x389</size>
         <input_file_ref idref="fl-2a"/>
      </object_component>
      <object_component id="oc-1a2">
         <name>.debug_info</name>
         <load_address>0x8f506</load_address>
         <run_address>0x8f506</run_address>
         <size>0x1fe9</size>
         <input_file_ref idref="fl-2b"/>
      </object_component>
      <object_component id="oc-1a8">
         <name>.debug_info</name>
         <load_address>0x914ef</load_address>
         <run_address>0x914ef</run_address>
         <size>0x58df</size>
         <input_file_ref idref="fl-35"/>
      </object_component>
      <object_component id="oc-1b1">
         <name>.debug_info</name>
         <load_address>0x96dce</load_address>
         <run_address>0x96dce</run_address>
         <size>0x16b</size>
         <input_file_ref idref="fl-41"/>
      </object_component>
      <object_component id="oc-1b6">
         <name>.debug_info</name>
         <load_address>0x96f39</load_address>
         <run_address>0x96f39</run_address>
         <size>0x10c</size>
         <input_file_ref idref="fl-42"/>
      </object_component>
      <object_component id="oc-1ba">
         <name>.debug_info</name>
         <load_address>0x97045</load_address>
         <run_address>0x97045</run_address>
         <size>0x57f</size>
         <input_file_ref idref="fl-43"/>
      </object_component>
      <object_component id="oc-1bf">
         <name>.debug_info</name>
         <load_address>0x975c4</load_address>
         <run_address>0x975c4</run_address>
         <size>0x47a</size>
         <input_file_ref idref="fl-44"/>
      </object_component>
      <object_component id="oc-1c4">
         <name>.debug_info</name>
         <load_address>0x97a3e</load_address>
         <run_address>0x97a3e</run_address>
         <size>0x3ed</size>
         <input_file_ref idref="fl-45"/>
      </object_component>
      <object_component id="oc-1c9">
         <name>.debug_info</name>
         <load_address>0x97e2b</load_address>
         <run_address>0x97e2b</run_address>
         <size>0x3ea</size>
         <input_file_ref idref="fl-46"/>
      </object_component>
      <object_component id="oc-1ce">
         <name>.debug_info</name>
         <load_address>0x98215</load_address>
         <run_address>0x98215</run_address>
         <size>0x584</size>
         <input_file_ref idref="fl-47"/>
      </object_component>
      <object_component id="oc-1d5">
         <name>.debug_info</name>
         <load_address>0x98799</load_address>
         <run_address>0x98799</run_address>
         <size>0x50c</size>
         <input_file_ref idref="fl-48"/>
      </object_component>
      <object_component id="oc-1da">
         <name>.debug_info</name>
         <load_address>0x98ca5</load_address>
         <run_address>0x98ca5</run_address>
         <size>0x4a7</size>
         <input_file_ref idref="fl-49"/>
      </object_component>
      <object_component id="oc-27b">
         <name>.debug_info</name>
         <load_address>0x9914c</load_address>
         <run_address>0x9914c</run_address>
         <size>0xaf</size>
      </object_component>
      <object_component id="oc-7f">
         <name>.debug_frame</name>
         <load_address>0x0</load_address>
         <run_address>0x0</run_address>
         <size>0x12f4</size>
         <input_file_ref idref="fl-2"/>
      </object_component>
      <object_component id="oc-eb">
         <name>.debug_frame</name>
         <load_address>0x12f4</load_address>
         <run_address>0x12f4</run_address>
         <size>0x30</size>
         <input_file_ref idref="fl-4"/>
      </object_component>
      <object_component id="oc-f0">
         <name>.debug_frame</name>
         <load_address>0x1324</load_address>
         <run_address>0x1324</run_address>
         <size>0x60</size>
         <input_file_ref idref="fl-5"/>
      </object_component>
      <object_component id="oc-f5">
         <name>.debug_frame</name>
         <load_address>0x1384</load_address>
         <run_address>0x1384</run_address>
         <size>0x4c</size>
         <input_file_ref idref="fl-6"/>
      </object_component>
      <object_component id="oc-fa">
         <name>.debug_frame</name>
         <load_address>0x13d0</load_address>
         <run_address>0x13d0</run_address>
         <size>0x30</size>
         <input_file_ref idref="fl-7"/>
      </object_component>
      <object_component id="oc-107">
         <name>.debug_frame</name>
         <load_address>0x1400</load_address>
         <run_address>0x1400</run_address>
         <size>0x3fc</size>
         <input_file_ref idref="fl-9"/>
      </object_component>
      <object_component id="oc-10d">
         <name>.debug_frame</name>
         <load_address>0x17fc</load_address>
         <run_address>0x17fc</run_address>
         <size>0x530</size>
         <input_file_ref idref="fl-a"/>
      </object_component>
      <object_component id="oc-112">
         <name>.debug_frame</name>
         <load_address>0x1d2c</load_address>
         <run_address>0x1d2c</run_address>
         <size>0x104</size>
         <input_file_ref idref="fl-b"/>
      </object_component>
      <object_component id="oc-11b">
         <name>.debug_frame</name>
         <load_address>0x1e30</load_address>
         <run_address>0x1e30</run_address>
         <size>0x68</size>
         <input_file_ref idref="fl-d"/>
      </object_component>
      <object_component id="oc-122">
         <name>.debug_frame</name>
         <load_address>0x1e98</load_address>
         <run_address>0x1e98</run_address>
         <size>0x30</size>
         <input_file_ref idref="fl-f"/>
      </object_component>
      <object_component id="oc-127">
         <name>.debug_frame</name>
         <load_address>0x1ec8</load_address>
         <run_address>0x1ec8</run_address>
         <size>0x30</size>
         <input_file_ref idref="fl-10"/>
      </object_component>
      <object_component id="oc-12e">
         <name>.debug_frame</name>
         <load_address>0x1ef8</load_address>
         <run_address>0x1ef8</run_address>
         <size>0x30</size>
         <input_file_ref idref="fl-12"/>
      </object_component>
      <object_component id="oc-133">
         <name>.debug_frame</name>
         <load_address>0x1f28</load_address>
         <run_address>0x1f28</run_address>
         <size>0x30</size>
         <input_file_ref idref="fl-13"/>
      </object_component>
      <object_component id="oc-138">
         <name>.debug_frame</name>
         <load_address>0x1f58</load_address>
         <run_address>0x1f58</run_address>
         <size>0x30</size>
         <input_file_ref idref="fl-14"/>
      </object_component>
      <object_component id="oc-13d">
         <name>.debug_frame</name>
         <load_address>0x1f88</load_address>
         <run_address>0x1f88</run_address>
         <size>0x30</size>
         <input_file_ref idref="fl-15"/>
      </object_component>
      <object_component id="oc-142">
         <name>.debug_frame</name>
         <load_address>0x1fb8</load_address>
         <run_address>0x1fb8</run_address>
         <size>0x30</size>
         <input_file_ref idref="fl-16"/>
      </object_component>
      <object_component id="oc-147">
         <name>.debug_frame</name>
         <load_address>0x1fe8</load_address>
         <run_address>0x1fe8</run_address>
         <size>0x30</size>
         <input_file_ref idref="fl-17"/>
      </object_component>
      <object_component id="oc-14c">
         <name>.debug_frame</name>
         <load_address>0x2018</load_address>
         <run_address>0x2018</run_address>
         <size>0x30</size>
         <input_file_ref idref="fl-18"/>
      </object_component>
      <object_component id="oc-151">
         <name>.debug_frame</name>
         <load_address>0x2048</load_address>
         <run_address>0x2048</run_address>
         <size>0x30</size>
         <input_file_ref idref="fl-19"/>
      </object_component>
      <object_component id="oc-156">
         <name>.debug_frame</name>
         <load_address>0x2078</load_address>
         <run_address>0x2078</run_address>
         <size>0x30</size>
         <input_file_ref idref="fl-1a"/>
      </object_component>
      <object_component id="oc-15b">
         <name>.debug_frame</name>
         <load_address>0x20a8</load_address>
         <run_address>0x20a8</run_address>
         <size>0x148</size>
         <input_file_ref idref="fl-1b"/>
      </object_component>
      <object_component id="oc-160">
         <name>.debug_frame</name>
         <load_address>0x21f0</load_address>
         <run_address>0x21f0</run_address>
         <size>0x30</size>
         <input_file_ref idref="fl-1c"/>
      </object_component>
      <object_component id="oc-165">
         <name>.debug_frame</name>
         <load_address>0x2220</load_address>
         <run_address>0x2220</run_address>
         <size>0x180</size>
         <input_file_ref idref="fl-1d"/>
      </object_component>
      <object_component id="oc-16e">
         <name>.debug_frame</name>
         <load_address>0x23a0</load_address>
         <run_address>0x23a0</run_address>
         <size>0x30</size>
         <input_file_ref idref="fl-20"/>
      </object_component>
      <object_component id="oc-173">
         <name>.debug_frame</name>
         <load_address>0x23d0</load_address>
         <run_address>0x23d0</run_address>
         <size>0x130</size>
         <input_file_ref idref="fl-21"/>
      </object_component>
      <object_component id="oc-178">
         <name>.debug_frame</name>
         <load_address>0x2500</load_address>
         <run_address>0x2500</run_address>
         <size>0x30</size>
         <input_file_ref idref="fl-22"/>
      </object_component>
      <object_component id="oc-17d">
         <name>.debug_frame</name>
         <load_address>0x2530</load_address>
         <run_address>0x2530</run_address>
         <size>0x30</size>
         <input_file_ref idref="fl-23"/>
      </object_component>
      <object_component id="oc-184">
         <name>.debug_frame</name>
         <load_address>0x2560</load_address>
         <run_address>0x2560</run_address>
         <size>0x30</size>
         <input_file_ref idref="fl-25"/>
      </object_component>
      <object_component id="oc-189">
         <name>.debug_frame</name>
         <load_address>0x2590</load_address>
         <run_address>0x2590</run_address>
         <size>0x1d4</size>
         <input_file_ref idref="fl-26"/>
      </object_component>
      <object_component id="oc-18e">
         <name>.debug_frame</name>
         <load_address>0x2764</load_address>
         <run_address>0x2764</run_address>
         <size>0x30</size>
         <input_file_ref idref="fl-27"/>
      </object_component>
      <object_component id="oc-193">
         <name>.debug_frame</name>
         <load_address>0x2794</load_address>
         <run_address>0x2794</run_address>
         <size>0x30</size>
         <input_file_ref idref="fl-28"/>
      </object_component>
      <object_component id="oc-199">
         <name>.debug_frame</name>
         <load_address>0x27c4</load_address>
         <run_address>0x27c4</run_address>
         <size>0x26c</size>
         <input_file_ref idref="fl-29"/>
      </object_component>
      <object_component id="oc-19e">
         <name>.debug_frame</name>
         <load_address>0x2a30</load_address>
         <run_address>0x2a30</run_address>
         <size>0x30</size>
         <input_file_ref idref="fl-2a"/>
      </object_component>
      <object_component id="oc-1a3">
         <name>.debug_frame</name>
         <load_address>0x2a60</load_address>
         <run_address>0x2a60</run_address>
         <size>0x30</size>
         <input_file_ref idref="fl-2b"/>
      </object_component>
      <object_component id="oc-1ab">
         <name>.debug_frame</name>
         <load_address>0x2cf8</load_address>
         <run_address>0x2cf8</run_address>
         <size>0xae</size>
         <input_file_ref idref="fl-35"/>
      </object_component>
      <object_component id="oc-1bb">
         <name>.debug_frame</name>
         <load_address>0x2a90</load_address>
         <run_address>0x2a90</run_address>
         <size>0x68</size>
         <input_file_ref idref="fl-43"/>
      </object_component>
      <object_component id="oc-1c0">
         <name>.debug_frame</name>
         <load_address>0x2af8</load_address>
         <run_address>0x2af8</run_address>
         <size>0x48</size>
         <input_file_ref idref="fl-44"/>
      </object_component>
      <object_component id="oc-1c5">
         <name>.debug_frame</name>
         <load_address>0x2b40</load_address>
         <run_address>0x2b40</run_address>
         <size>0x48</size>
         <input_file_ref idref="fl-45"/>
      </object_component>
      <object_component id="oc-1ca">
         <name>.debug_frame</name>
         <load_address>0x2b88</load_address>
         <run_address>0x2b88</run_address>
         <size>0x48</size>
         <input_file_ref idref="fl-46"/>
      </object_component>
      <object_component id="oc-1d1">
         <name>.debug_frame</name>
         <load_address>0x2bd0</load_address>
         <run_address>0x2bd0</run_address>
         <size>0x68</size>
         <input_file_ref idref="fl-47"/>
      </object_component>
      <object_component id="oc-1d6">
         <name>.debug_frame</name>
         <load_address>0x2c38</load_address>
         <run_address>0x2c38</run_address>
         <size>0x78</size>
         <input_file_ref idref="fl-48"/>
      </object_component>
      <object_component id="oc-1db">
         <name>.debug_frame</name>
         <load_address>0x2cb0</load_address>
         <run_address>0x2cb0</run_address>
         <size>0x48</size>
         <input_file_ref idref="fl-49"/>
      </object_component>
      <object_component id="oc-80">
         <name>.debug_line</name>
         <load_address>0x0</load_address>
         <run_address>0x0</run_address>
         <size>0xafc</size>
         <input_file_ref idref="fl-2"/>
      </object_component>
      <object_component id="oc-ec">
         <name>.debug_line</name>
         <load_address>0xafc</load_address>
         <run_address>0xafc</run_address>
         <size>0x32</size>
         <input_file_ref idref="fl-4"/>
      </object_component>
      <object_component id="oc-f1">
         <name>.debug_line</name>
         <load_address>0xb2e</load_address>
         <run_address>0xb2e</run_address>
         <size>0x81</size>
         <input_file_ref idref="fl-5"/>
      </object_component>
      <object_component id="oc-f6">
         <name>.debug_line</name>
         <load_address>0xbaf</load_address>
         <run_address>0xbaf</run_address>
         <size>0x69</size>
         <input_file_ref idref="fl-6"/>
      </object_component>
      <object_component id="oc-fb">
         <name>.debug_line</name>
         <load_address>0xc18</load_address>
         <run_address>0xc18</run_address>
         <size>0x35</size>
         <input_file_ref idref="fl-7"/>
      </object_component>
      <object_component id="oc-100">
         <name>.debug_line</name>
         <load_address>0xc4d</load_address>
         <run_address>0xc4d</run_address>
         <size>0x47</size>
         <input_file_ref idref="fl-8"/>
      </object_component>
      <object_component id="oc-108">
         <name>.debug_line</name>
         <load_address>0xc94</load_address>
         <run_address>0xc94</run_address>
         <size>0xdaf</size>
         <input_file_ref idref="fl-9"/>
      </object_component>
      <object_component id="oc-10e">
         <name>.debug_line</name>
         <load_address>0x1a43</load_address>
         <run_address>0x1a43</run_address>
         <size>0x799</size>
         <input_file_ref idref="fl-a"/>
      </object_component>
      <object_component id="oc-113">
         <name>.debug_line</name>
         <load_address>0x21dc</load_address>
         <run_address>0x21dc</run_address>
         <size>0x1db</size>
         <input_file_ref idref="fl-b"/>
      </object_component>
      <object_component id="oc-117">
         <name>.debug_line</name>
         <load_address>0x23b7</load_address>
         <run_address>0x23b7</run_address>
         <size>0x54</size>
         <input_file_ref idref="fl-c"/>
      </object_component>
      <object_component id="oc-11c">
         <name>.debug_line</name>
         <load_address>0x240b</load_address>
         <run_address>0x240b</run_address>
         <size>0xad</size>
         <input_file_ref idref="fl-d"/>
      </object_component>
      <object_component id="oc-123">
         <name>.debug_line</name>
         <load_address>0x24b8</load_address>
         <run_address>0x24b8</run_address>
         <size>0x57</size>
         <input_file_ref idref="fl-f"/>
      </object_component>
      <object_component id="oc-128">
         <name>.debug_line</name>
         <load_address>0x250f</load_address>
         <run_address>0x250f</run_address>
         <size>0x3a</size>
         <input_file_ref idref="fl-10"/>
      </object_component>
      <object_component id="oc-12f">
         <name>.debug_line</name>
         <load_address>0x2549</load_address>
         <run_address>0x2549</run_address>
         <size>0x3c</size>
         <input_file_ref idref="fl-12"/>
      </object_component>
      <object_component id="oc-134">
         <name>.debug_line</name>
         <load_address>0x2585</load_address>
         <run_address>0x2585</run_address>
         <size>0x3f</size>
         <input_file_ref idref="fl-13"/>
      </object_component>
      <object_component id="oc-139">
         <name>.debug_line</name>
         <load_address>0x25c4</load_address>
         <run_address>0x25c4</run_address>
         <size>0x3a</size>
         <input_file_ref idref="fl-14"/>
      </object_component>
      <object_component id="oc-13e">
         <name>.debug_line</name>
         <load_address>0x25fe</load_address>
         <run_address>0x25fe</run_address>
         <size>0x3a</size>
         <input_file_ref idref="fl-15"/>
      </object_component>
      <object_component id="oc-143">
         <name>.debug_line</name>
         <load_address>0x2638</load_address>
         <run_address>0x2638</run_address>
         <size>0x59</size>
         <input_file_ref idref="fl-16"/>
      </object_component>
      <object_component id="oc-148">
         <name>.debug_line</name>
         <load_address>0x2691</load_address>
         <run_address>0x2691</run_address>
         <size>0x3a</size>
         <input_file_ref idref="fl-17"/>
      </object_component>
      <object_component id="oc-14d">
         <name>.debug_line</name>
         <load_address>0x26cb</load_address>
         <run_address>0x26cb</run_address>
         <size>0x3b</size>
         <input_file_ref idref="fl-18"/>
      </object_component>
      <object_component id="oc-152">
         <name>.debug_line</name>
         <load_address>0x2706</load_address>
         <run_address>0x2706</run_address>
         <size>0x3b</size>
         <input_file_ref idref="fl-19"/>
      </object_component>
      <object_component id="oc-157">
         <name>.debug_line</name>
         <load_address>0x2741</load_address>
         <run_address>0x2741</run_address>
         <size>0x3b</size>
         <input_file_ref idref="fl-1a"/>
      </object_component>
      <object_component id="oc-15c">
         <name>.debug_line</name>
         <load_address>0x277c</load_address>
         <run_address>0x277c</run_address>
         <size>0x177</size>
         <input_file_ref idref="fl-1b"/>
      </object_component>
      <object_component id="oc-161">
         <name>.debug_line</name>
         <load_address>0x28f3</load_address>
         <run_address>0x28f3</run_address>
         <size>0x57</size>
         <input_file_ref idref="fl-1c"/>
      </object_component>
      <object_component id="oc-166">
         <name>.debug_line</name>
         <load_address>0x294a</load_address>
         <run_address>0x294a</run_address>
         <size>0x24e</size>
         <input_file_ref idref="fl-1d"/>
      </object_component>
      <object_component id="oc-16f">
         <name>.debug_line</name>
         <load_address>0x2b98</load_address>
         <run_address>0x2b98</run_address>
         <size>0x3a</size>
         <input_file_ref idref="fl-20"/>
      </object_component>
      <object_component id="oc-174">
         <name>.debug_line</name>
[...]
      </symbol>
      <symbol id="sm-419">
         <name>_run_duty_cycle_menu</name>
         <value>0x8150</value>
         <object_component_ref idref="oc-1e6"/>
      </symbol>
      <symbol id="sm-41a">
         <name>_UpdateFine</name>
         <value>0x13605</value>
         <object_component_ref idref="oc-105"/>
      </symbol>
      <symbol id="sm-41b">
         <name>_otherHrPwmSetup</name>
         <value>0x80d6</value>
         <object_component_ref idref="oc-1e6"/>
      </symbol>
      <symbol id="sm-41c">
         <name>_dutyString</name>
         <value>0x1361c</value>
         <object_component_ref idref="oc-105"/>
      </symbol>
      <symbol id="sm-41d">
         <name>_dutyCycleTrack</name>
         <value>0x13618</value>
         <object_component_ref idref="oc-105"/>
      </symbol>
      <symbol id="sm-41e">
         <name>_readAndSetFreq</name>
         <value>0x8ca8</value>
         <object_component_ref idref="oc-1e6"/>
      </symbol>
      <symbol id="sm-41f">
         <name>_MEP_ScaleFactor</name>
         <value>0x13604</value>
         <object_component_ref idref="oc-105"/>
      </symbol>
      <symbol id="sm-420">
         <name>_avg_ADC_curr</name>
         <value>0x8865</value>
         <object_component_ref idref="oc-1e6"/>
      </symbol>
      <symbol id="sm-421">
         <name>_powerTrackAndSend</name>
         <value>0x86ba</value>
         <object_component_ref idref="oc-1e6"/>
      </symbol>
      <symbol id="sm-422">
         <name>_period</name>
         <value>0x1360c</value>
         <object_component_ref idref="oc-105"/>
      </symbol>
      <symbol id="sm-423">
         <name>_dac</name>
         <value>0x1361a</value>
         <object_component_ref idref="oc-105"/>
      </symbol>
      <symbol id="sm-424">
         <name>_rawADCvolt</name>
         <value>0x13628</value>
         <object_component_ref idref="oc-105"/>
      </symbol>
      <symbol id="sm-425">
         <name>_run_dac_menu</name>
         <value>0x8315</value>
         <object_component_ref idref="oc-1e6"/>
      </symbol>
      <symbol id="sm-426">
         <name>_run_hr_freq_menu</name>
         <value>0x823b</value>
         <object_component_ref idref="oc-1e6"/>
      </symbol>
      <symbol id="sm-427">
         <name>_avg_ADC_volt</name>
         <value>0x888c</value>
         <object_component_ref idref="oc-1e6"/>
      </symbol>
      <symbol id="sm-428">
         <name>_rawADCcurr</name>
         <value>0x1361e</value>
         <object_component_ref idref="oc-105"/>
      </symbol>
      <symbol id="sm-429">
         <name>_currValues</name>
         <value>0x136c0</value>
         <object_component_ref idref="oc-105"/>
      </symbol>
      <symbol id="sm-42a">
         <name>_msg</name>
         <value>0x13616</value>
         <object_component_ref idref="oc-105"/>
      </symbol>
      <symbol id="sm-42b">
         <name>_currADCValues</name>
         <value>0x13740</value>
         <object_component_ref idref="oc-105"/>
      </symbol>
      <symbol id="sm-42c">
         <name>_PeriodFine</name>
         <value>0x13600</value>
         <object_component_ref idref="oc-105"/>
      </symbol>
      <symbol id="sm-42d">
         <name>_voltADC_avg</name>
         <value>0x13607</value>
         <object_component_ref idref="oc-105"/>
      </symbol>
      <symbol id="sm-42e">
         <name>_volt</name>
         <value>0x13614</value>
         <object_component_ref idref="oc-105"/>
      </symbol>
      <symbol id="sm-42f">
         <name>_maPerAdcCnt</name>
         <value>0x1362a</value>
         <object_component_ref idref="oc-105"/>
      </symbol>
      <symbol id="sm-430">
         <name>_turnOnPwms</name>
         <value>0x8dc7</value>
         <object_component_ref idref="oc-1e6"/>
      </symbol>
      <symbol id="sm-431">
         <name>_run_gui</name>
         <value>0x80fd</value>
         <object_component_ref idref="oc-1e6"/>
      </symbol>
      <symbol id="sm-432">
         <name>_freqValues</name>
         <value>0x13840</value>
         <object_component_ref idref="oc-105"/>
      </symbol>
      <symbol id="sm-433">
         <name>_ePWM</name>
         <value>0x13634</value>
         <object_component_ref idref="oc-105"/>
      </symbol>
      <symbol id="sm-434">
         <name>_run_freq_sweep_menu</name>
         <value>0x836f</value>
         <object_component_ref idref="oc-1e6"/>
      </symbol>
      <symbol id="sm-435">
         <name>_initHRPWM8GPIO</name>
         <value>0x8c6b</value>
         <object_component_ref idref="oc-1e6"/>
      </symbol>
      <symbol id="sm-436">
         <name>_mvPerAdcCnt</name>
         <value>0x13632</value>
         <object_component_ref idref="oc-105"/>
      </symbol>
      <symbol id="sm-437">
         <name>_currADC_avg</name>
         <value>0x1360a</value>
         <object_component_ref idref="oc-105"/>
      </symbol>
      <symbol id="sm-438">
         <name>_freq</name>
         <value>0x13620</value>
         <object_component_ref idref="oc-105"/>
      </symbol>
      <symbol id="sm-439">
         <name>_powerValues</name>
         <value>0x13940</value>
         <object_component_ref idref="oc-105"/>
      </symbol>
      <symbol id="sm-43a">
         <name>_endMsg</name>
         <value>0x13624</value>
         <object_component_ref idref="oc-105"/>
      </symbol>
      <symbol id="sm-43b">
         <name>_adcCResult0</name>
         <value>0x13606</value>
         <object_component_ref idref="oc-105"/>
      </symbol>
      <symbol id="sm-43c">
         <name>_adcCResult6</name>
         <value>0x13609</value>
         <object_component_ref idref="oc-105"/>
      </symbol>
      <symbol id="sm-43d">
         <name>_hrPeriodPrint</name>
         <value>0x1360b</value>
         <object_component_ref idref="oc-105"/>
      </symbol>
      <symbol id="sm-43e">
         <name>_configHRPWM</name>
         <value>0x8aac</value>
         <object_component_ref idref="oc-1e6"/>
      </symbol>
      <symbol id="sm-43f">
         <name>_my_itoa</name>
         <value>0x89bd</value>
         <object_component_ref idref="oc-1e6"/>
      </symbol>
      <symbol id="sm-440">
         <name>_setupHrPwmVars</name>
         <value>0x80ce</value>
         <object_component_ref idref="oc-1e6"/>
      </symbol>
      <symbol id="sm-441">
         <name>_voltSensorGain</name>
         <value>0x1362c</value>
         <object_component_ref idref="oc-105"/>
      </symbol>
      <symbol id="sm-442">
         <name>_impedanceString</name>
         <value>0x13610</value>
         <object_component_ref idref="oc-105"/>
      </symbol>
      <symbol id="sm-443">
         <name>_hrfreq</name>
         <value>0x13626</value>
         <object_component_ref idref="oc-105"/>
      </symbol>
      <symbol id="sm-444">
         <name>_updatePeriod</name>
         <value>0x8840</value>
         <object_component_ref idref="oc-1e6"/>
      </symbol>
      <symbol id="sm-445">
         <name>_powerString</name>
         <value>0x13612</value>
         <object_component_ref idref="oc-105"/>
      </symbol>
      <symbol id="sm-446">
         <name>_turnOffPwms</name>
         <value>0x8db8</value>
         <object_component_ref idref="oc-1e6"/>
      </symbol>
      <symbol id="sm-447">
         <name>_impedanceValues</name>
         <value>0x137c0</value>
         <object_component_ref idref="oc-105"/>
      </symbol>
      <symbol id="sm-448">
         <name>_sendSettingsVals</name>
         <value>0x8660</value>
         <object_component_ref idref="oc-1e6"/>
      </symbol>
      <symbol id="sm-449">
         <name>_adcBResult2</name>
         <value>0x1360f</value>
         <object_component_ref idref="oc-105"/>
      </symbol>
      <symbol id="sm-44a">
         <name>_readAndSendADC</name>
         <value>0x8559</value>
         <object_component_ref idref="oc-1e6"/>
      </symbol>
      <symbol id="sm-44b">
         <name>_powerAtPeriod</name>
         <value>0x87ef</value>
         <object_component_ref idref="oc-1e6"/>
      </symbol>
      <symbol id="sm-48b">
         <name>_main</name>
         <value>0x902f</value>
         <object_component_ref idref="oc-1df"/>
      </symbol>
      <symbol id="sm-48c">
         <name>_initADCs</name>
         <value>0x9233</value>
         <object_component_ref idref="oc-1df"/>
      </symbol>
      <symbol id="sm-48d">
         <name>_error</name>
         <value>0x9180</value>
         <object_component_ref idref="oc-1df"/>
      </symbol>
      <symbol id="sm-48e">
         <name>_configureDAC</name>
         <value>0x92aa</value>
         <object_component_ref idref="oc-1df"/>
      </symbol>
      <symbol id="sm-48f">
         <name>_initADCSOCs</name>
         <value>0x9269</value>
         <object_component_ref idref="oc-1df"/>
      </symbol>
      <symbol id="sm-490">
         <name>_wakeISR</name>
         <value>0xa42c</value>
         <object_component_ref idref="oc-10c"/>
      </symbol>
      <symbol id="sm-491">
         <name>_initEPWM3</name>
         <value>0x91e4</value>
         <object_component_ref idref="oc-1df"/>
      </symbol>
      <symbol id="sm-492">
         <name>_initEPWM8</name>
         <value>0x9183</value>
         <object_component_ref idref="oc-1df"/>
      </symbol>
      <symbol id="sm-4a2">
         <name>_Device_initGPIO</name>
         <value>0xa2aa</value>
         <object_component_ref idref="oc-1e5"/>
      </symbol>
      <symbol id="sm-4a3">
         <name>___error__</name>
         <value>0xa2ba</value>
         <object_component_ref idref="oc-1e5"/>
      </symbol>
      <symbol id="sm-4a4">
         <name>_Device_init</name>
         <value>0xa1c3</value>
         <object_component_ref idref="oc-1e5"/>
      </symbol>
      <symbol id="sm-4a5">
         <name>_Device_enableAllPeripherals</name>
         <value>0xa1dc</value>
         <object_component_ref idref="oc-1e5"/>
      </symbol>
      <symbol id="sm-4b2">
         <name>code_start</name>
         <value>0x0</value>
         <object_component_ref idref="oc-7c"/>
      </symbol>
      <symbol id="sm-4ca">
         <name>_ADC_setPPBTripLimits</name>
         <value>0xa31c</value>
         <object_component_ref idref="oc-1ed"/>
      </symbol>
      <symbol id="sm-4cb">
         <name>_ADC_setVREF</name>
         <value>0xa2c1</value>
         <object_component_ref idref="oc-1ed"/>
      </symbol>
      <symbol id="sm-54a">
         <name>_Flash_initModule</name>
         <value>0x17b</value>
         <object_component_ref idref="oc-1f2"/>
      </symbol>
      <symbol id="sm-54b">
         <name>_Flash_powerDown</name>
         <value>0xa531</value>
         <object_component_ref idref="oc-1ec"/>
      </symbol>
      <symbol id="sm-578">
         <name>_GPIO_setAnalogMode</name>
         <value>0x9e41</value>
         <object_component_ref idref="oc-1e7"/>
      </symbol>
      <symbol id="sm-579">
         <name>_GPIO_setMasterCore</name>
         <value>0x9e15</value>
         <object_component_ref idref="oc-1e7"/>
      </symbol>
      <symbol id="sm-57a">
         <name>_GPIO_setInterruptPin</name>
         <value>0x9cff</value>
         <object_component_ref idref="oc-1e7"/>
      </symbol>
      <symbol id="sm-57b">
         <name>_GPIO_setQualificationPeriod</name>
         <value>0x9df3</value>
         <object_component_ref idref="oc-1e7"/>
      </symbol>
      <symbol id="sm-57c">
         <name>_GPIO_setPinConfig</name>
         <value>0x9e69</value>
         <object_component_ref idref="oc-1e7"/>
      </symbol>
      <symbol id="sm-57d">
         <name>_GPIO_setDirectionMode</name>
         <value>0x9cc2</value>
         <object_component_ref idref="oc-1e7"/>
      </symbol>
      <symbol id="sm-57e">
         <name>_GPIO_getQualificationMode</name>
         <value>0x9dd2</value>
         <object_component_ref idref="oc-1e7"/>
      </symbol>
      <symbol id="sm-57f">
         <name>_GPIO_getDirectionMode</name>
         <value>0x9ce9</value>
         <object_component_ref idref="oc-1e7"/>
      </symbol>
      <symbol id="sm-580">
         <name>_GPIO_getPadConfig</name>
         <value>0x9d72</value>
         <object_component_ref idref="oc-1e7"/>
      </symbol>
      <symbol id="sm-581">
         <name>_GPIO_setQualificationMode</name>
         <value>0x9da6</value>
         <object_component_ref idref="oc-1e7"/>
      </symbol>
      <symbol id="sm-582">
         <name>_GPIO_setPadConfig</name>
         <value>0x9d2a</value>
         <object_component_ref idref="oc-1e7"/>
      </symbol>
      <symbol id="sm-5ca">
         <name>_Interrupt_enable</name>
         <value>0x9fa8</value>
         <object_component_ref idref="oc-1eb"/>
      </symbol>
      <symbol id="sm-5cb">
         <name>_Interrupt_initVectorTable</name>
         <value>0x9f88</value>
         <object_component_ref idref="oc-1eb"/>
      </symbol>
      <symbol id="sm-5cc">
         <name>_Interrupt_disable</name>
         <value>0x9fdc</value>
         <object_component_ref idref="oc-1eb"/>
      </symbol>
      <symbol id="sm-5cd">
         <name>_Interrupt_initModule</name>
         <value>0x9f4b</value>
         <object_component_ref idref="oc-1eb"/>
      </symbol>
      <symbol id="sm-627">
         <name>_SCI_enableInterrupt</name>
         <value>0x9bc1</value>
         <object_component_ref idref="oc-1ea"/>
      </symbol>
      <symbol id="sm-628">
         <name>_SCI_clearInterruptStatus</name>
         <value>0x9c7a</value>
         <object_component_ref idref="oc-1ea"/>
      </symbol>
      <symbol id="sm-629">
         <name>_SCI_getInterruptStatus</name>
         <value>0x9c37</value>
         <object_component_ref idref="oc-1ea"/>
      </symbol>
      <symbol id="sm-62a">
         <name>_SCI_setConfig</name>
         <value>0x9b35</value>
         <object_component_ref idref="oc-1ea"/>
      </symbol>
      <symbol id="sm-62b">
         <name>_SCI_disableInterrupt</name>
         <value>0x9bfc</value>
         <object_component_ref idref="oc-1ea"/>
      </symbol>
      <symbol id="sm-62c">
         <name>_SCI_writeCharArray</name>
         <value>0x9b59</value>
         <object_component_ref idref="oc-1ea"/>
      </symbol>
      <symbol id="sm-62d">
         <name>_SCI_readCharArray</name>
         <value>0x9b90</value>
         <object_component_ref idref="oc-1ea"/>
      </symbol>
      <symbol id="sm-696">
         <name>_SysCtl_selectXTALSingleEnded</name>
         <value>0x9987</value>
         <object_component_ref idref="oc-1f1"/>
      </symbol>
      <symbol id="sm-697">
         <name>_SysCtl_selectXTAL</name>
         <value>0x9963</value>
         <object_component_ref idref="oc-1f1"/>
      </symbol>
      <symbol id="sm-698">
         <name>_SysCtl_delay</name>
         <value>0x1a7</value>
         <object_component_ref idref="oc-198"/>
      </symbol>
      <symbol id="sm-699">
         <name>_SysCtl_selectOscSource</name>
         <value>0x99a1</value>
         <object_component_ref idref="oc-1f1"/>
      </symbol>
      <symbol id="sm-69a">
         <name>_SysCtl_isPLLValid</name>
         <value>0x9a22</value>
         <object_component_ref idref="oc-1f1"/>
      </symbol>
      <symbol id="sm-69b">
         <name>_SysCtl_setClock</name>
         <value>0x98c8</value>
         <object_component_ref idref="oc-1f1"/>
      </symbol>
      <symbol id="sm-69c">
         <name>_SysCtl_getLowSpeedClock</name>
         <value>0x99ad</value>
         <object_component_ref idref="oc-1f1"/>
      </symbol>
      <symbol id="sm-69d">
         <name>_SysCtl_getClock</name>
         <value>0x985a</value>
         <object_component_ref idref="oc-1f1"/>
      </symbol>
      <symbol id="sm-69e">
         <name>_SysCtl_getDeviceParametric</name>
         <value>0x99c7</value>
         <object_component_ref idref="oc-1f1"/>
      </symbol>
      <symbol id="sm-6d4">
         <name>_SFO_CAL</name>
         <value>0x139a9</value>
         <object_component_ref idref="oc-1aa"/>
      </symbol>
      <symbol id="sm-6d5">
         <name>_MEP_SF</name>
         <value>0x139aa</value>
         <object_component_ref idref="oc-1aa"/>
      </symbol>
      <symbol id="sm-6d6">
         <name>_SFO</name>
         <value>0xa027</value>
         <object_component_ref idref="oc-1a7"/>
      </symbol>
      <symbol id="sm-6f1">
         <name>_c_int00</name>
         <value>0xa3d6</value>
         <object_component_ref idref="oc-1ae"/>
      </symbol>
      <symbol id="sm-6f2">
         <name>__stack</name>
         <value>0x400</value>
         <object_component_ref idref="oc-1af"/>
      </symbol>
      <symbol id="sm-703">
         <name>FS$$DIV</name>
         <value>0xa34e</value>
         <object_component_ref idref="oc-1b5"/>
      </symbol>
      <symbol id="sm-712">
         <name>_copy_in</name>
         <value>0xa4d7</value>
         <object_component_ref idref="oc-1e1"/>
      </symbol>
      <symbol id="sm-723">
         <name>_memcpy</name>
         <value>0xa4fb</value>
         <object_component_ref idref="oc-1ee"/>
      </symbol>
      <symbol id="sm-72f">
         <name>__system_pre_init</name>
         <value>0xa54a</value>
         <object_component_ref idref="oc-1e0"/>
      </symbol>
      <symbol id="sm-73c">
         <name>__system_post_cinit</name>
         <value>0xa54c</value>
         <object_component_ref idref="oc-1e2"/>
      </symbol>
      <symbol id="sm-750">
         <name>C$$EXIT</name>
         <value>0xa461</value>
         <object_component_ref idref="oc-1e4"/>
      </symbol>
      <symbol id="sm-751">
         <name>_exit</name>
         <value>0xa463</value>
         <object_component_ref idref="oc-1e4"/>
      </symbol>
      <symbol id="sm-752">
         <name>___TI_cleanup_ptr</name>
         <value>0x139b6</value>
         <object_component_ref idref="oc-1d0"/>
      </symbol>
      <symbol id="sm-753">
         <name>___TI_enable_exit_profile_output</name>
         <value>0x139b4</value>
         <object_component_ref idref="oc-1d0"/>
      </symbol>
      <symbol id="sm-754">
         <name>_abort</name>
         <value>0xa461</value>
         <object_component_ref idref="oc-1e4"/>
      </symbol>
      <symbol id="sm-755">
         <name>___TI_dtors_ptr</name>
         <value>0x139b8</value>
         <object_component_ref idref="oc-1d0"/>
      </symbol>
      <symbol id="sm-769">
         <name>__unlock</name>
         <value>0x139bc</value>
         <object_component_ref idref="oc-1f6"/>
      </symbol>
      <symbol id="sm-76a">
         <name>__lock</name>
         <value>0x139ba</value>
         <object_component_ref idref="oc-1ef"/>
      </symbol>
      <symbol id="sm-76b">
         <name>__register_lock</name>
         <value>0xa545</value>
         <object_component_ref idref="oc-1f4"/>
      </symbol>
      <symbol id="sm-76c">
         <name>__nop</name>
         <value>0xa549</value>
         <object_component_ref idref="oc-1f4"/>
      </symbol>
      <symbol id="sm-76d">
         <name>__register_unlock</name>
         <value>0xa541</value>
         <object_component_ref idref="oc-1f4"/>
      </symbol>
      <symbol id="sm-77c">
         <name>__args_main</name>
         <value>0xa518</value>
         <object_component_ref idref="oc-1e3"/>
      </symbol>
   </symbol_table>
   <title>Link successful</title>
</link_info>
