<?xml version="1.0" encoding="ISO-8859-1" ?>
<link_info>
   <banner>TMS320C2000 Linker PC v18.1.3.LTS</banner>
   <copyright>Copyright (c) 1996-2017 Texas Instruments Incorporated</copyright>
   <link_time>0x5cc08eb8</link_time>
   <link_errors>0x0</link_errors>
   <output_file>main_code_final_board_python_gui.out</output_file>
   <entry_point>
      <name>code_start</name>
      <address>0x0</address>
   </entry_point>
   <input_file_list>
      <input_file id="fl-2">
         <path>.\</path>
         <kind>object</kind>
         <file>gui.obj</file>
         <name>gui.obj</name>
      </input_file>
      <input_file id="fl-3">
         <path>.\</path>
         <kind>object</kind>
         <file>main_code_final_board_python_gui.obj</file>
         <name>main_code_final_board_python_gui.obj</name>
      </input_file>
      <input_file id="fl-4">
         <path>.\device\</path>
         <kind>object</kind>
         <file>device.obj</file>
         <name>device.obj</name>
      </input_file>
      <input_file id="fl-5">
         <path>.\device\</path>
         <kind>object</kind>
         <file>f28004x_codestartbranch.obj</file>
         <name>f28004x_codestartbranch.obj</name>
      </input_file>
      <input_file id="fl-a">
         <kind>object</kind>
         <file>&lt;internal&gt;</file>
         <name>&lt;internal&gt;</name>
      </input_file>
      <input_file id="fl-b">
         <path>..\</path>
         <kind>archive</kind>
         <file>driverlib.lib</file>
         <name>adc.obj</name>
      </input_file>
      <input_file id="fl-c">
         <path>..\</path>
         <kind>archive</kind>
         <file>driverlib.lib</file>
         <name>flash.obj</name>
      </input_file>
      <input_file id="fl-d">
         <path>..\</path>
         <kind>archive</kind>
         <file>driverlib.lib</file>
         <name>gpio.obj</name>
      </input_file>
      <input_file id="fl-e">
         <path>..\</path>
         <kind>archive</kind>
         <file>driverlib.lib</file>
         <name>interrupt.obj</name>
      </input_file>
      <input_file id="fl-f">
         <path>..\</path>
         <kind>archive</kind>
         <file>driverlib.lib</file>
         <name>sci.obj</name>
      </input_file>
      <input_file id="fl-10">
         <path>..\</path>
         <kind>archive</kind>
         <file>driverlib.lib</file>
         <name>sysctl.obj</name>
      </input_file>
      <input_file id="fl-1c">
         <path>C:\ti\ccsv8\tools\compiler\ti-cgt-c2000_18.1.3.LTS\lib\</path>
         <kind>archive</kind>
         <file>rts2800_fpu32.lib</file>
         <name>boot28.asm.obj</name>
      </input_file>
      <input_file id="fl-1d">
         <path>C:\ti\ccsv8\tools\compiler\ti-cgt-c2000_18.1.3.LTS\lib\</path>
         <kind>archive</kind>
         <file>rts2800_fpu32.lib</file>
         <name>fs_div28.asm.obj</name>
      </input_file>
      <input_file id="fl-1e">
         <path>C:\ti\ccsv8\tools\compiler\ti-cgt-c2000_18.1.3.LTS\lib\</path>
         <kind>archive</kind>
         <file>rts2800_fpu32.lib</file>
         <name>i_div28.asm.obj</name>
      </input_file>
      <input_file id="fl-1f">
         <path>C:\ti\ccsv8\tools\compiler\ti-cgt-c2000_18.1.3.LTS\lib\</path>
         <kind>archive</kind>
         <file>rts2800_fpu32.lib</file>
         <name>cpy_tbl.c.obj</name>
      </input_file>
      <input_file id="fl-20">
         <path>C:\ti\ccsv8\tools\compiler\ti-cgt-c2000_18.1.3.LTS\lib\</path>
         <kind>archive</kind>
         <file>rts2800_fpu32.lib</file>
         <name>memcpy.c.obj</name>
      </input_file>
      <input_file id="fl-21">
         <path>C:\ti\ccsv8\tools\compiler\ti-cgt-c2000_18.1.3.LTS\lib\</path>
         <kind>archive</kind>
         <file>rts2800_fpu32.lib</file>
         <name>pre_init.c.obj</name>
      </input_file>
      <input_file id="fl-22">
         <path>C:\ti\ccsv8\tools\compiler\ti-cgt-c2000_18.1.3.LTS\lib\</path>
         <kind>archive</kind>
         <file>rts2800_fpu32.lib</file>
         <name>startup.c.obj</name>
      </input_file>
      <input_file id="fl-23">
         <path>C:\ti\ccsv8\tools\compiler\ti-cgt-c2000_18.1.3.LTS\lib\</path>
         <kind>archive</kind>
         <file>rts2800_fpu32.lib</file>
         <name>exit.c.obj</name>
      </input_file>
      <input_file id="fl-24">
         <path>C:\ti\ccsv8\tools\compiler\ti-cgt-c2000_18.1.3.LTS\lib\</path>
         <kind>archive</kind>
         <file>rts2800_fpu32.lib</file>
         <name>_lock.c.obj</name>
      </input_file>
      <input_file id="fl-25">
         <path>C:\ti\ccsv8\tools\compiler\ti-cgt-c2000_18.1.3.LTS\lib\</path>
         <kind>archive</kind>
         <file>rts2800_fpu32.lib</file>
         <name>args_main.c.obj</name>
      </input_file>
   </input_file_list>
   <object_component_list>
      <object_component id="oc-10">
         <name>codestart</name>
         <load_address>0x0</load_address>
         <run_address>0x0</run_address>
         <size>0x2</size>
         <input_file_ref idref="fl-5"/>
      </object_component>
      <object_component id="oc-9c">
         <name>.TI.ramfunc:_Flash_initModule</name>
         <load_address>0xf5</load_address>
         <run_address>0xf5</run_address>
         <size>0x44</size>
         <input_file_ref idref="fl-c"/>
      </object_component>
      <object_component id="oc-a8">
         <name>.TI.ramfunc:_Flash_setBankPowerMode</name>
         <load_address>0x139</load_address>
         <run_address>0x139</run_address>
         <size>0x32</size>
         <input_file_ref idref="fl-c"/>
      </object_component>
      <object_component id="oc-b4">
         <name>.TI.ramfunc:_Flash_setWaitstates</name>
         <load_address>0x16b</load_address>
         <run_address>0x16b</run_address>
         <size>0x26</size>
         <input_file_ref idref="fl-c"/>
      </object_component>
      <object_component id="oc-a9">
         <name>.TI.ramfunc:_Flash_setPumpPowerMode</name>
         <load_address>0x191</load_address>
         <run_address>0x191</run_address>
         <size>0x1f</size>
         <input_file_ref idref="fl-c"/>
      </object_component>
      <object_component id="oc-b2">
         <name>.TI.ramfunc:_Flash_disableCache</name>
         <load_address>0x1b0</load_address>
         <run_address>0x1b0</run_address>
         <size>0x18</size>
         <input_file_ref idref="fl-c"/>
      </object_component>
      <object_component id="oc-b3">
         <name>.TI.ramfunc:_Flash_disablePrefetch</name>
         <load_address>0x1c8</load_address>
         <run_address>0x1c8</run_address>
         <size>0x18</size>
         <input_file_ref idref="fl-c"/>
      </object_component>
      <object_component id="oc-b5">
         <name>.TI.ramfunc:_Flash_enableCache</name>
         <load_address>0x1e0</load_address>
         <run_address>0x1e0</run_address>
         <size>0x18</size>
         <input_file_ref idref="fl-c"/>
      </object_component>
      <object_component id="oc-b6">
         <name>.TI.ramfunc:_Flash_enablePrefetch</name>
         <load_address>0x1f8</load_address>
         <run_address>0x1f8</run_address>
         <size>0x18</size>
         <input_file_ref idref="fl-c"/>
      </object_component>
      <object_component id="oc-b7">
         <name>.TI.ramfunc:_Flash_enableECC</name>
         <load_address>0x210</load_address>
         <run_address>0x210</run_address>
         <size>0x17</size>
         <input_file_ref idref="fl-c"/>
      </object_component>
      <object_component id="oc-48">
         <name>.TI.ramfunc</name>
         <load_address>0x227</load_address>
         <run_address>0x227</run_address>
         <size>0x4</size>
         <input_file_ref idref="fl-10"/>
      </object_component>
      <object_component id="oc-96">
         <name>.text</name>
         <load_address>0x8000</load_address>
         <run_address>0x8000</run_address>
         <size>0xa67</size>
         <input_file_ref idref="fl-2"/>
      </object_component>
      <object_component id="oc-84">
         <name>.text</name>
         <load_address>0x8a67</load_address>
         <run_address>0x8a67</run_address>
         <size>0x6df</size>
         <input_file_ref idref="fl-3"/>
      </object_component>
      <object_component id="oc-8a">
         <name>.text</name>
         <load_address>0x9146</load_address>
         <run_address>0x9146</run_address>
         <size>0x140</size>
         <input_file_ref idref="fl-4"/>
      </object_component>
      <object_component id="oc-9b">
         <name>.text:_SysCtl_setClock</name>
         <load_address>0x9286</load_address>
         <run_address>0x9286</run_address>
         <size>0xb3</size>
         <input_file_ref idref="fl-10"/>
      </object_component>
      <object_component id="oc-b0">
         <name>.text:_SysCtl_isPLLValid</name>
         <load_address>0x9339</load_address>
         <run_address>0x9339</run_address>
         <size>0xa7</size>
         <input_file_ref idref="fl-10"/>
      </object_component>
      <object_component id="oc-55">
         <name>.text</name>
         <load_address>0x93e0</load_address>
         <run_address>0x93e0</run_address>
         <size>0x88</size>
         <input_file_ref idref="fl-1d"/>
      </object_component>
      <object_component id="oc-97">
         <name>.text:_ADC_setVREF</name>
         <load_address>0x9468</load_address>
         <run_address>0x9468</run_address>
         <size>0x64</size>
         <input_file_ref idref="fl-b"/>
      </object_component>
      <object_component id="oc-c4">
         <name>.text:_DCC_setCounterSeeds</name>
         <load_address>0x94cc</load_address>
         <run_address>0x94cc</run_address>
         <size>0x5e</size>
         <input_file_ref idref="fl-10"/>
      </object_component>
      <object_component id="oc-af">
         <name>.text:_SysCtl_selectOscSource</name>
         <load_address>0x952a</load_address>
         <run_address>0x952a</run_address>
         <size>0x56</size>
         <input_file_ref idref="fl-10"/>
      </object_component>
      <object_component id="oc-4e">
         <name>.text</name>
         <load_address>0x9580</load_address>
         <run_address>0x9580</run_address>
         <size>0x56</size>
         <input_file_ref idref="fl-1c"/>
      </object_component>
      <object_component id="oc-90">
         <name>.text:_Interrupt_initModule</name>
         <load_address>0x95d6</load_address>
         <run_address>0x95d6</run_address>
         <size>0x54</size>
         <input_file_ref idref="fl-e"/>
      </object_component>
      <object_component id="oc-8b">
         <name>.text:_GPIO_setPadConfig</name>
         <load_address>0x962a</load_address>
         <run_address>0x962a</run_address>
         <size>0x52</size>
         <input_file_ref idref="fl-d"/>
      </object_component>
      <object_component id="oc-93">
         <name>.text:_SCI_clearInterruptStatus</name>
         <load_address>0x967c</load_address>
         <run_address>0x967c</run_address>
         <size>0x46</size>
         <input_file_ref idref="fl-f"/>
      </object_component>
      <object_component id="oc-aa">
         <name>.text:_SCI_writeCharArray</name>
         <load_address>0x96c2</load_address>
         <run_address>0x96c2</run_address>
         <size>0x41</size>
         <input_file_ref idref="fl-f"/>
      </object_component>
      <object_component id="oc-92">
         <name>.text:_SCI_setConfig</name>
         <load_address>0x9703</load_address>
         <run_address>0x9703</run_address>
         <size>0x40</size>
         <input_file_ref idref="fl-f"/>
      </object_component>
      <object_component id="oc-8c">
         <name>.text:_GPIO_setPinConfig</name>
         <load_address>0x9743</load_address>
         <run_address>0x9743</run_address>
         <size>0x3d</size>
         <input_file_ref idref="fl-d"/>
      </object_component>
      <object_component id="oc-8d">
         <name>.text:_GPIO_setMasterCore</name>
         <load_address>0x9780</load_address>
         <run_address>0x9780</run_address>
         <size>0x38</size>
         <input_file_ref idref="fl-d"/>
      </object_component>
      <object_component id="oc-8f">
         <name>.text:_GPIO_setQualificationMode</name>
         <load_address>0x97b8</load_address>
         <run_address>0x97b8</run_address>
         <size>0x38</size>
         <input_file_ref idref="fl-d"/>
      </object_component>
      <object_component id="oc-1a">
         <name>.text:retain</name>
         <load_address>0x97f0</load_address>
         <run_address>0x97f0</run_address>
         <size>0x35</size>
         <input_file_ref idref="fl-3"/>
      </object_component>
      <object_component id="oc-94">
         <name>.text:_Interrupt_enable</name>
         <load_address>0x9825</load_address>
         <run_address>0x9825</run_address>
         <size>0x33</size>
         <input_file_ref idref="fl-e"/>
      </object_component>
      <object_component id="oc-8e">
         <name>.text:_GPIO_setDirectionMode</name>
         <load_address>0x9858</load_address>
         <run_address>0x9858</run_address>
         <size>0x31</size>
         <input_file_ref idref="fl-d"/>
      </object_component>
      <object_component id="oc-89">
         <name>.text</name>
         <load_address>0x9889</load_address>
         <run_address>0x9889</run_address>
         <size>0x29</size>
         <input_file_ref idref="fl-23"/>
      </object_component>
      <object_component id="oc-c5">
         <name>.text:_DCC_enableSingleShotMode</name>
         <load_address>0x98b2</load_address>
         <run_address>0x98b2</run_address>
         <size>0x25</size>
         <input_file_ref idref="fl-10"/>
      </object_component>
      <object_component id="oc-bc">
         <name>.text:_SysCtl_selectXTAL</name>
         <load_address>0x98d7</load_address>
         <run_address>0x98d7</run_address>
         <size>0x24</size>
         <input_file_ref idref="fl-10"/>
      </object_component>
      <object_component id="oc-86">
         <name>.text</name>
         <load_address>0x98fb</load_address>
         <run_address>0x98fb</run_address>
         <size>0x24</size>
         <input_file_ref idref="fl-1f"/>
      </object_component>
      <object_component id="oc-b8">
         <name>.text:_SCI_isFIFOEnabled</name>
         <load_address>0x991f</load_address>
         <run_address>0x991f</run_address>
         <size>0x22</size>
         <input_file_ref idref="fl-f"/>
      </object_component>
      <object_component id="oc-c8">
         <name>.text:_SysCtl_pollX1Counter</name>
         <load_address>0x9941</load_address>
         <run_address>0x9941</run_address>
         <size>0x22</size>
         <input_file_ref idref="fl-10"/>
      </object_component>
      <object_component id="oc-5a">
         <name>.text</name>
         <load_address>0x9963</load_address>
         <run_address>0x9963</run_address>
         <size>0x22</size>
         <input_file_ref idref="fl-1e"/>
      </object_component>
      <object_component id="oc-91">
         <name>.text:_Interrupt_initVectorTable</name>
         <load_address>0x9985</load_address>
         <run_address>0x9985</run_address>
         <size>0x20</size>
         <input_file_ref idref="fl-e"/>
      </object_component>
      <object_component id="oc-c3">
         <name>.text:_DCC_setCounter1ClkSource</name>
         <load_address>0x99a5</load_address>
         <run_address>0x99a5</run_address>
         <size>0x1f</size>
         <input_file_ref idref="fl-10"/>
      </object_component>
      <object_component id="oc-c2">
         <name>.text:_DCC_setCounter0ClkSource</name>
         <load_address>0x99c4</load_address>
         <run_address>0x99c4</run_address>
         <size>0x1d</size>
         <input_file_ref idref="fl-10"/>
      </object_component>
      <object_component id="oc-98">
         <name>.text</name>
         <load_address>0x99e1</load_address>
         <run_address>0x99e1</run_address>
         <size>0x1d</size>
         <input_file_ref idref="fl-20"/>
      </object_component>
      <object_component id="oc-95">
         <name>.text:_Flash_powerDown</name>
         <load_address>0x99fe</load_address>
         <run_address>0x99fe</run_address>
         <size>0x1b</size>
         <input_file_ref idref="fl-c"/>
      </object_component>
      <object_component id="oc-ba">
         <name>.text:_SCI_isSpaceAvailableNonFIFO</name>
         <load_address>0x9a19</load_address>
         <run_address>0x9a19</run_address>
         <size>0x1b</size>
         <input_file_ref idref="fl-f"/>
      </object_component>
      <object_component id="oc-ab">
         <name>.text:_ADC_isBaseValid</name>
         <load_address>0x9a34</load_address>
         <run_address>0x9a34</run_address>
         <size>0x1a</size>
         <input_file_ref idref="fl-b"/>
      </object_component>
      <object_component id="oc-bd">
         <name>.text:_SysCtl_selectXTALSingleEnded</name>
         <load_address>0x9a4e</load_address>
         <run_address>0x9a4e</run_address>
         <size>0x1a</size>
         <input_file_ref idref="fl-10"/>
      </object_component>
      <object_component id="oc-a3">
         <name>.text:_SCI_disableModule</name>
         <load_address>0x9a68</load_address>
         <run_address>0x9a68</run_address>
         <size>0x19</size>
         <input_file_ref idref="fl-f"/>
      </object_component>
      <object_component id="oc-a5">
         <name>.text:_SCI_performSoftwareReset</name>
         <load_address>0x9a81</load_address>
         <run_address>0x9a81</run_address>
         <size>0x19</size>
         <input_file_ref idref="fl-f"/>
      </object_component>
      <object_component id="oc-88">
         <name>.text</name>
         <load_address>0x9a9a</load_address>
         <run_address>0x9a9a</run_address>
         <size>0x19</size>
         <input_file_ref idref="fl-25"/>
      </object_component>
      <object_component id="oc-c1">
         <name>.text:_DCC_enableDoneSignal</name>
         <load_address>0x9ab3</load_address>
         <run_address>0x9ab3</run_address>
         <size>0x17</size>
         <input_file_ref idref="fl-10"/>
      </object_component>
      <object_component id="oc-be">
         <name>.text:_SysCtl_enablePeripheral</name>
         <load_address>0x9aca</load_address>
         <run_address>0x9aca</run_address>
         <size>0x17</size>
         <input_file_ref idref="fl-10"/>
      </object_component>
      <object_component id="oc-c0">
         <name>.text:_DCC_disableErrorSignal</name>
         <load_address>0x9ae1</load_address>
         <run_address>0x9ae1</run_address>
         <size>0x16</size>
         <input_file_ref idref="fl-10"/>
      </object_component>
      <object_component id="oc-c6">
         <name>.text:_DCC_enableErrorSignal</name>
         <load_address>0x9af7</load_address>
         <run_address>0x9af7</run_address>
         <size>0x16</size>
         <input_file_ref idref="fl-10"/>
      </object_component>
      <object_component id="oc-b9">
         <name>.text:_SCI_getTxFIFOStatus</name>
         <load_address>0x9b0d</load_address>
         <run_address>0x9b0d</run_address>
         <size>0x15</size>
         <input_file_ref idref="fl-f"/>
      </object_component>
      <object_component id="oc-a2">
         <name>.text:_SCI_isBaseValid</name>
         <load_address>0x9b22</load_address>
         <run_address>0x9b22</run_address>
         <size>0x15</size>
         <input_file_ref idref="fl-f"/>
      </object_component>
      <object_component id="oc-bf">
         <name>.text:_DCC_disableModule</name>
         <load_address>0x9b37</load_address>
         <run_address>0x9b37</run_address>
         <size>0x14</size>
         <input_file_ref idref="fl-10"/>
      </object_component>
      <object_component id="oc-c7">
         <name>.text:_DCC_enableModule</name>
         <load_address>0x9b4b</load_address>
         <run_address>0x9b4b</run_address>
         <size>0x14</size>
         <input_file_ref idref="fl-10"/>
      </object_component>
      <object_component id="oc-9d">
         <name>.text:_GPIO_isPinValid</name>
         <load_address>0x9b5f</load_address>
         <run_address>0x9b5f</run_address>
         <size>0x14</size>
         <input_file_ref idref="fl-d"/>
      </object_component>
      <object_component id="oc-a4">
         <name>.text:_SCI_enableModule</name>
         <load_address>0x9b73</load_address>
         <run_address>0x9b73</run_address>
         <size>0x14</size>
         <input_file_ref idref="fl-f"/>
      </object_component>
      <object_component id="oc-ca">
         <name>.text:_DCC_isBaseValid</name>
         <load_address>0x9b87</load_address>
         <run_address>0x9b87</run_address>
         <size>0x10</size>
         <input_file_ref idref="fl-10"/>
      </object_component>
      <object_component id="oc-a7">
         <name>.text:_Flash_isCtrlBaseValid</name>
         <load_address>0x9b97</load_address>
         <run_address>0x9b97</run_address>
         <size>0x10</size>
         <input_file_ref idref="fl-c"/>
      </object_component>
      <object_component id="oc-b1">
         <name>.text:_Flash_isECCBaseValid</name>
         <load_address>0x9ba7</load_address>
         <run_address>0x9ba7</run_address>
         <size>0x10</size>
         <input_file_ref idref="fl-c"/>
      </object_component>
      <object_component id="oc-9f">
         <name>.text:_Interrupt_defaultHandler</name>
         <load_address>0x9bb7</load_address>
         <run_address>0x9bb7</run_address>
         <size>0xe</size>
         <input_file_ref idref="fl-e"/>
      </object_component>
      <object_component id="oc-9e">
         <name>.text:_Interrupt_disableMaster</name>
         <load_address>0x9bc5</load_address>
         <run_address>0x9bc5</run_address>
         <size>0xd</size>
         <input_file_ref idref="fl-e"/>
      </object_component>
      <object_component id="oc-a6">
         <name>.text:_Interrupt_enableMaster</name>
         <load_address>0x9bd2</load_address>
         <run_address>0x9bd2</run_address>
         <size>0xd</size>
         <input_file_ref idref="fl-e"/>
      </object_component>
      <object_component id="oc-ae">
         <name>.text:_SysCtl_isMCDClockFailureDetected</name>
         <load_address>0x9bdf</load_address>
         <run_address>0x9bdf</run_address>
         <size>0xb</size>
         <input_file_ref idref="fl-10"/>
      </object_component>
      <object_component id="oc-ac">
         <name>.text</name>
         <load_address>0x9bea</load_address>
         <run_address>0x9bea</run_address>
         <size>0x9</size>
         <input_file_ref idref="fl-24"/>
      </object_component>
      <object_component id="oc-c9">
         <name>.text:_SysCtl_resetMCD</name>
         <load_address>0x9bf3</load_address>
         <run_address>0x9bf3</run_address>
         <size>0x7</size>
         <input_file_ref idref="fl-10"/>
      </object_component>
      <object_component id="oc-a1">
         <name>.text:_Interrupt_illegalOperationHandler</name>
         <load_address>0x9bfa</load_address>
         <run_address>0x9bfa</run_address>
         <size>0x2</size>
         <input_file_ref idref="fl-e"/>
      </object_component>
      <object_component id="oc-a0">
         <name>.text:_Interrupt_nmiHandler</name>
         <load_address>0x9bfc</load_address>
         <run_address>0x9bfc</run_address>
         <size>0x2</size>
         <input_file_ref idref="fl-e"/>
      </object_component>
      <object_component id="oc-85">
         <name>.text</name>
         <load_address>0x9bfe</load_address>
         <run_address>0x9bfe</run_address>
         <size>0x2</size>
         <input_file_ref idref="fl-21"/>
      </object_component>
      <object_component id="oc-87">
         <name>.text</name>
         <load_address>0x9c00</load_address>
         <run_address>0x9c00</run_address>
         <size>0x1</size>
         <input_file_ref idref="fl-22"/>
      </object_component>
      <object_component id="oc-12">
         <name>.cinit</name>
         <load_address>0x22b</load_address>
         <run_address>0x22b</run_address>
         <size>0x15</size>
         <input_file_ref idref="fl-2"/>
      </object_component>
      <object_component id="oc-74">
         <name>.cinit</name>
         <load_address>0x240</load_address>
         <run_address>0x240</run_address>
         <size>0xe</size>
         <input_file_ref idref="fl-23"/>
      </object_component>
      <object_component id="oc-9a">
         <name>.cinit:__lock</name>
         <load_address>0x24e</load_address>
         <run_address>0x24e</run_address>
         <size>0x5</size>
         <input_file_ref idref="fl-24"/>
      </object_component>
      <object_component id="oc-ad">
         <name>.cinit:__unlock</name>
         <load_address>0x253</load_address>
         <run_address>0x253</run_address>
         <size>0x5</size>
         <input_file_ref idref="fl-24"/>
      </object_component>
      <object_component id="oc-50">
         <name>.reset</name>
         <load_address>0x3fffc0</load_address>
         <run_address>0x3fffc0</run_address>
         <size>0x2</size>
         <input_file_ref idref="fl-1c"/>
      </object_component>
      <object_component id="oc-4f">
         <name>.stack</name>
         <uninitialized>true</uninitialized>
         <run_address>0x400</run_address>
         <size>0x0</size>
         <input_file_ref idref="fl-1c"/>
      </object_component>
      <object_component id="oc-e4">
         <name>.stack</name>
         <uninitialized>true</uninitialized>
         <run_address>0x400</run_address>
         <size>0x0</size>
      </object_component>
      <object_component id="oc-13">
         <name>.ebss</name>
         <uninitialized>true</uninitialized>
         <run_address>0x10800</run_address>
         <size>0x3a4</size>
         <input_file_ref idref="fl-2"/>
      </object_component>
      <object_component id="oc-75">
         <name>.ebss</name>
         <uninitialized>true</uninitialized>
         <run_address>0x10ba4</run_address>
         <size>0x6</size>
         <input_file_ref idref="fl-23"/>
      </object_component>
      <object_component id="oc-bb">
         <name>.ebss:__unlock</name>
         <uninitialized>true</uninitialized>
         <run_address>0x10bac</run_address>
         <size>0x2</size>
         <input_file_ref idref="fl-24"/>
      </object_component>
      <object_component id="oc-99">
         <name>.ebss:__lock</name>
         <uninitialized>true</uninitialized>
         <run_address>0x10baa</run_address>
         <size>0x2</size>
         <input_file_ref idref="fl-24"/>
      </object_component>
      <object_component id="oc-14">
         <name>.econst:.string</name>
         <load_address>0x9c02</load_address>
         <run_address>0x9c02</run_address>
         <size>0x45a</size>
         <input_file_ref idref="fl-2"/>
      </object_component>
      <object_component id="oc-1b">
         <name>.econst:.string</name>
         <load_address>0xa05c</load_address>
         <run_address>0xa05c</run_address>
         <size>0x199</size>
         <input_file_ref idref="fl-3"/>
      </object_component>
      <object_component id="oc-30">
         <name>.econst:.string</name>
         <load_address>0xa1f6</load_address>
         <run_address>0xa1f6</run_address>
         <size>0xaf</size>
         <input_file_ref idref="fl-c"/>
      </object_component>
      <object_component id="oc-49">
         <name>.econst:.string</name>
         <load_address>0xa2a6</load_address>
         <run_address>0xa2a6</run_address>
         <size>0xae</size>
         <input_file_ref idref="fl-10"/>
      </object_component>
      <object_component id="oc-36">
         <name>.econst:.string</name>
         <load_address>0xa354</load_address>
         <run_address>0xa354</run_address>
         <size>0xac</size>
         <input_file_ref idref="fl-d"/>
      </object_component>
      <object_component id="oc-42">
         <name>.econst:.string</name>
         <load_address>0xa400</load_address>
         <run_address>0xa400</run_address>
         <size>0xab</size>
         <input_file_ref idref="fl-f"/>
      </object_component>
      <object_component id="oc-3c">
         <name>.econst:.string</name>
         <load_address>0xa4ac</load_address>
         <run_address>0xa4ac</run_address>
         <size>0x5b</size>
         <input_file_ref idref="fl-e"/>
      </object_component>
      <object_component id="oc-2a">
         <name>.econst:.string</name>
         <load_address>0xa508</load_address>
         <run_address>0xa508</run_address>
         <size>0x55</size>
         <input_file_ref idref="fl-b"/>
      </object_component>
      <object_component id="oc-11">
         <name>.debug_info</name>
         <load_address>0x0</load_address>
         <run_address>0x0</run_address>
         <size>0x38a7</size>
         <input_file_ref idref="fl-2"/>
      </object_component>
      <object_component id="oc-19">
         <name>.debug_info</name>
         <load_address>0x38a7</load_address>
         <run_address>0x38a7</run_address>
         <size>0x5eb8</size>
         <input_file_ref idref="fl-3"/>
      </object_component>
      <object_component id="oc-20">
         <name>.debug_info</name>
         <load_address>0x975f</load_address>
         <run_address>0x975f</run_address>
         <size>0x1949</size>
         <input_file_ref idref="fl-4"/>
      </object_component>
      <object_component id="oc-25">
         <name>.debug_info</name>
         <load_address>0xb0a8</load_address>
         <run_address>0xb0a8</run_address>
         <size>0x111</size>
         <input_file_ref idref="fl-5"/>
      </object_component>
      <object_component id="oc-29">
         <name>.debug_info</name>
         <load_address>0xb1b9</load_address>
         <run_address>0xb1b9</run_address>
         <size>0x869</size>
         <input_file_ref idref="fl-b"/>
      </object_component>
      <object_component id="oc-2f">
         <name>.debug_info</name>
         <load_address>0xba22</load_address>
         <run_address>0xba22</run_address>
         <size>0x179d</size>
         <input_file_ref idref="fl-c"/>
      </object_component>
      <object_component id="oc-35">
         <name>.debug_info</name>
         <load_address>0xd1bf</load_address>
         <run_address>0xd1bf</run_address>
         <size>0x1062</size>
         <input_file_ref idref="fl-d"/>
      </object_component>
      <object_component id="oc-3b">
         <name>.debug_info</name>
         <load_address>0xe221</load_address>
         <run_address>0xe221</run_address>
         <size>0xdfc</size>
         <input_file_ref idref="fl-e"/>
      </object_component>
      <object_component id="oc-41">
         <name>.debug_info</name>
         <load_address>0xf01d</load_address>
         <run_address>0xf01d</run_address>
         <size>0x146a</size>
         <input_file_ref idref="fl-f"/>
      </object_component>
      <object_component id="oc-47">
         <name>.debug_info</name>
         <load_address>0x10487</load_address>
         <run_address>0x10487</run_address>
         <size>0x297d</size>
         <input_file_ref idref="fl-10"/>
      </object_component>
      <object_component id="oc-51">
         <name>.debug_info</name>
         <load_address>0x12e04</load_address>
         <run_address>0x12e04</run_address>
         <size>0x16b</size>
         <input_file_ref idref="fl-1c"/>
      </object_component>
      <object_component id="oc-56">
         <name>.debug_info</name>
         <load_address>0x12f6f</load_address>
         <run_address>0x12f6f</run_address>
         <size>0x10c</size>
         <input_file_ref idref="fl-1d"/>
      </object_component>
      <object_component id="oc-5b">
         <name>.debug_info</name>
         <load_address>0x1307b</load_address>
         <run_address>0x1307b</run_address>
         <size>0x139</size>
         <input_file_ref idref="fl-1e"/>
      </object_component>
      <object_component id="oc-5f">
         <name>.debug_info</name>
         <load_address>0x131b4</load_address>
         <run_address>0x131b4</run_address>
         <size>0x57f</size>
         <input_file_ref idref="fl-1f"/>
      </object_component>
      <object_component id="oc-64">
         <name>.debug_info</name>
         <load_address>0x13733</load_address>
         <run_address>0x13733</run_address>
         <size>0x47a</size>
         <input_file_ref idref="fl-20"/>
      </object_component>
      <object_component id="oc-69">
         <name>.debug_info</name>
         <load_address>0x13bad</load_address>
         <run_address>0x13bad</run_address>
         <size>0x3ed</size>
         <input_file_ref idref="fl-21"/>
      </object_component>
      <object_component id="oc-6e">
         <name>.debug_info</name>
         <load_address>0x13f9a</load_address>
         <run_address>0x13f9a</run_address>
         <size>0x3ea</size>
         <input_file_ref idref="fl-22"/>
      </object_component>
      <object_component id="oc-73">
         <name>.debug_info</name>
         <load_address>0x14384</load_address>
         <run_address>0x14384</run_address>
         <size>0x584</size>
         <input_file_ref idref="fl-23"/>
      </object_component>
      <object_component id="oc-7a">
         <name>.debug_info</name>
         <load_address>0x14908</load_address>
         <run_address>0x14908</run_address>
         <size>0x50c</size>
         <input_file_ref idref="fl-24"/>
      </object_component>
      <object_component id="oc-7f">
         <name>.debug_info</name>
         <load_address>0x14e14</load_address>
         <run_address>0x14e14</run_address>
         <size>0x4a7</size>
         <input_file_ref idref="fl-25"/>
      </object_component>
      <object_component id="oc-e5">
         <name>.debug_info</name>
         <load_address>0x152bb</load_address>
         <run_address>0x152bb</run_address>
         <size>0xb8</size>
      </object_component>
      <object_component id="oc-15">
         <name>.debug_frame</name>
         <load_address>0x0</load_address>
         <run_address>0x0</run_address>
         <size>0x340</size>
         <input_file_ref idref="fl-2"/>
      </object_component>
      <object_component id="oc-1c">
         <name>.debug_frame</name>
         <load_address>0x340</load_address>
         <run_address>0x340</run_address>
         <size>0x5a4</size>
         <input_file_ref idref="fl-3"/>
      </object_component>
      <object_component id="oc-21">
         <name>.debug_frame</name>
         <load_address>0x8e4</load_address>
         <run_address>0x8e4</run_address>
         <size>0x104</size>
         <input_file_ref idref="fl-4"/>
      </object_component>
      <object_component id="oc-2b">
         <name>.debug_frame</name>
         <load_address>0xc50</load_address>
         <run_address>0xc50</run_address>
         <size>0xc3</size>
         <input_file_ref idref="fl-b"/>
      </object_component>
      <object_component id="oc-31">
         <name>.debug_frame</name>
         <load_address>0xd13</load_address>
         <run_address>0xd13</run_address>
         <size>0x1d1</size>
         <input_file_ref idref="fl-c"/>
      </object_component>
      <object_component id="oc-37">
         <name>.debug_frame</name>
         <load_address>0xee4</load_address>
         <run_address>0xee4</run_address>
         <size>0x12f</size>
         <input_file_ref idref="fl-d"/>
      </object_component>
      <object_component id="oc-3d">
         <name>.debug_frame</name>
         <load_address>0x1013</load_address>
         <run_address>0x1013</run_address>
         <size>0x144</size>
         <input_file_ref idref="fl-e"/>
      </object_component>
      <object_component id="oc-43">
         <name>.debug_frame</name>
         <load_address>0x1157</load_address>
         <run_address>0x1157</run_address>
         <size>0x19b</size>
         <input_file_ref idref="fl-f"/>
      </object_component>
      <object_component id="oc-4a">
         <name>.debug_frame</name>
         <load_address>0x12f2</load_address>
         <run_address>0x12f2</run_address>
         <size>0x279</size>
         <input_file_ref idref="fl-10"/>
      </object_component>
      <object_component id="oc-60">
         <name>.debug_frame</name>
         <load_address>0x9e8</load_address>
         <run_address>0x9e8</run_address>
         <size>0x68</size>
         <input_file_ref idref="fl-1f"/>
      </object_component>
      <object_component id="oc-65">
         <name>.debug_frame</name>
         <load_address>0xa50</load_address>
         <run_address>0xa50</run_address>
         <size>0x48</size>
         <input_file_ref idref="fl-20"/>
      </object_component>
      <object_component id="oc-6a">
         <name>.debug_frame</name>
         <load_address>0xa98</load_address>
         <run_address>0xa98</run_address>
         <size>0x48</size>
         <input_file_ref idref="fl-21"/>
      </object_component>
      <object_component id="oc-6f">
         <name>.debug_frame</name>
         <load_address>0xae0</load_address>
         <run_address>0xae0</run_address>
         <size>0x48</size>
         <input_file_ref idref="fl-22"/>
      </object_component>
      <object_component id="oc-76">
         <name>.debug_frame</name>
         <load_address>0xb28</load_address>
         <run_address>0xb28</run_address>
         <size>0x68</size>
         <input_file_ref idref="fl-23"/>
      </object_component>
      <object_component id="oc-7b">
         <name>.debug_frame</name>
         <load_address>0xb90</load_address>
         <run_address>0xb90</run_address>
         <size>0x78</size>
         <input_file_ref idref="fl-24"/>
      </object_component>
      <object_component id="oc-80">
         <name>.debug_frame</name>
         <load_address>0xc08</load_address>
         <run_address>0xc08</run_address>
         <size>0x48</size>
         <input_file_ref idref="fl-25"/>
      </object_component>
      <object_component id="oc-16">
         <name>.debug_line</name>
         <load_address>0x0</load_address>
         <run_address>0x0</run_address>
         <size>0x98f</size>
         <input_file_ref idref="fl-2"/>
      </object_component>
      <object_component id="oc-1d">
         <name>.debug_line</name>
         <load_address>0x98f</load_address>
         <run_address>0x98f</run_address>
         <size>0x824</size>
         <input_file_ref idref="fl-3"/>
      </object_component>
      <object_component id="oc-22">
         <name>.debug_line</name>
         <load_address>0x11b3</load_address>
         <run_address>0x11b3</run_address>
         <size>0x1db</size>
         <input_file_ref idref="fl-4"/>
      </object_component>
      <object_component id="oc-26">
         <name>.debug_line</name>
         <load_address>0x138e</load_address>
         <run_address>0x138e</run_address>
         <size>0x54</size>
         <input_file_ref idref="fl-5"/>
      </object_component>
      <object_component id="oc-2c">
         <name>.debug_line</name>
         <load_address>0x13e2</load_address>
         <run_address>0x13e2</run_address>
         <size>0x13c</size>
         <input_file_ref idref="fl-b"/>
      </object_component>
      <object_component id="oc-32">
         <name>.debug_line</name>
         <load_address>0x151e</load_address>
         <run_address>0x151e</run_address>
         <size>0x228</size>
         <input_file_ref idref="fl-c"/>
      </object_component>
      <object_component id="oc-38">
         <name>.debug_line</name>
         <load_address>0x1746</load_address>
         <run_address>0x1746</run_address>
         <size>0x238</size>
         <input_file_ref idref="fl-d"/>
      </object_component>
      <object_component id="oc-3e">
         <name>.debug_line</name>
         <load_address>0x197e</load_address>
         <run_address>0x197e</run_address>
         <size>0x1f8</size>
         <input_file_ref idref="fl-e"/>
      </object_component>
      <object_component id="oc-44">
         <name>.debug_line</name>
         <load_address>0x1b76</load_address>
         <run_address>0x1b76</run_address>
         <size>0x224</size>
         <input_file_ref idref="fl-f"/>
      </object_component>
      <object_component id="oc-4b">
         <name>.debug_line</name>
         <load_address>0x1d9a</load_address>
         <run_address>0x1d9a</run_address>
         <size>0x4e8</size>
         <input_file_ref idref="fl-10"/>
      </object_component>
      <object_component id="oc-52">
         <name>.debug_line</name>
         <load_address>0x2282</load_address>
         <run_address>0x2282</run_address>
         <size>0x7e</size>
         <input_file_ref idref="fl-1c"/>
      </object_component>
      <object_component id="oc-57">
         <name>.debug_line</name>
         <load_address>0x2300</load_address>
         <run_address>0x2300</run_address>
         <size>0xad</size>
         <input_file_ref idref="fl-1d"/>
      </object_component>
      <object_component id="oc-5c">
         <name>.debug_line</name>
         <load_address>0x23ad</load_address>
         <run_address>0x23ad</run_address>
         <size>0x69</size>
         <input_file_ref idref="fl-1e"/>
      </object_component>
      <object_component id="oc-61">
         <name>.debug_line</name>
         <load_address>0x2416</load_address>
         <run_address>0x2416</run_address>
         <size>0x50</size>
         <input_file_ref idref="fl-1f"/>
      </object_component>
      <object_component id="oc-66">
         <name>.debug_line</name>
         <load_address>0x2466</load_address>
         <run_address>0x2466</run_address>
         <size>0x62</size>
         <input_file_ref idref="fl-20"/>
      </object_component>
      <object_component id="oc-6b">
         <name>.debug_line</name>
         <load_address>0x24c8</load_address>
         <run_address>0x24c8</run_address>
         <size>0x3e</size>
         <input_file_ref idref="fl-21"/>
      </object_component>
      <object_component id="oc-70">
         <name>.debug_line</name>
         <load_address>0x2506</load_address>
         <run_address>0x2506</run_address>
         <size>0x3a</size>
         <input_file_ref idref="fl-22"/>
      </object_component>
      <object_component id="oc-77">
         <name>.debug_line</name>
         <load_address>0x2540</load_address>
         <run_address>0x2540</run_address>
         <size>0x65</size>
         <input_file_ref idref="fl-23"/>
      </object_component>
      <object_component id="oc-7c">
         <name>.debug_line</name>
         <load_address>0x25a5</load_address>
         <run_address>0x25a5</run_address>
         <size>0x5e</size>
         <input_file_ref idref="fl-24"/>
      </object_component>
      <object_component id="oc-81">
         <name>.debug_line</name>
         <load_address>0x2603</load_address>
         <run_address>0x2603</run_address>
         <size>0x55</size>
         <input_file_ref idref="fl-25"/>
      </object_component>
      <object_component id="oc-17">
         <name>.debug_abbrev</name>
         <load_address>0x0</load_address>
         <run_address>0x0</run_address>
         <size>0x20a</size>
         <input_file_ref idref="fl-2"/>
      </object_component>
      <object_component id="oc-1e">
         <name>.debug_abbrev</name>
         <load_address>0x20a</load_address>
         <run_address>0x20a</run_address>
         <size>0x218</size>
         <input_file_ref idref="fl-3"/>
      </object_component>
      <object_component id="oc-23">
         <name>.debug_abbrev</name>
         <load_address>0x422</load_address>
         <run_address>0x422</run_address>
         <size>0x11a</size>
         <input_file_ref idref="fl-4"/>
      </object_component>
      <object_component id="oc-27">
         <name>.debug_abbrev</name>
         <load_address>0x53c</load_address>
         <run_address>0x53c</run_address>
         <size>0x21</size>
         <input_file_ref idref="fl-5"/>
      </object_component>
      <object_component id="oc-2d">
         <name>.debug_abbrev</name>
         <load_address>0x55d</load_address>
         <run_address>0x55d</run_address>
         <size>0xff</size>
         <input_file_ref idref="fl-b"/>
      </object_component>
      <object_component id="oc-33">
         <name>.debug_abbrev</name>
         <load_address>0x65c</load_address>
         <run_address>0x65c</run_address>
         <size>0x149</size>
         <input_file_ref idref="fl-c"/>
      </object_component>
      <object_component id="oc-39">
         <name>.debug_abbrev</name>
         <load_address>0x7a5</load_address>
         <run_address>0x7a5</run_address>
         <size>0x1d6</size>
         <input_file_ref idref="fl-d"/>
      </object_component>
      <object_component id="oc-3f">
         <name>.debug_abbrev</name>
         <load_address>0x97b</load_address>
         <run_address>0x97b</run_address>
         <size>0x193</size>
         <input_file_ref idref="fl-e"/>
      </object_component>
      <object_component id="oc-45">
         <name>.debug_abbrev</name>
         <load_address>0xb0e</load_address>
         <run_address>0xb0e</run_address>
         <size>0x19d</size>
         <input_file_ref idref="fl-f"/>
      </object_component>
      <object_component id="oc-4c">
         <name>.debug_abbrev</name>
         <load_address>0xcab</load_address>
         <run_address>0xcab</run_address>
         <size>0x219</size>
         <input_file_ref idref="fl-10"/>
      </object_component>
      <object_component id="oc-53">
         <name>.debug_abbrev</name>
         <load_address>0xec4</load_address>
         <run_address>0xec4</run_address>
         <size>0x46</size>
         <input_file_ref idref="fl-1c"/>
      </object_component>
      <object_component id="oc-58">
         <name>.debug_abbrev</name>
         <load_address>0xf0a</load_address>
         <run_address>0xf0a</run_address>
         <size>0x38</size>
         <input_file_ref idref="fl-1d"/>
      </object_component>
      <object_component id="oc-5d">
         <name>.debug_abbrev</name>
         <load_address>0xf42</load_address>
         <run_address>0xf42</run_address>
         <size>0x38</size>
         <input_file_ref idref="fl-1e"/>
      </object_component>
      <object_component id="oc-62">
         <name>.debug_abbrev</name>
         <load_address>0xf7a</load_address>
         <run_address>0xf7a</run_address>
         <size>0xe3</size>
         <input_file_ref idref="fl-1f"/>
      </object_component>
      <object_component id="oc-67">
         <name>.debug_abbrev</name>
         <load_address>0x105d</load_address>
         <run_address>0x105d</run_address>
         <size>0xa8</size>
         <input_file_ref idref="fl-20"/>
      </object_component>
      <object_component id="oc-6c">
         <name>.debug_abbrev</name>
         <load_address>0x1105</load_address>
         <run_address>0x1105</run_address>
         <size>0x68</size>
         <input_file_ref idref="fl-21"/>
      </object_component>
      <object_component id="oc-71">
         <name>.debug_abbrev</name>
         <load_address>0x116d</load_address>
         <run_address>0x116d</run_address>
         <size>0x66</size>
         <input_file_ref idref="fl-22"/>
      </object_component>
      <object_component id="oc-78">
         <name>.debug_abbrev</name>
         <load_address>0x11d3</load_address>
         <run_address>0x11d3</run_address>
         <size>0x130</size>
         <input_file_ref idref="fl-23"/>
      </object_component>
      <object_component id="oc-7d">
         <name>.debug_abbrev</name>
         <load_address>0x1303</load_address>
         <run_address>0x1303</run_address>
         <size>0xb2</size>
         <input_file_ref idref="fl-24"/>
      </object_component>
      <object_component id="oc-82">
         <name>.debug_abbrev</name>
         <load_address>0x13b5</load_address>
         <run_address>0x13b5</run_address>
         <size>0xee</size>
         <input_file_ref idref="fl-25"/>
      </object_component>
      <object_component id="oc-e6">
         <name>.debug_abbrev</name>
         <load_address>0x14a3</load_address>
         <run_address>0x14a3</run_address>
         <size>0xf</size>
      </object_component>
      <object_component id="oc-18">
         <name>.debug_aranges</name>
         <load_address>0x0</load_address>
         <run_address>0x0</run_address>
         <size>0xf8</size>
         <input_file_ref idref="fl-2"/>
      </object_component>
      <object_component id="oc-1f">
         <name>.debug_aranges</name>
         <load_address>0xf8</load_address>
         <run_address>0xf8</run_address>
         <size>0x188</size>
         <input_file_ref idref="fl-3"/>
      </object_component>
      <object_component id="oc-24">
         <name>.debug_aranges</name>
         <load_address>0x280</load_address>
         <run_address>0x280</run_address>
         <size>0x58</size>
         <input_file_ref idref="fl-4"/>
      </object_component>
      <object_component id="oc-28">
         <name>.debug_aranges</name>
         <load_address>0x2d8</load_address>
         <run_address>0x2d8</run_address>
         <size>0x20</size>
         <input_file_ref idref="fl-5"/>
      </object_component>
      <object_component id="oc-2e">
         <name>.debug_aranges</name>
         <load_address>0x2f8</load_address>
         <run_address>0x2f8</run_address>
         <size>0x28</size>
         <input_file_ref idref="fl-b"/>
      </object_component>
      <object_component id="oc-34">
         <name>.debug_aranges</name>
         <load_address>0x320</load_address>
         <run_address>0x320</run_address>
         <size>0x78</size>
         <input_file_ref idref="fl-c"/>
      </object_component>
      <object_component id="oc-3a">
         <name>.debug_aranges</name>
         <load_address>0x398</load_address>
         <run_address>0x398</run_address>
         <size>0x48</size>
         <input_file_ref idref="fl-d"/>
      </object_component>
      <object_component id="oc-40">
         <name>.debug_aranges</name>
         <load_address>0x3e0</load_address>
         <run_address>0x3e0</run_address>
         <size>0x58</size>
         <input_file_ref idref="fl-e"/>
      </object_component>
      <object_component id="oc-46">
         <name>.debug_aranges</name>
         <load_address>0x438</load_address>
         <run_address>0x438</run_address>
         <size>0x68</size>
         <input_file_ref idref="fl-f"/>
      </object_component>
      <object_component id="oc-4d">
         <name>.debug_aranges</name>
         <load_address>0x4a0</load_address>
         <run_address>0x4a0</run_address>
         <size>0xb0</size>
         <input_file_ref idref="fl-10"/>
      </object_component>
      <object_component id="oc-54">
         <name>.debug_aranges</name>
         <load_address>0x550</load_address>
         <run_address>0x550</run_address>
         <size>0x20</size>
         <input_file_ref idref="fl-1c"/>
      </object_component>
      <object_component id="oc-59">
         <name>.debug_aranges</name>
         <load_address>0x570</load_address>
         <run_address>0x570</run_address>
         <size>0x20</size>
         <input_file_ref idref="fl-1d"/>
      </object_component>
      <object_component id="oc-5e">
         <name>.debug_aranges</name>
         <load_address>0x590</load_address>
         <run_address>0x590</run_address>
         <size>0x28</size>
         <input_file_ref idref="fl-1e"/>
      </object_component>
      <object_component id="oc-63">
         <name>.debug_aranges</name>
         <load_address>0x5b8</load_address>
         <run_address>0x5b8</run_address>
         <size>0x20</size>
         <input_file_ref idref="fl-1f"/>
      </object_component>
      <object_component id="oc-68">
         <name>.debug_aranges</name>
         <load_address>0x5d8</load_address>
         <run_address>0x5d8</run_address>
         <size>0x20</size>
         <input_file_ref idref="fl-20"/>
      </object_component>
      <object_component id="oc-6d">
         <name>.debug_aranges</name>
         <load_address>0x5f8</load_address>
         <run_address>0x5f8</run_address>
         <size>0x20</size>
         <input_file_ref idref="fl-21"/>
      </object_component>
      <object_component id="oc-72">
         <name>.debug_aranges</name>
         <load_address>0x618</load_address>
         <run_address>0x618</run_address>
         <size>0x20</size>
         <input_file_ref idref="fl-22"/>
      </object_component>
      <object_component id="oc-79">
         <name>.debug_aranges</name>
         <load_address>0x638</load_address>
         <run_address>0x638</run_address>
         <size>0x28</size>
         <input_file_ref idref="fl-23"/>
      </object_component>
      <object_component id="oc-7e">
         <name>.debug_aranges</name>
         <load_address>0x660</load_address>
         <run_address>0x660</run_address>
         <size>0x30</size>
         <input_file_ref idref="fl-24"/>
      </object_component>
      <object_component id="oc-83">
         <name>.debug_aranges</name>
         <load_address>0x690</load_address>
         <run_address>0x690</run_address>
         <size>0x20</size>
         <input_file_ref idref="fl-25"/>
      </object_component>
   </object_component_list>
   <logical_group_list>
      <logical_group id="lg-2" display="no" color="cyan">
         <name>codestart</name>
         <load_address>0x0</load_address>
         <run_address>0x0</run_address>
         <size>0x2</size>
         <contents>
            <object_component_ref idref="oc-10"/>
         </contents>
      </logical_group>
      <logical_group id="lg-3" display="no" color="cyan">
         <name>.TI.ramfunc</name>
         <load_address>0xf5</load_address>
         <run_address>0xf5</run_address>
         <size>0x136</size>
         <contents>
            <object_component_ref idref="oc-9c"/>
            <object_component_ref idref="oc-a8"/>
            <object_component_ref idref="oc-b4"/>
            <object_component_ref idref="oc-a9"/>
            <object_component_ref idref="oc-b2"/>
            <object_component_ref idref="oc-b3"/>
            <object_component_ref idref="oc-b5"/>
            <object_component_ref idref="oc-b6"/>
            <object_component_ref idref="oc-b7"/>
            <object_component_ref idref="oc-48"/>
         </contents>
      </logical_group>
      <logical_group id="lg-4" display="no" color="cyan">
         <name>.text</name>
         <load_address>0x8000</load_address>
         <run_address>0x8000</run_address>
         <size>0x1c01</size>
         <contents>
            <object_component_ref idref="oc-96"/>
            <object_component_ref idref="oc-84"/>
            <object_component_ref idref="oc-8a"/>
            <object_component_ref idref="oc-9b"/>
            <object_component_ref idref="oc-b0"/>
            <object_component_ref idref="oc-55"/>
            <object_component_ref idref="oc-97"/>
            <object_component_ref idref="oc-c4"/>
            <object_component_ref idref="oc-af"/>
            <object_component_ref idref="oc-4e"/>
            <object_component_ref idref="oc-90"/>
            <object_component_ref idref="oc-8b"/>
            <object_component_ref idref="oc-93"/>
            <object_component_ref idref="oc-aa"/>
            <object_component_ref idref="oc-92"/>
            <object_component_ref idref="oc-8c"/>
            <object_component_ref idref="oc-8d"/>
            <object_component_ref idref="oc-8f"/>
            <object_component_ref idref="oc-1a"/>
            <object_component_ref idref="oc-94"/>
            <object_component_ref idref="oc-8e"/>
            <object_component_ref idref="oc-89"/>
            <object_component_ref idref="oc-c5"/>
            <object_component_ref idref="oc-bc"/>
            <object_component_ref idref="oc-86"/>
            <object_component_ref idref="oc-b8"/>
            <object_component_ref idref="oc-c8"/>
            <object_component_ref idref="oc-5a"/>
            <object_component_ref idref="oc-91"/>
            <object_component_ref idref="oc-c3"/>
            <object_component_ref idref="oc-c2"/>
            <object_component_ref idref="oc-98"/>
            <object_component_ref idref="oc-95"/>
            <object_component_ref idref="oc-ba"/>
            <object_component_ref idref="oc-ab"/>
            <object_component_ref idref="oc-bd"/>
            <object_component_ref idref="oc-a3"/>
            <object_component_ref idref="oc-a5"/>
            <object_component_ref idref="oc-88"/>
            <object_component_ref idref="oc-c1"/>
            <object_component_ref idref="oc-be"/>
            <object_component_ref idref="oc-c0"/>
            <object_component_ref idref="oc-c6"/>
            <object_component_ref idref="oc-b9"/>
            <object_component_ref idref="oc-a2"/>
            <object_component_ref idref="oc-bf"/>
            <object_component_ref idref="oc-c7"/>
            <object_component_ref idref="oc-9d"/>
            <object_component_ref idref="oc-a4"/>
            <object_component_ref idref="oc-ca"/>
            <object_component_ref idref="oc-a7"/>
            <object_component_ref idref="oc-b1"/>
            <object_component_ref idref="oc-9f"/>
            <object_component_ref idref="oc-9e"/>
            <object_component_ref idref="oc-a6"/>
            <object_component_ref idref="oc-ae"/>
            <object_component_ref idref="oc-ac"/>
            <object_component_ref idref="oc-c9"/>
            <object_component_ref idref="oc-a1"/>
            <object_component_ref idref="oc-a0"/>
            <object_component_ref idref="oc-85"/>
            <object_component_ref idref="oc-87"/>
         </contents>
      </logical_group>
      <logical_group id="lg-5" display="no" color="cyan">
         <name>.cinit</name>
         <load_address>0x22b</load_address>
         <run_address>0x22b</run_address>
         <size>0x2f</size>
         <contents>
            <object_component_ref idref="oc-12"/>
            <object_component_ref idref="oc-74"/>
            <object_component_ref idref="oc-9a"/>
            <object_component_ref idref="oc-ad"/>
         </contents>
      </logical_group>
      <logical_group id="lg-6" display="no" color="cyan">
         <name>.pinit</name>
         <run_address>0x0</run_address>
         <size>0x0</size>
         <contents>
         </contents>
      </logical_group>
      <logical_group id="lg-7" display="no" color="cyan">
         <name>.switch</name>
         <run_address>0x0</run_address>
         <size>0x0</size>
         <contents>
         </contents>
      </logical_group>
      <logical_group id="lg-8" display="no" color="cyan">
         <name>.reset</name>
         <load_address>0x3fffc0</load_address>
         <run_address>0x3fffc0</run_address>
         <size>0x2</size>
         <contents>
            <object_component_ref idref="oc-50"/>
         </contents>
      </logical_group>
      <logical_group id="lg-9" display="no" color="cyan">
         <name>.stack</name>
         <run_address>0x400</run_address>
         <size>0x100</size>
         <contents>
            <object_component_ref idref="oc-4f"/>
            <object_component_ref idref="oc-e4"/>
         </contents>
      </logical_group>
      <logical_group id="lg-a" display="no" color="cyan">
         <name>.ebss</name>
         <run_address>0x10800</run_address>
         <size>0x3ae</size>
         <contents>
            <object_component_ref idref="oc-13"/>
            <object_component_ref idref="oc-75"/>
            <object_component_ref idref="oc-bb"/>
            <object_component_ref idref="oc-99"/>
         </contents>
      </logical_group>
      <logical_group id="lg-b" display="no" color="cyan">
         <name>.econst</name>
         <load_address>0x9c02</load_address>
         <run_address>0x9c02</run_address>
         <size>0x95b</size>
         <contents>
            <object_component_ref idref="oc-14"/>
            <object_component_ref idref="oc-1b"/>
            <object_component_ref idref="oc-30"/>
            <object_component_ref idref="oc-49"/>
            <object_component_ref idref="oc-36"/>
            <object_component_ref idref="oc-42"/>
            <object_component_ref idref="oc-3c"/>
            <object_component_ref idref="oc-2a"/>
         </contents>
      </logical_group>
      <logical_group id="lg-c" display="no" color="cyan">
         <name>.esysmem</name>
         <run_address>0x0</run_address>
         <size>0x0</size>
         <contents>
         </contents>
      </logical_group>
      <logical_group id="lg-d" display="no" color="cyan">
         <name>ramgs0</name>
         <run_address>0x0</run_address>
         <size>0x0</size>
         <contents>
         </contents>
      </logical_group>
      <logical_group id="lg-e" display="no" color="cyan">
         <name>ramgs1</name>
         <run_address>0x0</run_address>
         <size>0x0</size>
         <contents>
         </contents>
      </logical_group>
      <logical_group id="lg-d8" display="never" color="cyan">
         <name>.debug_info</name>
         <load_address>0x0</load_address>
         <run_address>0x0</run_address>
         <size>0x15373</size>
         <contents>
            <object_component_ref idref="oc-11"/>
            <object_component_ref idref="oc-19"/>
            <object_component_ref idref="oc-20"/>
            <object_component_ref idref="oc-25"/>
            <object_component_ref idref="oc-29"/>
            <object_component_ref idref="oc-2f"/>
            <object_component_ref idref="oc-35"/>
            <object_component_ref idref="oc-3b"/>
            <object_component_ref idref="oc-41"/>
            <object_component_ref idref="oc-47"/>
            <object_component_ref idref="oc-51"/>
            <object_component_ref idref="oc-56"/>
            <object_component_ref idref="oc-5b"/>
            <object_component_ref idref="oc-5f"/>
            <object_component_ref idref="oc-64"/>
            <object_component_ref idref="oc-69"/>
            <object_component_ref idref="oc-6e"/>
            <object_component_ref idref="oc-73"/>
            <object_component_ref idref="oc-7a"/>
            <object_component_ref idref="oc-7f"/>
            <object_component_ref idref="oc-e5"/>
         </contents>
      </logical_group>
      <logical_group id="lg-da" display="never" color="cyan">
         <name>.debug_frame</name>
         <load_address>0x0</load_address>
         <run_address>0x0</run_address>
         <size>0x156b</size>
         <contents>
            <object_component_ref idref="oc-15"/>
            <object_component_ref idref="oc-1c"/>
            <object_component_ref idref="oc-21"/>
            <object_component_ref idref="oc-2b"/>
            <object_component_ref idref="oc-31"/>
            <object_component_ref idref="oc-37"/>
            <object_component_ref idref="oc-3d"/>
            <object_component_ref idref="oc-43"/>
            <object_component_ref idref="oc-4a"/>
            <object_component_ref idref="oc-60"/>
            <object_component_ref idref="oc-65"/>
            <object_component_ref idref="oc-6a"/>
            <object_component_ref idref="oc-6f"/>
            <object_component_ref idref="oc-76"/>
            <object_component_ref idref="oc-7b"/>
            <object_component_ref idref="oc-80"/>
         </contents>
      </logical_group>
      <logical_group id="lg-dc" display="never" color="cyan">
         <name>.debug_line</name>
         <load_address>0x0</load_address>
         <run_address>0x0</run_address>
         <size>0x2658</size>
         <contents>
            <object_component_ref idref="oc-16"/>
            <object_component_ref idref="oc-1d"/>
            <object_component_ref idref="oc-22"/>
            <object_component_ref idref="oc-26"/>
            <object_component_ref idref="oc-2c"/>
            <object_component_ref idref="oc-32"/>
            <object_component_ref idref="oc-38"/>
            <object_component_ref idref="oc-3e"/>
            <object_component_ref idref="oc-44"/>
            <object_component_ref idref="oc-4b"/>
            <object_component_ref idref="oc-52"/>
            <object_component_ref idref="oc-57"/>
            <object_component_ref idref="oc-5c"/>
            <object_component_ref idref="oc-61"/>
            <object_component_ref idref="oc-66"/>
            <object_component_ref idref="oc-6b"/>
            <object_component_ref idref="oc-70"/>
            <object_component_ref idref="oc-77"/>
            <object_component_ref idref="oc-7c"/>
            <object_component_ref idref="oc-81"/>
         </contents>
      </logical_group>
      <logical_group id="lg-de" display="never" color="cyan">
         <name>.debug_abbrev</name>
         <load_address>0x0</load_address>
         <run_address>0x0</run_address>
         <size>0x14b2</size>
         <contents>
            <object_component_ref idref="oc-17"/>
            <object_component_ref idref="oc-1e"/>
            <object_component_ref idref="oc-23"/>
            <object_component_ref idref="oc-27"/>
            <object_component_ref idref="oc-2d"/>
            <object_component_ref idref="oc-33"/>
            <object_component_ref idref="oc-39"/>
            <object_component_ref idref="oc-3f"/>
            <object_component_ref idref="oc-45"/>
            <object_component_ref idref="oc-4c"/>
            <object_component_ref idref="oc-53"/>
            <object_component_ref idref="oc-58"/>
            <object_component_ref idref="oc-5d"/>
            <object_component_ref idref="oc-62"/>
            <object_component_ref idref="oc-67"/>
            <object_component_ref idref="oc-6c"/>
            <object_component_ref idref="oc-71"/>
            <object_component_ref idref="oc-78"/>
            <object_component_ref idref="oc-7d"/>
            <object_component_ref idref="oc-82"/>
            <object_component_ref idref="oc-e6"/>
         </contents>
      </logical_group>
      <logical_group id="lg-e0" display="never" color="cyan">
         <name>.debug_aranges</name>
         <load_address>0x0</load_address>
         <run_address>0x0</run_address>
         <size>0x6b0</size>
         <contents>
            <object_component_ref idref="oc-18"/>
            <object_component_ref idref="oc-1f"/>
            <object_component_ref idref="oc-24"/>
            <object_component_ref idref="oc-28"/>
            <object_component_ref idref="oc-2e"/>
            <object_component_ref idref="oc-34"/>
            <object_component_ref idref="oc-3a"/>
            <object_component_ref idref="oc-40"/>
            <object_component_ref idref="oc-46"/>
            <object_component_ref idref="oc-4d"/>
            <object_component_ref idref="oc-54"/>
            <object_component_ref idref="oc-59"/>
            <object_component_ref idref="oc-5e"/>
            <object_component_ref idref="oc-63"/>
            <object_component_ref idref="oc-68"/>
            <object_component_ref idref="oc-6d"/>
            <object_component_ref idref="oc-72"/>
            <object_component_ref idref="oc-79"/>
            <object_component_ref idref="oc-7e"/>
            <object_component_ref idref="oc-83"/>
         </contents>
      </logical_group>
   </logical_group_list>
   <placement_map>
      <memory_area display="no" color="green">
         <name>BEGIN</name>
         <page_id>0x0</page_id>
         <origin>0x0</origin>
         <length>0x2</length>
         <used_space>0x2</used_space>
         <unused_space>0x0</unused_space>
         <attributes>RWIX</attributes>
         <usage_details>
            <allocated_space>
               <start_address>0x0</start_address>
               <size>0x2</size>
               <logical_group_ref idref="lg-2"/>
            </allocated_space>
         </usage_details>
      </memory_area>
      <memory_area display="yes" color="green">
         <name>RAMM0</name>
         <page_id>0x0</page_id>
         <origin>0xf5</origin>
         <length>0x30b</length>
         <used_space>0x165</used_space>
         <unused_space>0x1a6</unused_space>
         <attributes>RWIX</attributes>
         <usage_details>
            <allocated_space>
               <start_address>0xf5</start_address>
               <size>0x136</size>
               <logical_group_ref idref="lg-3"/>
            </allocated_space>
            <allocated_space>
               <start_address>0x22b</start_address>
               <size>0x2f</size>
               <logical_group_ref idref="lg-5"/>
            </allocated_space>
            <available_space>
               <start_address>0x25a</start_address>
               <size>0x1a6</size>
            </available_space>
         </usage_details>
      </memory_area>
      <memory_area display="yes" color="green">
         <name>RAMLS04</name>
         <page_id>0x0</page_id>
         <origin>0x8000</origin>
         <length>0x2800</length>
         <used_space>0x255c</used_space>
         <unused_space>0x2a4</unused_space>
         <attributes>RWIX</attributes>
         <usage_details>
            <allocated_space>
               <start_address>0x8000</start_address>
               <size>0x1c01</size>
               <logical_group_ref idref="lg-4"/>
            </allocated_space>
            <available_space>
               <start_address>0x9c01</start_address>
               <size>0x1</size>
            </available_space>
            <allocated_space>
               <start_address>0x9c02</start_address>
               <size>0x95b</size>
               <logical_group_ref idref="lg-b"/>
            </allocated_space>
            <available_space>
               <start_address>0xa55d</start_address>
               <size>0x2a3</size>
            </available_space>
         </usage_details>
      </memory_area>
      <memory_area display="yes" color="green">
         <name>RAMLS05</name>
         <page_id>0x0</page_id>
         <origin>0x10800</origin>
         <length>0x2800</length>
         <used_space>0x3ae</used_space>
         <unused_space>0x2452</unused_space>
         <attributes>RWIX</attributes>
         <usage_details>
            <allocated_space>
               <start_address>0x10800</start_address>
               <size>0x3ae</size>
               <logical_group_ref idref="lg-a"/>
            </allocated_space>
            <available_space>
               <start_address>0x10bae</start_address>
               <size>0x2452</size>
            </available_space>
         </usage_details>
      </memory_area>
      <memory_area display="no" color="green">
         <name>RESET</name>
         <page_id>0x0</page_id>
         <origin>0x3fffc0</origin>
         <length>0x2</length>
         <used_space>0x0</used_space>
         <unused_space>0x2</unused_space>
         <attributes>RWIX</attributes>
         <usage_details>
         </usage_details>
      </memory_area>
      <memory_area display="yes" color="green">
         <name>BOOT_RSVD</name>
         <page_id>0x1</page_id>
         <origin>0x2</origin>
         <length>0xf3</length>
         <used_space>0x0</used_space>
         <unused_space>0xf3</unused_space>
         <attributes>RWIX</attributes>
         <usage_details>
         </usage_details>
      </memory_area>
      <memory_area display="yes" color="green">
         <name>RAMM1</name>
         <page_id>0x1</page_id>
         <origin>0x400</origin>
         <length>0x400</length>
         <used_space>0x100</used_space>
         <unused_space>0x300</unused_space>
         <attributes>RWIX</attributes>
         <usage_details>
            <allocated_space>
               <start_address>0x400</start_address>
               <size>0x100</size>
               <logical_group_ref idref="lg-9"/>
            </allocated_space>
            <available_space>
               <start_address>0x500</start_address>
               <size>0x300</size>
            </available_space>
         </usage_details>
      </memory_area>
      <memory_area display="yes" color="green">
         <name>RAMLS5</name>
         <page_id>0x1</page_id>
         <origin>0xa800</origin>
         <length>0x800</length>
         <used_space>0x0</used_space>
         <unused_space>0x800</unused_space>
         <attributes>RWIX</attributes>
         <usage_details>
         </usage_details>
      </memory_area>
      <memory_area display="yes" color="green">
         <name>RAMLS6</name>
         <page_id>0x1</page_id>
         <origin>0xb000</origin>
         <length>0x800</length>
         <used_space>0x0</used_space>
         <unused_space>0x800</unused_space>
         <attributes>RWIX</attributes>
         <usage_details>
         </usage_details>
      </memory_area>
      <memory_area display="yes" color="green">
         <name>RAMLS7</name>
         <page_id>0x1</page_id>
         <origin>0xb800</origin>
         <length>0x800</length>
         <used_space>0x0</used_space>
         <unused_space>0x800</unused_space>
         <attributes>RWIX</attributes>
         <usage_details>
         </usage_details>
      </memory_area>
      <memory_area display="yes" color="green">
         <name>RAMGS0</name>
         <page_id>0x1</page_id>
         <origin>0xc000</origin>
         <length>0x2000</length>
         <used_space>0x0</used_space>
         <unused_space>0x2000</unused_space>
         <attributes>RWIX</attributes>
         <usage_details>
         </usage_details>
      </memory_area>
      <memory_area display="yes" color="green">
         <name>RAMGS1</name>
         <page_id>0x1</page_id>
         <origin>0xe000</origin>
         <length>0x2000</length>
         <used_space>0x0</used_space>
         <unused_space>0x2000</unused_space>
         <attributes>RWIX</attributes>
         <usage_details>
         </usage_details>
      </memory_area>
      <memory_area display="yes" color="green">
         <name>RAMGS2</name>
         <page_id>0x1</page_id>
         <origin>0x10000</origin>
         <length>0x2000</length>
         <used_space>0x0</used_space>
         <unused_space>0x2000</unused_space>
         <attributes>RWIX</attributes>
         <usage_details>
         </usage_details>
      </memory_area>
      <memory_area display="yes" color="green">
         <name>RAMGS3</name>
         <page_id>0x1</page_id>
         <origin>0x12000</origin>
         <length>0x2000</length>
         <used_space>0x0</used_space>
         <unused_space>0x2000</unused_space>
         <attributes>RWIX</attributes>
         <usage_details>
         </usage_details>
      </memory_area>
   </placement_map>
   <symbol_table>
      <symbol id="sm-0">
         <name>cinit</name>
         <value>0x22b</value>
      </symbol>
      <symbol id="sm-1">
         <name>___cinit__</name>
         <value>0x22b</value>
      </symbol>
      <symbol id="sm-2">
         <name>pinit</name>
         <value>0xffffffff</value>
      </symbol>
      <symbol id="sm-3">
         <name>___pinit__</name>
         <value>0xffffffff</value>
      </symbol>
      <symbol id="sm-4">
         <name>binit</name>
         <value>0xffffffff</value>
      </symbol>
      <symbol id="sm-5">
         <name>___binit__</name>
         <value>0xffffffff</value>
      </symbol>
      <symbol id="sm-6">
         <name>__STACK_SIZE</name>
         <value>0x100</value>
      </symbol>
      <symbol id="sm-7">
         <name>__STACK_END</name>
         <value>0x500</value>
      </symbol>
      <symbol id="sm-8">
         <name>___c_args__</name>
         <value>0xffffffff</value>
      </symbol>
      <symbol id="sm-9">
         <name>.text</name>
         <value>0x8000</value>
      </symbol>
      <symbol id="sm-a">
         <name>___text__</name>
         <value>0x8000</value>
      </symbol>
      <symbol id="sm-b">
         <name>etext</name>
         <value>0x9c01</value>
      </symbol>
      <symbol id="sm-c">
         <name>___etext__</name>
         <value>0x9c01</value>
      </symbol>
      <symbol id="sm-d">
         <name>___TI_pprof_out_hndl</name>
         <value>0xffffffff</value>
      </symbol>
      <symbol id="sm-e">
         <name>___TI_prof_data_start</name>
         <value>0xffffffff</value>
      </symbol>
      <symbol id="sm-f">
         <name>___TI_prof_data_size</name>
         <value>0xffffffff</value>
      </symbol>
      <symbol id="sm-cc">
         <name>_guiState</name>
         <value>0x10804</value>
         <object_component_ref idref="oc-13"/>
      </symbol>
      <symbol id="sm-cd">
         <name>_voltValues</name>
         <value>0x10840</value>
         <object_component_ref idref="oc-13"/>
      </symbol>
      <symbol id="sm-ce">
         <name>_dutyCycle</name>
         <value>0x10807</value>
         <object_component_ref idref="oc-13"/>
      </symbol>
      <symbol id="sm-cf">
         <name>_currString</name>
         <value>0x10814</value>
         <object_component_ref idref="oc-13"/>
      </symbol>
      <symbol id="sm-d0">
         <name>_periodCnt</name>
         <value>0x10808</value>
         <object_component_ref idref="oc-13"/>
      </symbol>
      <symbol id="sm-d1">
         <name>_read_ADC</name>
         <value>0x8862</value>
         <object_component_ref idref="oc-96"/>
      </symbol>
      <symbol id="sm-d2">
         <name>_voltADCValues</name>
         <value>0x10ac0</value>
         <object_component_ref idref="oc-13"/>
      </symbol>
      <symbol id="sm-d3">
         <name>_dacVal</name>
         <value>0x10803</value>
         <object_component_ref idref="oc-13"/>
      </symbol>
      <symbol id="sm-d4">
         <name>_receivedChar</name>
         <value>0x10802</value>
         <object_component_ref idref="oc-13"/>
      </symbol>
      <symbol id="sm-d5">
         <name>_run_frequency_menu</name>
         <value>0x82b7</value>
         <object_component_ref idref="oc-96"/>
      </symbol>
      <symbol id="sm-d6">
         <name>_drawSonic</name>
         <value>0x88ac</value>
         <object_component_ref idref="oc-96"/>
      </symbol>
      <symbol id="sm-d7">
         <name>_run_duty_cycle_menu</name>
         <value>0x8214</value>
         <object_component_ref idref="oc-96"/>
      </symbol>
      <symbol id="sm-d8">
         <name>_dutyString</name>
         <value>0x1080e</value>
         <object_component_ref idref="oc-13"/>
      </symbol>
      <symbol id="sm-d9">
         <name>_dutyCycleTrack</name>
         <value>0x10818</value>
         <object_component_ref idref="oc-13"/>
      </symbol>
      <symbol id="sm-da">
         <name>_avg_ADC_curr</name>
         <value>0x8814</value>
         <object_component_ref idref="oc-96"/>
      </symbol>
      <symbol id="sm-db">
         <name>_period</name>
         <value>0x10805</value>
         <object_component_ref idref="oc-13"/>
      </symbol>
      <symbol id="sm-dc">
         <name>_dac</name>
         <value>0x10820</value>
         <object_component_ref idref="oc-13"/>
      </symbol>
      <symbol id="sm-dd">
         <name>_rawADCvolt</name>
         <value>0x10810</value>
         <object_component_ref idref="oc-13"/>
      </symbol>
      <symbol id="sm-de">
         <name>_run_dac_menu</name>
         <value>0x8340</value>
         <object_component_ref idref="oc-96"/>
      </symbol>
      <symbol id="sm-df">
         <name>_avg_ADC_volt</name>
         <value>0x883b</value>
         <object_component_ref idref="oc-96"/>
      </symbol>
      <symbol id="sm-e0">
         <name>_rawADCcurr</name>
         <value>0x1080c</value>
         <object_component_ref idref="oc-13"/>
      </symbol>
      <symbol id="sm-e1">
         <name>_currValues</name>
         <value>0x108c0</value>
         <object_component_ref idref="oc-13"/>
      </symbol>
      <symbol id="sm-e2">
         <name>_msg</name>
         <value>0x10816</value>
         <object_component_ref idref="oc-13"/>
      </symbol>
      <symbol id="sm-e3">
         <name>_currADCValues</name>
         <value>0x10940</value>
         <object_component_ref idref="oc-13"/>
      </symbol>
      <symbol id="sm-e4">
         <name>_voltADC_avg</name>
         <value>0x10801</value>
         <object_component_ref idref="oc-13"/>
      </symbol>
      <symbol id="sm-e5">
         <name>_volt</name>
         <value>0x10812</value>
         <object_component_ref idref="oc-13"/>
      </symbol>
      <symbol id="sm-e6">
         <name>_run_gui</name>
         <value>0x81e8</value>
         <object_component_ref idref="oc-96"/>
      </symbol>
      <symbol id="sm-e7">
         <name>_freqValues</name>
         <value>0x10a40</value>
         <object_component_ref idref="oc-13"/>
      </symbol>
      <symbol id="sm-e8">
         <name>_run_freq_sweep_menu</name>
         <value>0x839a</value>
         <object_component_ref idref="oc-96"/>
      </symbol>
      <symbol id="sm-e9">
         <name>_currADC_avg</name>
         <value>0x10800</value>
         <object_component_ref idref="oc-13"/>
      </symbol>
      <symbol id="sm-ea">
         <name>_freq</name>
         <value>0x1081c</value>
         <object_component_ref idref="oc-13"/>
      </symbol>
      <symbol id="sm-eb">
         <name>_powerValues</name>
         <value>0x10b40</value>
         <object_component_ref idref="oc-13"/>
      </symbol>
      <symbol id="sm-ec">
         <name>_adcCResult0</name>
         <value>0x10806</value>
         <object_component_ref idref="oc-13"/>
      </symbol>
      <symbol id="sm-ed">
         <name>_adcCResult6</name>
         <value>0x1080a</value>
         <object_component_ref idref="oc-13"/>
      </symbol>
      <symbol id="sm-ee">
         <name>_my_itoa</name>
         <value>0x8978</value>
         <object_component_ref idref="oc-96"/>
      </symbol>
      <symbol id="sm-ef">
         <name>_impedanceString</name>
         <value>0x1081e</value>
         <object_component_ref idref="oc-13"/>
      </symbol>
      <symbol id="sm-f0">
         <name>_powerString</name>
         <value>0x1081a</value>
         <object_component_ref idref="oc-13"/>
      </symbol>
      <symbol id="sm-f1">
         <name>_impedanceValues</name>
         <value>0x109c0</value>
         <object_component_ref idref="oc-13"/>
      </symbol>
      <symbol id="sm-f2">
         <name>_sendSettingsVals</name>
         <value>0x878f</value>
         <object_component_ref idref="oc-96"/>
      </symbol>
      <symbol id="sm-f3">
         <name>_adcBResult2</name>
         <value>0x10809</value>
         <object_component_ref idref="oc-13"/>
      </symbol>
      <symbol id="sm-f4">
         <name>_readAndSendADC</name>
         <value>0x8676</value>
         <object_component_ref idref="oc-96"/>
      </symbol>
      <symbol id="sm-16a">
         <name>_main</name>
         <value>0x8e90</value>
         <object_component_ref idref="oc-84"/>
      </symbol>
      <symbol id="sm-16b">
         <name>_initADCs</name>
         <value>0x909f</value>
         <object_component_ref idref="oc-84"/>
      </symbol>
      <symbol id="sm-16c">
         <name>_configureDAC</name>
         <value>0x911e</value>
         <object_component_ref idref="oc-84"/>
      </symbol>
      <symbol id="sm-16d">
         <name>_initADCSOCs</name>
         <value>0x90d5</value>
         <object_component_ref idref="oc-84"/>
      </symbol>
      <symbol id="sm-16e">
         <name>_wakeISR</name>
         <value>0x97f0</value>
         <object_component_ref idref="oc-1a"/>
      </symbol>
      <symbol id="sm-16f">
         <name>_initEPWM3</name>
         <value>0x9047</value>
         <object_component_ref idref="oc-84"/>
      </symbol>
      <symbol id="sm-170">
         <name>_initEPWM8</name>
         <value>0x8fdd</value>
         <object_component_ref idref="oc-84"/>
      </symbol>
      <symbol id="sm-180">
         <name>_Device_initGPIO</name>
         <value>0x926f</value>
         <object_component_ref idref="oc-8a"/>
      </symbol>
      <symbol id="sm-181">
         <name>___error__</name>
         <value>0x927f</value>
         <object_component_ref idref="oc-8a"/>
      </symbol>
      <symbol id="sm-182">
         <name>_Device_init</name>
         <value>0x9188</value>
         <object_component_ref idref="oc-8a"/>
      </symbol>
      <symbol id="sm-183">
         <name>_Device_enableAllPeripherals</name>
         <value>0x91a1</value>
         <object_component_ref idref="oc-8a"/>
      </symbol>
      <symbol id="sm-190">
         <name>code_start</name>
         <value>0x0</value>
         <object_component_ref idref="oc-10"/>
      </symbol>
      <symbol id="sm-1b1">
         <name>_ADC_setVREF</name>
         <value>0x9468</value>
         <object_component_ref idref="oc-97"/>
      </symbol>
      <symbol id="sm-1f3">
         <name>_Flash_initModule</name>
         <value>0xf5</value>
         <object_component_ref idref="oc-9c"/>
      </symbol>
      <symbol id="sm-1f4">
         <name>_Flash_powerDown</name>
         <value>0x99fe</value>
         <object_component_ref idref="oc-95"/>
      </symbol>
      <symbol id="sm-21f">
         <name>_GPIO_setMasterCore</name>
         <value>0x9780</value>
         <object_component_ref idref="oc-8d"/>
      </symbol>
      <symbol id="sm-220">
         <name>_GPIO_setPinConfig</name>
         <value>0x9743</value>
         <object_component_ref idref="oc-8c"/>
      </symbol>
      <symbol id="sm-221">
         <name>_GPIO_setDirectionMode</name>
         <value>0x9858</value>
         <object_component_ref idref="oc-8e"/>
      </symbol>
      <symbol id="sm-222">
         <name>_GPIO_setQualificationMode</name>
         <value>0x97b8</value>
         <object_component_ref idref="oc-8f"/>
      </symbol>
      <symbol id="sm-223">
         <name>_GPIO_setPadConfig</name>
         <value>0x962a</value>
         <object_component_ref idref="oc-8b"/>
      </symbol>
      <symbol id="sm-255">
         <name>_Interrupt_enable</name>
         <value>0x9825</value>
         <object_component_ref idref="oc-94"/>
      </symbol>
      <symbol id="sm-256">
         <name>_Interrupt_initVectorTable</name>
         <value>0x9985</value>
         <object_component_ref idref="oc-91"/>
      </symbol>
      <symbol id="sm-257">
         <name>_Interrupt_initModule</name>
         <value>0x95d6</value>
         <object_component_ref idref="oc-90"/>
      </symbol>
      <symbol id="sm-29c">
         <name>_SCI_clearInterruptStatus</name>
         <value>0x967c</value>
         <object_component_ref idref="oc-93"/>
      </symbol>
      <symbol id="sm-29d">
         <name>_SCI_setConfig</name>
         <value>0x9703</value>
         <object_component_ref idref="oc-92"/>
      </symbol>
      <symbol id="sm-29e">
         <name>_SCI_writeCharArray</name>
         <value>0x96c2</value>
         <object_component_ref idref="oc-aa"/>
      </symbol>
      <symbol id="sm-322">
         <name>_SysCtl_selectXTALSingleEnded</name>
         <value>0x9a4e</value>
         <object_component_ref idref="oc-bd"/>
      </symbol>
      <symbol id="sm-323">
         <name>_SysCtl_selectXTAL</name>
         <value>0x98d7</value>
         <object_component_ref idref="oc-bc"/>
      </symbol>
      <symbol id="sm-324">
         <name>_SysCtl_delay</name>
         <value>0x227</value>
         <object_component_ref idref="oc-48"/>
      </symbol>
      <symbol id="sm-325">
         <name>_SysCtl_selectOscSource</name>
         <value>0x952a</value>
         <object_component_ref idref="oc-af"/>
      </symbol>
      <symbol id="sm-326">
         <name>_SysCtl_isPLLValid</name>
         <value>0x9339</value>
         <object_component_ref idref="oc-b0"/>
      </symbol>
      <symbol id="sm-327">
         <name>_SysCtl_setClock</name>
         <value>0x9286</value>
         <object_component_ref idref="oc-9b"/>
      </symbol>
      <symbol id="sm-342">
         <name>_c_int00</name>
         <value>0x9580</value>
         <object_component_ref idref="oc-4e"/>
      </symbol>
      <symbol id="sm-343">
         <name>__stack</name>
         <value>0x400</value>
         <object_component_ref idref="oc-4f"/>
      </symbol>
      <symbol id="sm-354">
         <name>FS$$DIV</name>
         <value>0x93e0</value>
         <object_component_ref idref="oc-55"/>
      </symbol>
      <symbol id="sm-362">
         <name>I$$MOD</name>
         <value>0x9974</value>
         <object_component_ref idref="oc-5a"/>
      </symbol>
      <symbol id="sm-363">
         <name>I$$DIV</name>
         <value>0x9963</value>
         <object_component_ref idref="oc-5a"/>
      </symbol>
      <symbol id="sm-372">
         <name>_copy_in</name>
         <value>0x98fb</value>
         <object_component_ref idref="oc-86"/>
      </symbol>
      <symbol id="sm-383">
         <name>_memcpy</name>
         <value>0x99e1</value>
         <object_component_ref idref="oc-98"/>
      </symbol>
      <symbol id="sm-38f">
         <name>__system_pre_init</name>
         <value>0x9bfe</value>
         <object_component_ref idref="oc-85"/>
      </symbol>
      <symbol id="sm-39c">
         <name>__system_post_cinit</name>
         <value>0x9c00</value>
         <object_component_ref idref="oc-87"/>
      </symbol>
      <symbol id="sm-3b0">
         <name>C$$EXIT</name>
         <value>0x9889</value>
         <object_component_ref idref="oc-89"/>
      </symbol>
      <symbol id="sm-3b1">
         <name>_exit</name>
         <value>0x988b</value>
         <object_component_ref idref="oc-89"/>
      </symbol>
      <symbol id="sm-3b2">
         <name>___TI_cleanup_ptr</name>
         <value>0x10ba6</value>
         <object_component_ref idref="oc-75"/>
      </symbol>
      <symbol id="sm-3b3">
         <name>___TI_enable_exit_profile_output</name>
         <value>0x10ba4</value>
         <object_component_ref idref="oc-75"/>
      </symbol>
      <symbol id="sm-3b4">
         <name>_abort</name>
         <value>0x9889</value>
         <object_component_ref idref="oc-89"/>
      </symbol>
      <symbol id="sm-3b5">
         <name>___TI_dtors_ptr</name>
         <value>0x10ba8</value>
         <object_component_ref idref="oc-75"/>
      </symbol>
      <symbol id="sm-3c9">
         <name>__unlock</name>
         <value>0x10bac</value>
         <object_component_ref idref="oc-bb"/>
      </symbol>
      <symbol id="sm-3ca">
         <name>__lock</name>
         <value>0x10baa</value>
         <object_component_ref idref="oc-99"/>
      </symbol>
      <symbol id="sm-3cb">
         <name>__register_lock</name>
         <value>0x9bee</value>
         <object_component_ref idref="oc-ac"/>
      </symbol>
      <symbol id="sm-3cc">
         <name>__nop</name>
         <value>0x9bf2</value>
         <object_component_ref idref="oc-ac"/>
      </symbol>
      <symbol id="sm-3cd">
         <name>__register_unlock</name>
         <value>0x9bea</value>
         <object_component_ref idref="oc-ac"/>
      </symbol>
      <symbol id="sm-3dc">
         <name>__args_main</name>
         <value>0x9a9a</value>
         <object_component_ref idref="oc-88"/>
      </symbol>
   </symbol_table>
   <title>Link successful</title>
</link_info>
