******************************************************************************
             TMS320C2000 Linker PC v18.1.3                     
******************************************************************************
>> Linked Tue Apr 23 12:20:24 2019

OUTPUT FILE NAME:   <main_code_final_board.out>
ENTRY POINT SYMBOL: "code_start"  address: 00000000


MEMORY CONFIGURATION

         name            origin    length      used     unused   attr    fill
----------------------  --------  ---------  --------  --------  ----  --------
PAGE 0:
  BEGIN                 00000000   00000002  00000002  00000000  RWIX
  RAMM0                 000000f5   0000030b  00000165  000001a6  RWIX
  RAMLS04               00008000   00002800  000027c9  00000037  RWIX
  RAMLS05               00010800   00002800  000003ae  00002452  RWIX
  RESET                 003fffc0   00000002  00000000  00000002  RWIX

PAGE 1:
  BOOT_RSVD             00000002   000000f3  00000000  000000f3  RWIX
  RAMM1                 00000400   00000400  00000100  00000300  RWIX
  RAMLS5                0000a800   00000800  00000000  00000800  RWIX
  RAMLS6                0000b000   00000800  00000000  00000800  RWIX
  RAMLS7                0000b800   00000800  00000000  00000800  RWIX
  RAMGS0                0000c000   00002000  00000000  00002000  RWIX
  RAMGS1                0000e000   00002000  00000000  00002000  RWIX
  RAMGS2                00010000   00002000  00000000  00002000  RWIX
  RAMGS3                00012000   00002000  00000000  00002000  RWIX


SECTION ALLOCATION MAP

 output                                  attributes/
section   page    origin      length       input sections
--------  ----  ----------  ----------   ----------------
codestart 
*          0    00000000    00000002     
                  00000000    00000002     f28004x_codestartbranch.obj (codestart)

.TI.ramfunc 
*          0    000000f5    00000136     
                  000000f5    00000044     driverlib.lib : flash.obj (.TI.ramfunc:_Flash_initModule)
                  00000139    00000032                   : flash.obj (.TI.ramfunc:_Flash_setBankPowerMode)
                  0000016b    00000026                   : flash.obj (.TI.ramfunc:_Flash_setWaitstates)
                  00000191    0000001f                   : flash.obj (.TI.ramfunc:_Flash_setPumpPowerMode)
                  000001b0    00000018                   : flash.obj (.TI.ramfunc:_Flash_disableCache)
                  000001c8    00000018                   : flash.obj (.TI.ramfunc:_Flash_disablePrefetch)
                  000001e0    00000018                   : flash.obj (.TI.ramfunc:_Flash_enableCache)
                  000001f8    00000018                   : flash.obj (.TI.ramfunc:_Flash_enablePrefetch)
                  00000210    00000017                   : flash.obj (.TI.ramfunc:_Flash_enableECC)
                  00000227    00000004                   : sysctl.obj (.TI.ramfunc)

.cinit     0    0000022b    0000002f     
                  0000022b    00000015     gui.obj (.cinit)
                  00000240    0000000e     rts2800_fpu32.lib : exit.c.obj (.cinit)
                  0000024e    00000005                       : _lock.c.obj (.cinit:__lock)
                  00000253    00000005                       : _lock.c.obj (.cinit:__unlock)
                  00000258    00000002     --HOLE-- [fill = 0]

.text      0    00008000    00001d28     
                  00008000    00000ba9     gui.obj (.text)
                  00008ba9    000006c4     main_code_final_board.obj (.text)
                  0000926d    00000140     device.obj (.text)
                  000093ad    000000b3     driverlib.lib : sysctl.obj (.text:_SysCtl_setClock)
                  00009460    000000a7                   : sysctl.obj (.text:_SysCtl_isPLLValid)
                  00009507    00000088     rts2800_fpu32.lib : fs_div28.asm.obj (.text)
                  0000958f    00000064     driverlib.lib : adc.obj (.text:_ADC_setVREF)
                  000095f3    0000005e                   : sysctl.obj (.text:_DCC_setCounterSeeds)
                  00009651    00000056                   : sysctl.obj (.text:_SysCtl_selectOscSource)
                  000096a7    00000056     rts2800_fpu32.lib : boot28.asm.obj (.text)
                  000096fd    00000054     driverlib.lib : interrupt.obj (.text:_Interrupt_initModule)
                  00009751    00000052                   : gpio.obj (.text:_GPIO_setPadConfig)
                  000097a3    00000046                   : sci.obj (.text:_SCI_clearInterruptStatus)
                  000097e9    00000041                   : sci.obj (.text:_SCI_writeCharArray)
                  0000982a    00000040                   : sci.obj (.text:_SCI_setConfig)
                  0000986a    0000003d                   : gpio.obj (.text:_GPIO_setPinConfig)
                  000098a7    00000038                   : gpio.obj (.text:_GPIO_setMasterCore)
                  000098df    00000038                   : gpio.obj (.text:_GPIO_setQualificationMode)
                  00009917    00000035     main_code_final_board.obj (.text:retain)
                  0000994c    00000033     driverlib.lib : interrupt.obj (.text:_Interrupt_enable)
                  0000997f    00000031                   : gpio.obj (.text:_GPIO_setDirectionMode)
                  000099b0    00000029     rts2800_fpu32.lib : exit.c.obj (.text)
                  000099d9    00000025     driverlib.lib : sysctl.obj (.text:_DCC_enableSingleShotMode)
                  000099fe    00000024                   : sysctl.obj (.text:_SysCtl_selectXTAL)
                  00009a22    00000024     rts2800_fpu32.lib : cpy_tbl.c.obj (.text)
                  00009a46    00000022     driverlib.lib : sci.obj (.text:_SCI_isFIFOEnabled)
                  00009a68    00000022                   : sysctl.obj (.text:_SysCtl_pollX1Counter)
                  00009a8a    00000022     rts2800_fpu32.lib : i_div28.asm.obj (.text)
                  00009aac    00000020     driverlib.lib : interrupt.obj (.text:_Interrupt_initVectorTable)
                  00009acc    0000001f                   : sysctl.obj (.text:_DCC_setCounter1ClkSource)
                  00009aeb    0000001d                   : sysctl.obj (.text:_DCC_setCounter0ClkSource)
                  00009b08    0000001d     rts2800_fpu32.lib : memcpy.c.obj (.text)
                  00009b25    0000001b     driverlib.lib : flash.obj (.text:_Flash_powerDown)
                  00009b40    0000001b                   : sci.obj (.text:_SCI_isSpaceAvailableNonFIFO)
                  00009b5b    0000001a                   : adc.obj (.text:_ADC_isBaseValid)
                  00009b75    0000001a                   : sysctl.obj (.text:_SysCtl_selectXTALSingleEnded)
                  00009b8f    00000019                   : sci.obj (.text:_SCI_disableModule)
                  00009ba8    00000019                   : sci.obj (.text:_SCI_performSoftwareReset)
                  00009bc1    00000019     rts2800_fpu32.lib : args_main.c.obj (.text)
                  00009bda    00000017     driverlib.lib : sysctl.obj (.text:_DCC_enableDoneSignal)
                  00009bf1    00000017                   : sysctl.obj (.text:_SysCtl_enablePeripheral)
                  00009c08    00000016                   : sysctl.obj (.text:_DCC_disableErrorSignal)
                  00009c1e    00000016                   : sysctl.obj (.text:_DCC_enableErrorSignal)
                  00009c34    00000015                   : sci.obj (.text:_SCI_getTxFIFOStatus)
                  00009c49    00000015                   : sci.obj (.text:_SCI_isBaseValid)
                  00009c5e    00000014                   : sysctl.obj (.text:_DCC_disableModule)
                  00009c72    00000014                   : sysctl.obj (.text:_DCC_enableModule)
                  00009c86    00000014                   : gpio.obj (.text:_GPIO_isPinValid)
                  00009c9a    00000014                   : sci.obj (.text:_SCI_enableModule)
                  00009cae    00000010                   : sysctl.obj (.text:_DCC_isBaseValid)
                  00009cbe    00000010                   : flash.obj (.text:_Flash_isCtrlBaseValid)
                  00009cce    00000010                   : flash.obj (.text:_Flash_isECCBaseValid)
                  00009cde    0000000e                   : interrupt.obj (.text:_Interrupt_defaultHandler)
                  00009cec    0000000d                   : interrupt.obj (.text:_Interrupt_disableMaster)
                  00009cf9    0000000d                   : interrupt.obj (.text:_Interrupt_enableMaster)
                  00009d06    0000000b                   : sysctl.obj (.text:_SysCtl_isMCDClockFailureDetected)
                  00009d11    00000009     rts2800_fpu32.lib : _lock.c.obj (.text)
                  00009d1a    00000007     driverlib.lib : sysctl.obj (.text:_SysCtl_resetMCD)
                  00009d21    00000002                   : interrupt.obj (.text:_Interrupt_illegalOperationHandler)
                  00009d23    00000002                   : interrupt.obj (.text:_Interrupt_nmiHandler)
                  00009d25    00000002     rts2800_fpu32.lib : pre_init.c.obj (.text)
                  00009d27    00000001                       : startup.c.obj (.text)

.pinit     0    000000f5    00000000     UNINITIALIZED

.reset     0    003fffc0    00000002     DSECT
                  003fffc0    00000002     rts2800_fpu32.lib : boot28.asm.obj (.reset)

.econst    0    00009d28    00000aa1     
                  00009d28    000005a0     gui.obj (.econst:.string)
                  0000a2c8    00000199     main_code_final_board.obj (.econst:.string)
                  0000a461    00000001     --HOLE-- [fill = 0]
                  0000a462    000000af     driverlib.lib : flash.obj (.econst:.string)
                  0000a511    00000001     --HOLE-- [fill = 0]
                  0000a512    000000ae                   : sysctl.obj (.econst:.string)
                  0000a5c0    000000ac                   : gpio.obj (.econst:.string)
                  0000a66c    000000ab                   : sci.obj (.econst:.string)
                  0000a717    00000001     --HOLE-- [fill = 0]
                  0000a718    0000005b                   : interrupt.obj (.econst:.string)
                  0000a773    00000001     --HOLE-- [fill = 0]
                  0000a774    00000055                   : adc.obj (.econst:.string)

.ebss      0    00010800    000003ae     UNINITIALIZED
                  00010800    000003a4     gui.obj (.ebss)
                  00010ba4    00000006     rts2800_fpu32.lib : exit.c.obj (.ebss)
                  00010baa    00000002                       : _lock.c.obj (.ebss:__lock)
                  00010bac    00000002                       : _lock.c.obj (.ebss:__unlock)

.stack     1    00000400    00000100     UNINITIALIZED
                  00000400    00000100     --HOLE--

MODULE SUMMARY

       Module                        code   initialized data   uninitialized data
       ------                        ----   ----------------   ------------------
    .\
       gui.obj                       2985   1461               932               
       main_code_final_board.obj     1785   409                0                 
    +--+-----------------------------+------+------------------+--------------------+
       Total:                        4770   1870               932               
                                                                                 
    .\device\
       device.obj                    320    0                  0                 
       f28004x_codestartbranch.obj   2      0                  0                 
    +--+-----------------------------+------+------------------+--------------------+
       Total:                        322    0                  0                 
                                                                                 
    ../driverlib.lib
       sysctl.obj                    887    174                0                 
       sci.obj                       372    171                0                 
       flash.obj                     365    175                0                 
       gpio.obj                      324    172                0                 
       interrupt.obj                 211    91                 0                 
       adc.obj                       126    85                 0                 
    +--+-----------------------------+------+------------------+--------------------+
       Total:                        2285   868                0                 
                                                                                 
    C:\ti\ccsv8\tools\compiler\ti-cgt-c2000_18.1.3.LTS\lib\rts2800_fpu32.lib
       fs_div28.asm.obj              136    0                  0                 
       boot28.asm.obj                86     0                  0                 
       exit.c.obj                    41     14                 6                 
       cpy_tbl.c.obj                 36     0                  0                 
       i_div28.asm.obj               34     0                  0                 
       memcpy.c.obj                  29     0                  0                 
       args_main.c.obj               25     0                  0                 
       _lock.c.obj                   9      10                 4                 
       pre_init.c.obj                2      0                  0                 
       startup.c.obj                 1      0                  0                 
    +--+-----------------------------+------+------------------+--------------------+
       Total:                        399    24                 10                
                                                                                 
       Stack:                        0      0                  256               
    +--+-----------------------------+------+------------------+--------------------+
       Grand Total:                  7776   2762               1198              


GLOBAL DATA SYMBOLS: SORTED BY DATA PAGE

address     data page           name
--------    ----------------    ----
00000400      10 (00000400)     __stack

00010800     420 (00010800)     _adcBResult2
00010801     420 (00010800)     _currADC_avg
00010802     420 (00010800)     _dacVal
00010803     420 (00010800)     _periodCnt
00010804     420 (00010800)     _voltADC_avg
00010805     420 (00010800)     _adcCResult6
00010806     420 (00010800)     _period
00010807     420 (00010800)     _guiState
00010808     420 (00010800)     _receivedChar
00010809     420 (00010800)     _dutyCycle
0001080a     420 (00010800)     _adcCResult0
0001080c     420 (00010800)     _rawADCcurr
0001080e     420 (00010800)     _freq
00010810     420 (00010800)     _curr
00010812     420 (00010800)     _rawADCvolt
00010814     420 (00010800)     _msg
00010816     420 (00010800)     _dutyCycleTrack
00010818     420 (00010800)     _impedance
0001081a     420 (00010800)     _power
0001081c     420 (00010800)     _volt

00010840     421 (00010840)     _freqValues

000108c0     423 (000108c0)     _voltADCValues

00010940     425 (00010940)     _currADCValues

000109c0     427 (000109c0)     _voltValues

00010a40     429 (00010a40)     _powerValues

00010ac0     42b (00010ac0)     _currValues

00010b40     42d (00010b40)     _impedanceValues

00010ba4     42e (00010b80)     ___TI_enable_exit_profile_output
00010ba6     42e (00010b80)     ___TI_cleanup_ptr
00010ba8     42e (00010b80)     ___TI_dtors_ptr
00010baa     42e (00010b80)     __lock
00010bac     42e (00010b80)     __unlock


GLOBAL SYMBOLS: SORTED ALPHABETICALLY BY Name 

page  address   name                            
----  -------   ----                            
0     00008000  .text                           
0     000099b0  C$$EXIT                         
0     00009507  FS$$DIV                         
0     00009a8a  I$$DIV                          
0     00009a9b  I$$MOD                          
0     0000958f  _ADC_setVREF                    
0     000092c8  _Device_enableAllPeripherals    
0     000092af  _Device_init                    
0     00009396  _Device_initGPIO                
0     000000f5  _Flash_initModule               
0     00009b25  _Flash_powerDown                
0     0000997f  _GPIO_setDirectionMode          
0     000098a7  _GPIO_setMasterCore             
0     00009751  _GPIO_setPadConfig              
0     0000986a  _GPIO_setPinConfig              
0     000098df  _GPIO_setQualificationMode      
0     0000994c  _Interrupt_enable               
0     000096fd  _Interrupt_initModule           
0     00009aac  _Interrupt_initVectorTable      
0     000097a3  _SCI_clearInterruptStatus       
0     0000982a  _SCI_setConfig                  
0     000097e9  _SCI_writeCharArray             
0     00000227  _SysCtl_delay                   
0     00009460  _SysCtl_isPLLValid              
0     00009651  _SysCtl_selectOscSource         
0     000099fe  _SysCtl_selectXTAL              
0     00009b75  _SysCtl_selectXTALSingleEnded   
0     000093ad  _SysCtl_setClock                
1     00000500  __STACK_END                     
abs   00000100  __STACK_SIZE                    
0     00010ba6  ___TI_cleanup_ptr               
0     00010ba8  ___TI_dtors_ptr                 
0     00010ba4  ___TI_enable_exit_profile_output
abs   ffffffff  ___TI_pprof_out_hndl            
abs   ffffffff  ___TI_prof_data_size            
abs   ffffffff  ___TI_prof_data_start           
abs   ffffffff  ___binit__                      
abs   ffffffff  ___c_args__                     
0     0000022b  ___cinit__                      
0     000093a6  ___error__                      
0     00009d28  ___etext__                      
abs   ffffffff  ___pinit__                      
0     00008000  ___text__                       
0     00009bc1  __args_main                     
0     00010baa  __lock                          
0     00009d19  __nop                           
0     00009d15  __register_lock                 
0     00009d11  __register_unlock               
1     00000400  __stack                         
0     00009d27  __system_post_cinit             
0     00009d25  __system_pre_init               
0     00010bac  __unlock                        
0     000099b0  _abort                          
0     00010800  _adcBResult2                    
0     0001080a  _adcCResult0                    
0     00010805  _adcCResult6                    
0     00008956  _avg_ADC_curr                   
0     0000897d  _avg_ADC_volt                   
0     000096a7  _c_int00                        
0     00009256  _configureDAC                   
0     00009a22  _copy_in                        
0     00010810  _curr                           
0     00010940  _currADCValues                  
0     00010801  _currADC_avg                    
0     00010ac0  _currValues                     
0     00010802  _dacVal                         
0     000089ee  _drawSonic                      
0     00010809  _dutyCycle                      
0     00010816  _dutyCycleTrack                 
0     000099b2  _exit                           
0     0001080e  _freq                           
0     00010840  _freqValues                     
0     00010807  _guiState                       
0     00010818  _impedance                      
0     00010b40  _impedanceValues                
0     0000920d  _initADCSOCs                    
0     000091d7  _initADCs                       
0     0000917f  _initEPWM3                      
0     00009115  _initEPWM8                      
0     00008fd2  _main                           
0     00009b08  _memcpy                         
0     00010814  _msg                            
0     00008aba  _my_itoa                        
0     00010806  _period                         
0     00010803  _periodCnt                      
0     0001081a  _power                          
0     00010a40  _powerValues                    
0     0001080c  _rawADCcurr                     
0     00010812  _rawADCvolt                     
0     000089a4  _read_ADC                       
0     00010808  _receivedChar                   
0     000083d5  _run_dac_menu                   
0     00008287  _run_duty_cycle_menu            
0     00008439  _run_freq_sweep_menu            
0     00008339  _run_frequency_menu             
0     000081e8  _run_gui                        
0     00008217  _run_main_menu                  
0     0000876b  _run_sweep_tracker              
0     0001081c  _volt                           
0     000108c0  _voltADCValues                  
0     00010804  _voltADC_avg                    
0     000109c0  _voltValues                     
0     00009917  _wakeISR                        
abs   ffffffff  binit                           
0     0000022b  cinit                           
0     00000000  code_start                      
0     00009d28  etext                           
abs   ffffffff  pinit                           


GLOBAL SYMBOLS: SORTED BY Symbol Address 

page  address   name                            
----  -------   ----                            
0     00000000  code_start                      
0     000000f5  _Flash_initModule               
0     00000227  _SysCtl_delay                   
0     0000022b  ___cinit__                      
0     0000022b  cinit                           
0     00008000  .text                           
0     00008000  ___text__                       
0     000081e8  _run_gui                        
0     00008217  _run_main_menu                  
0     00008287  _run_duty_cycle_menu            
0     00008339  _run_frequency_menu             
0     000083d5  _run_dac_menu                   
0     00008439  _run_freq_sweep_menu            
0     0000876b  _run_sweep_tracker              
0     00008956  _avg_ADC_curr                   
0     0000897d  _avg_ADC_volt                   
0     000089a4  _read_ADC                       
0     000089ee  _drawSonic                      
0     00008aba  _my_itoa                        
0     00008fd2  _main                           
0     00009115  _initEPWM8                      
0     0000917f  _initEPWM3                      
0     000091d7  _initADCs                       
0     0000920d  _initADCSOCs                    
0     00009256  _configureDAC                   
0     000092af  _Device_init                    
0     000092c8  _Device_enableAllPeripherals    
0     00009396  _Device_initGPIO                
0     000093a6  ___error__                      
0     000093ad  _SysCtl_setClock                
0     00009460  _SysCtl_isPLLValid              
0     00009507  FS$$DIV                         
0     0000958f  _ADC_setVREF                    
0     00009651  _SysCtl_selectOscSource         
0     000096a7  _c_int00                        
0     000096fd  _Interrupt_initModule           
0     00009751  _GPIO_setPadConfig              
0     000097a3  _SCI_clearInterruptStatus       
0     000097e9  _SCI_writeCharArray             
0     0000982a  _SCI_setConfig                  
0     0000986a  _GPIO_setPinConfig              
0     000098a7  _GPIO_setMasterCore             
0     000098df  _GPIO_setQualificationMode      
0     00009917  _wakeISR                        
0     0000994c  _Interrupt_enable               
0     0000997f  _GPIO_setDirectionMode          
0     000099b0  C$$EXIT                         
0     000099b0  _abort                          
0     000099b2  _exit                           
0     000099fe  _SysCtl_selectXTAL              
0     00009a22  _copy_in                        
0     00009a8a  I$$DIV                          
0     00009a9b  I$$MOD                          
0     00009aac  _Interrupt_initVectorTable      
0     00009b08  _memcpy                         
0     00009b25  _Flash_powerDown                
0     00009b75  _SysCtl_selectXTALSingleEnded   
0     00009bc1  __args_main                     
0     00009d11  __register_unlock               
0     00009d15  __register_lock                 
0     00009d19  __nop                           
0     00009d25  __system_pre_init               
0     00009d27  __system_post_cinit             
0     00009d28  ___etext__                      
0     00009d28  etext                           
0     00010800  _adcBResult2                    
0     00010801  _currADC_avg                    
0     00010802  _dacVal                         
0     00010803  _periodCnt                      
0     00010804  _voltADC_avg                    
0     00010805  _adcCResult6                    
0     00010806  _period                         
0     00010807  _guiState                       
0     00010808  _receivedChar                   
0     00010809  _dutyCycle                      
0     0001080a  _adcCResult0                    
0     0001080c  _rawADCcurr                     
0     0001080e  _freq                           
0     00010810  _curr                           
0     00010812  _rawADCvolt                     
0     00010814  _msg                            
0     00010816  _dutyCycleTrack                 
0     00010818  _impedance                      
0     0001081a  _power                          
0     0001081c  _volt                           
0     00010840  _freqValues                     
0     000108c0  _voltADCValues                  
0     00010940  _currADCValues                  
0     000109c0  _voltValues                     
0     00010a40  _powerValues                    
0     00010ac0  _currValues                     
0     00010b40  _impedanceValues                
0     00010ba4  ___TI_enable_exit_profile_output
0     00010ba6  ___TI_cleanup_ptr               
0     00010ba8  ___TI_dtors_ptr                 
0     00010baa  __lock                          
0     00010bac  __unlock                        
1     00000400  __stack                         
1     00000500  __STACK_END                     
abs   00000100  __STACK_SIZE                    
abs   ffffffff  ___TI_pprof_out_hndl            
abs   ffffffff  ___TI_prof_data_size            
abs   ffffffff  ___TI_prof_data_start           
abs   ffffffff  ___binit__                      
abs   ffffffff  ___c_args__                     
abs   ffffffff  ___pinit__                      
abs   ffffffff  binit                           
abs   ffffffff  pinit                           

[108 symbols]
