******************************************************************************
             TMS320C2000 Linker PC v18.1.3                     
******************************************************************************
>> Linked Wed Apr 17 14:08:05 2019

OUTPUT FILE NAME:   <main_code_final_board.out>
ENTRY POINT SYMBOL: "code_start"  address: 00000000


MEMORY CONFIGURATION

         name            origin    length      used     unused   attr    fill
----------------------  --------  ---------  --------  --------  ----  --------
PAGE 0:
  BEGIN                 00000000   00000002  00000002  00000000  RWIX
  RAMM0                 000000f5   0000030b  00000161  000001aa  RWIX
  RAMLS04               00008000   00002800  00002049  000007b7  RWIX
  RESET                 003fffc0   00000002  00000000  00000002  RWIX

PAGE 1:
  BOOT_RSVD             00000002   000000f3  00000000  000000f3  RWIX
  RAMM1                 00000400   00000400  00000100  00000300  RWIX
  RAMLS5                0000a800   00000800  00000000  00000800  RWIX
  RAMLS6                0000b000   00000800  00000000  00000800  RWIX
  RAMLS7                0000b800   00000800  00000000  00000800  RWIX
  RAMGS0                0000c000   00002000  00000000  00002000  RWIX
  RAMGS1                0000e000   00002000  00000000  00002000  RWIX
  RAMGS2                00010000   00002000  00000000  00002000  RWIX
  RAMGS3                00012000   00002000  00000000  00002000  RWIX


SECTION ALLOCATION MAP

 output                                  attributes/
section   page    origin      length       input sections
--------  ----  ----------  ----------   ----------------
codestart 
*          0    00000000    00000002     
                  00000000    00000002     f28004x_codestartbranch.obj (codestart)

.TI.ramfunc 
*          0    000000f5    00000136     
                  000000f5    00000044     driverlib.lib : flash.obj (.TI.ramfunc:_Flash_initModule)
                  00000139    00000032                   : flash.obj (.TI.ramfunc:_Flash_setBankPowerMode)
                  0000016b    00000026                   : flash.obj (.TI.ramfunc:_Flash_setWaitstates)
                  00000191    0000001f                   : flash.obj (.TI.ramfunc:_Flash_setPumpPowerMode)
                  000001b0    00000018                   : flash.obj (.TI.ramfunc:_Flash_disableCache)
                  000001c8    00000018                   : flash.obj (.TI.ramfunc:_Flash_disablePrefetch)
                  000001e0    00000018                   : flash.obj (.TI.ramfunc:_Flash_enableCache)
                  000001f8    00000018                   : flash.obj (.TI.ramfunc:_Flash_enablePrefetch)
                  00000210    00000017                   : flash.obj (.TI.ramfunc:_Flash_enableECC)
                  00000227    00000004                   : sysctl.obj (.TI.ramfunc)

.cinit     0    0000022b    0000002b     
                  0000022b    00000011     gui.obj (.cinit)
                  0000023c    0000000e     rts2800_fpu32.lib : exit.c.obj (.cinit)
                  0000024a    00000005                       : _lock.c.obj (.cinit:__lock)
                  0000024f    00000005                       : _lock.c.obj (.cinit:__unlock)
                  00000254    00000002     --HOLE-- [fill = 0]

.text      0    00008000    000016f2     
                  00008000    000006aa     gui.obj (.text)
                  000086aa    00000595     main_code_final_board.obj (.text)
                  00008c3f    00000162     device.obj (.text)
                  00008da1    000000b3     driverlib.lib : sysctl.obj (.text:_SysCtl_setClock)
                  00008e54    000000a7                   : sysctl.obj (.text:_SysCtl_isPLLValid)
                  00008efb    00000088     rts2800_fpu32.lib : fs_div28.asm.obj (.text)
                  00008f83    0000006e     driverlib.lib : sysctl.obj (.text:_SysCtl_getClock)
                  00008ff1    00000064                   : adc.obj (.text:_ADC_setVREF)
                  00009055    0000005e                   : sysctl.obj (.text:_DCC_setCounterSeeds)
                  000090b3    00000056                   : sysctl.obj (.text:_SysCtl_selectOscSource)
                  00009109    00000056     rts2800_fpu32.lib : boot28.asm.obj (.text)
                  0000915f    00000054     driverlib.lib : interrupt.obj (.text:_Interrupt_initModule)
                  000091b3    00000052                   : gpio.obj (.text:_GPIO_setPadConfig)
                  00009205    00000046                   : sci.obj (.text:_SCI_clearInterruptStatus)
                  0000924b    00000041                   : sci.obj (.text:_SCI_writeCharArray)
                  0000928c    00000040                   : sci.obj (.text:_SCI_setConfig)
                  000092cc    0000003d                   : gpio.obj (.text:_GPIO_setPinConfig)
                  00009309    00000038                   : gpio.obj (.text:_GPIO_setMasterCore)
                  00009341    00000038                   : gpio.obj (.text:_GPIO_setQualificationMode)
                  00009379    00000031                   : gpio.obj (.text:_GPIO_setDirectionMode)
                  000093aa    00000029     rts2800_fpu32.lib : exit.c.obj (.text)
                  000093d3    00000025     driverlib.lib : sysctl.obj (.text:_DCC_enableSingleShotMode)
                  000093f8    00000024                   : sysctl.obj (.text:_SysCtl_selectXTAL)
                  0000941c    00000024     rts2800_fpu32.lib : cpy_tbl.c.obj (.text)
                  00009440    00000022     driverlib.lib : sci.obj (.text:_SCI_isFIFOEnabled)
                  00009462    00000022                   : sysctl.obj (.text:_SysCtl_pollX1Counter)
                  00009484    00000020                   : interrupt.obj (.text:_Interrupt_initVectorTable)
                  000094a4    0000001f                   : sysctl.obj (.text:_DCC_setCounter1ClkSource)
                  000094c3    0000001d                   : sysctl.obj (.text:_DCC_setCounter0ClkSource)
                  000094e0    0000001d     rts2800_fpu32.lib : memcpy.c.obj (.text)
                  000094fd    0000001b     driverlib.lib : sci.obj (.text:_SCI_isSpaceAvailableNonFIFO)
                  00009518    0000001a                   : adc.obj (.text:_ADC_isBaseValid)
                  00009532    0000001a                   : sysctl.obj (.text:_SysCtl_getLowSpeedClock)
                  0000954c    0000001a                   : sysctl.obj (.text:_SysCtl_selectXTALSingleEnded)
                  00009566    00000019                   : sci.obj (.text:_SCI_disableModule)
                  0000957f    00000019                   : sci.obj (.text:_SCI_performSoftwareReset)
                  00009598    00000019     rts2800_fpu32.lib : args_main.c.obj (.text)
                  000095b1    00000017     driverlib.lib : sysctl.obj (.text:_DCC_enableDoneSignal)
                  000095c8    00000017                   : sysctl.obj (.text:_SysCtl_enablePeripheral)
                  000095df    00000016                   : sysctl.obj (.text:_DCC_disableErrorSignal)
                  000095f5    00000016                   : sysctl.obj (.text:_DCC_enableErrorSignal)
                  0000960b    00000015                   : sci.obj (.text:_SCI_getTxFIFOStatus)
                  00009620    00000015                   : sci.obj (.text:_SCI_isBaseValid)
                  00009635    00000014                   : sysctl.obj (.text:_DCC_disableModule)
                  00009649    00000014                   : sysctl.obj (.text:_DCC_enableModule)
                  0000965d    00000014                   : gpio.obj (.text:_GPIO_isPinValid)
                  00009671    00000014                   : sci.obj (.text:_SCI_enableModule)
                  00009685    00000010                   : sysctl.obj (.text:_DCC_isBaseValid)
                  00009695    00000010                   : flash.obj (.text:_Flash_isCtrlBaseValid)
                  000096a5    00000010                   : flash.obj (.text:_Flash_isECCBaseValid)
                  000096b5    0000000e                   : interrupt.obj (.text:_Interrupt_defaultHandler)
                  000096c3    0000000d                   : interrupt.obj (.text:_Interrupt_disableMaster)
                  000096d0    0000000b                   : sysctl.obj (.text:_SysCtl_isMCDClockFailureDetected)
                  000096db    00000009     rts2800_fpu32.lib : _lock.c.obj (.text)
                  000096e4    00000007     driverlib.lib : sysctl.obj (.text:_SysCtl_resetMCD)
                  000096eb    00000002                   : interrupt.obj (.text:_Interrupt_illegalOperationHandler)
                  000096ed    00000002                   : interrupt.obj (.text:_Interrupt_nmiHandler)
                  000096ef    00000002     rts2800_fpu32.lib : pre_init.c.obj (.text)
                  000096f1    00000001                       : startup.c.obj (.text)

.pinit     0    000000f5    00000000     UNINITIALIZED

.reset     0    003fffc0    00000002     DSECT
                  003fffc0    00000002     rts2800_fpu32.lib : boot28.asm.obj (.reset)

.econst    0    000096f2    0000093f     
                  000096f2    000004b4     gui.obj (.econst:.string)
                  00009ba6    0000010f     main_code_final_board.obj (.econst:.string)
                  00009cb5    00000001     --HOLE-- [fill = 0]
                  00009cb6    000000af     driverlib.lib : flash.obj (.econst:.string)
                  00009d65    00000001     --HOLE-- [fill = 0]
                  00009d66    000000ae                   : sysctl.obj (.econst:.string)
                  00009e14    000000ac                   : gpio.obj (.econst:.string)
                  00009ec0    000000ab                   : sci.obj (.econst:.string)
                  00009f6b    00000001     --HOLE-- [fill = 0]
                  00009f6c    0000005b                   : interrupt.obj (.econst:.string)
                  00009fc7    00000001     --HOLE-- [fill = 0]
                  00009fc8    00000055                   : adc.obj (.econst:.string)
                  0000a01d    00000001     --HOLE-- [fill = 0]
                  0000a01e    00000013     device.obj (.econst:.string)

.ebss      0    0000a032    00000018     UNINITIALIZED
                  0000a032    0000000e     gui.obj (.ebss)
                  0000a040    00000006     rts2800_fpu32.lib : exit.c.obj (.ebss)
                  0000a046    00000002                       : _lock.c.obj (.ebss:__lock)
                  0000a048    00000002                       : _lock.c.obj (.ebss:__unlock)

.stack     1    00000400    00000100     UNINITIALIZED
                  00000400    00000100     --HOLE--

MODULE SUMMARY

       Module                        code   initialized data   uninitialized data
       ------                        ----   ----------------   ------------------
    .\
       gui.obj                       1706   1221               14                
       main_code_final_board.obj     1429   271                0                 
    +--+-----------------------------+------+------------------+--------------------+
       Total:                        3135   1492               14                
                                                                                 
    .\device\
       device.obj                    354    19                 0                 
       f28004x_codestartbranch.obj   2      0                  0                 
    +--+-----------------------------+------+------------------+--------------------+
       Total:                        356    19                 0                 
                                                                                 
    ../driverlib.lib
       sysctl.obj                    1023   174                0                 
       sci.obj                       372    171                0                 
       flash.obj                     338    175                0                 
       gpio.obj                      324    172                0                 
       interrupt.obj                 147    91                 0                 
       adc.obj                       126    85                 0                 
    +--+-----------------------------+------+------------------+--------------------+
       Total:                        2330   868                0                 
                                                                                 
    C:\ti\ccsv8\tools\compiler\ti-cgt-c2000_18.1.3.LTS\lib\rts2800_fpu32.lib
       fs_div28.asm.obj              136    0                  0                 
       boot28.asm.obj                86     0                  0                 
       exit.c.obj                    41     14                 6                 
       cpy_tbl.c.obj                 36     0                  0                 
       memcpy.c.obj                  29     0                  0                 
       args_main.c.obj               25     0                  0                 
       _lock.c.obj                   9      10                 4                 
       pre_init.c.obj                2      0                  0                 
       startup.c.obj                 1      0                  0                 
    +--+-----------------------------+------+------------------+--------------------+
       Total:                        365    24                 10                
                                                                                 
       Stack:                        0      0                  256               
    +--+-----------------------------+------+------------------+--------------------+
       Grand Total:                  6186   2403               280               


GLOBAL DATA SYMBOLS: SORTED BY DATA PAGE

address     data page           name
--------    ----------------    ----
00000400      10 (00000400)     __stack

0000a032     280 (0000a000)     _period
0000a033     280 (0000a000)     _dutyCycle
0000a034     280 (0000a000)     _adcCResult0
0000a035     280 (0000a000)     _adcCResult6
0000a036     280 (0000a000)     _guiState
0000a037     280 (0000a000)     _adcBResult2
0000a038     280 (0000a000)     _receivedChar
0000a03a     280 (0000a000)     _testAvg
0000a03c     280 (0000a000)     _msg
0000a03e     280 (0000a000)     _dutyCycleTrack

0000a040     281 (0000a040)     ___TI_enable_exit_profile_output
0000a042     281 (0000a040)     ___TI_cleanup_ptr
0000a044     281 (0000a040)     ___TI_dtors_ptr
0000a046     281 (0000a040)     __lock
0000a048     281 (0000a040)     __unlock


GLOBAL SYMBOLS: SORTED ALPHABETICALLY BY Name 

page  address   name                            
----  -------   ----                            
0     00008000  .text                           
0     000093aa  C$$EXIT                         
0     00008efb  FS$$DIV                         
0     00008ff1  _ADC_setVREF                    
0     00008cbc  _Device_enableAllPeripherals    
0     00008c81  _Device_init                    
0     00008d8a  _Device_initGPIO                
0     000000f5  _Flash_initModule               
0     00009379  _GPIO_setDirectionMode          
0     00009309  _GPIO_setMasterCore             
0     000091b3  _GPIO_setPadConfig              
0     000092cc  _GPIO_setPinConfig              
0     00009341  _GPIO_setQualificationMode      
0     0000915f  _Interrupt_initModule           
0     00009484  _Interrupt_initVectorTable      
0     00009205  _SCI_clearInterruptStatus       
0     0000928c  _SCI_setConfig                  
0     0000924b  _SCI_writeCharArray             
0     00000227  _SysCtl_delay                   
0     00008f83  _SysCtl_getClock                
0     00009532  _SysCtl_getLowSpeedClock        
0     00008e54  _SysCtl_isPLLValid              
0     000090b3  _SysCtl_selectOscSource         
0     000093f8  _SysCtl_selectXTAL              
0     0000954c  _SysCtl_selectXTALSingleEnded   
0     00008da1  _SysCtl_setClock                
1     00000500  __STACK_END                     
abs   00000100  __STACK_SIZE                    
0     0000a042  ___TI_cleanup_ptr               
0     0000a044  ___TI_dtors_ptr                 
0     0000a040  ___TI_enable_exit_profile_output
abs   ffffffff  ___TI_pprof_out_hndl            
abs   ffffffff  ___TI_prof_data_size            
abs   ffffffff  ___TI_prof_data_start           
abs   ffffffff  ___binit__                      
abs   ffffffff  ___c_args__                     
0     0000022b  ___cinit__                      
0     00008d9a  ___error__                      
0     000096f2  ___etext__                      
abs   ffffffff  ___pinit__                      
0     00008000  ___text__                       
0     00009598  __args_main                     
0     0000a046  __lock                          
0     000096e3  __nop                           
0     000096df  __register_lock                 
0     000096db  __register_unlock               
1     00000400  __stack                         
0     000096f1  __system_post_cinit             
0     000096ef  __system_pre_init               
0     0000a048  __unlock                        
0     000093aa  _abort                          
0     0000a037  _adcBResult2                    
0     0000a034  _adcCResult0                    
0     0000a035  _adcCResult6                    
0     0000846f  _avg_ADC                        
0     00009109  _c_int00                        
0     0000941c  _copy_in                        
0     000084da  _drawSonic                      
0     0000a033  _dutyCycle                      
0     0000a03e  _dutyCycleTrack                 
0     000093ac  _exit                           
0     0000a036  _guiState                       
0     00008bf6  _initADCSOCs                    
0     00008bc0  _initADCs                       
0     00008b68  _initEPWM3                      
0     00008afe  _initEPWM8                      
0     00008a13  _main                           
0     000094e0  _memcpy                         
0     0000a03c  _msg                            
0     0000a032  _period                         
0     00008490  _read_ADC                       
0     0000a038  _receivedChar                   
0     000081fa  _run_duty_cycle_menu            
0     00008348  _run_freq_sweep_menu            
0     000082ac  _run_frequency_menu             
0     00008176  _run_gui                        
0     0000819c  _run_main_menu                  
0     000085a6  _sweepingAnimation              
0     0000a03a  _testAvg                        
abs   ffffffff  binit                           
0     0000022b  cinit                           
0     00000000  code_start                      
0     000096f2  etext                           
abs   ffffffff  pinit                           


GLOBAL SYMBOLS: SORTED BY Symbol Address 

page  address   name                            
----  -------   ----                            
0     00000000  code_start                      
0     000000f5  _Flash_initModule               
0     00000227  _SysCtl_delay                   
0     0000022b  ___cinit__                      
0     0000022b  cinit                           
0     00008000  .text                           
0     00008000  ___text__                       
0     00008176  _run_gui                        
0     0000819c  _run_main_menu                  
0     000081fa  _run_duty_cycle_menu            
0     000082ac  _run_frequency_menu             
0     00008348  _run_freq_sweep_menu            
0     0000846f  _avg_ADC                        
0     00008490  _read_ADC                       
0     000084da  _drawSonic                      
0     000085a6  _sweepingAnimation              
0     00008a13  _main                           
0     00008afe  _initEPWM8                      
0     00008b68  _initEPWM3                      
0     00008bc0  _initADCs                       
0     00008bf6  _initADCSOCs                    
0     00008c81  _Device_init                    
0     00008cbc  _Device_enableAllPeripherals    
0     00008d8a  _Device_initGPIO                
0     00008d9a  ___error__                      
0     00008da1  _SysCtl_setClock                
0     00008e54  _SysCtl_isPLLValid              
0     00008efb  FS$$DIV                         
0     00008f83  _SysCtl_getClock                
0     00008ff1  _ADC_setVREF                    
0     000090b3  _SysCtl_selectOscSource         
0     00009109  _c_int00                        
0     0000915f  _Interrupt_initModule           
0     000091b3  _GPIO_setPadConfig              
0     00009205  _SCI_clearInterruptStatus       
0     0000924b  _SCI_writeCharArray             
0     0000928c  _SCI_setConfig                  
0     000092cc  _GPIO_setPinConfig              
0     00009309  _GPIO_setMasterCore             
0     00009341  _GPIO_setQualificationMode      
0     00009379  _GPIO_setDirectionMode          
0     000093aa  C$$EXIT                         
0     000093aa  _abort                          
0     000093ac  _exit                           
0     000093f8  _SysCtl_selectXTAL              
0     0000941c  _copy_in                        
0     00009484  _Interrupt_initVectorTable      
0     000094e0  _memcpy                         
0     00009532  _SysCtl_getLowSpeedClock        
0     0000954c  _SysCtl_selectXTALSingleEnded   
0     00009598  __args_main                     
0     000096db  __register_unlock               
0     000096df  __register_lock                 
0     000096e3  __nop                           
0     000096ef  __system_pre_init               
0     000096f1  __system_post_cinit             
0     000096f2  ___etext__                      
0     000096f2  etext                           
0     0000a032  _period                         
0     0000a033  _dutyCycle                      
0     0000a034  _adcCResult0                    
0     0000a035  _adcCResult6                    
0     0000a036  _guiState                       
0     0000a037  _adcBResult2                    
0     0000a038  _receivedChar                   
0     0000a03a  _testAvg                        
0     0000a03c  _msg                            
0     0000a03e  _dutyCycleTrack                 
0     0000a040  ___TI_enable_exit_profile_output
0     0000a042  ___TI_cleanup_ptr               
0     0000a044  ___TI_dtors_ptr                 
0     0000a046  __lock                          
0     0000a048  __unlock                        
1     00000400  __stack                         
1     00000500  __STACK_END                     
abs   00000100  __STACK_SIZE                    
abs   ffffffff  ___TI_pprof_out_hndl            
abs   ffffffff  ___TI_prof_data_size            
abs   ffffffff  ___TI_prof_data_start           
abs   ffffffff  ___binit__                      
abs   ffffffff  ___c_args__                     
abs   ffffffff  ___pinit__                      
abs   ffffffff  binit                           
abs   ffffffff  pinit                           

[84 symbols]
