******************************************************************************
             TMS320C2000 Linker PC v18.1.3                     
******************************************************************************
>> Linked Fri Jun  7 16:16:18 2019

OUTPUT FILE NAME:   <main_code_python_gui_hr.out>
ENTRY POINT SYMBOL: "code_start"  address: 00000000


MEMORY CONFIGURATION

         name            origin    length      used     unused   attr    fill
----------------------  --------  ---------  --------  --------  ----  --------
PAGE 0:
  BEGIN                 00000000   00000002  00000002  00000000  RWIX
  RAMM0                 000000f5   0000030b  000000f0  0000021b  RWIX
  RAMLS04               00008000   00005600  00002823  00002ddd  RWIX
  RAMLS05               00013600   00005600  000003be  00005242  RWIX
  RESET                 003fffc0   00000002  00000000  00000002  RWIX

PAGE 1:
  BOOT_RSVD             00000002   000000f3  00000000  000000f3  RWIX
  RAMM1                 00000400   00000400  00000400  00000000  RWIX
  ADCA_RESULT           00000b00   00000020  00000018  00000008  RWIX
  ADCB_RESULT           00000b20   00000020  00000018  00000008  RWIX
  ADCC_RESULT           00000b40   00000020  00000018  00000008  RWIX
  CPU_TIMER0            00000c00   00000008  00000008  00000000  RWIX
  CPU_TIMER1            00000c08   00000008  00000008  00000000  RWIX
  CPU_TIMER2            00000c10   00000008  00000008  00000000  RWIX
  PIE_CTRL              00000ce0   00000020  0000001a  00000006  RWIX
  PIE_VECT              00000d00   00000200  000001c0  00000040  RWIX
  DMA                   00001000   00000200  000000e0  00000120  RWIX
  CLA1                  00001400   00000080  00000080  00000000  RWIX
  EPWM1                 00004000   00000100  00000100  00000000  RWIX
  EPWM2                 00004100   00000100  00000100  00000000  RWIX
  EPWM3                 00004200   00000100  00000100  00000000  RWIX
  EPWM4                 00004300   00000100  00000100  00000000  RWIX
  EPWM5                 00004400   00000100  00000100  00000000  RWIX
  EPWM6                 00004500   00000100  00000100  00000000  RWIX
  EPWM7                 00004600   00000100  00000100  00000000  RWIX
  EPWM8                 00004700   00000100  00000100  00000000  RWIX
  EQEP1                 00005100   00000040  00000040  00000000  RWIX
  EQEP2                 00005140   00000040  00000040  00000000  RWIX
  ECAP1                 00005200   00000040  00000020  00000020  RWIX
  ECAP2                 00005240   00000040  00000020  00000020  RWIX
  ECAP3                 00005280   00000040  00000020  00000020  RWIX
  ECAP4                 000052c0   00000040  00000020  00000020  RWIX
  ECAP5                 00005300   00000040  00000020  00000020  RWIX
  ECAP6                 00005340   00000040  00000020  00000020  RWIX
  ECAP7                 00005380   00000040  00000020  00000020  RWIX
  PGA1                  00005b00   00000010  00000010  00000000  RWIX
  PGA2                  00005b10   00000010  00000010  00000000  RWIX
  PGA3                  00005b20   00000010  00000010  00000000  RWIX
  PGA4                  00005b30   00000010  00000010  00000000  RWIX
  PGA5                  00005b40   00000010  00000010  00000000  RWIX
  PGA6                  00005b50   00000010  00000010  00000000  RWIX
  PGA7                  00005b60   00000010  00000010  00000000  RWIX
  DACA                  00005c00   00000010  00000008  00000008  RWIX
  DACB                  00005c10   00000010  00000008  00000008  RWIX
  CMPSS1                00005c80   00000020  00000020  00000000  RWIX
  CMPSS2                00005ca0   00000020  00000020  00000000  RWIX
  CMPSS3                00005cc0   00000020  00000020  00000000  RWIX
  CMPSS4                00005ce0   00000020  00000020  00000000  RWIX
  CMPSS5                00005d00   00000020  00000020  00000000  RWIX
  CMPSS6                00005d20   00000020  00000020  00000000  RWIX
  CMPSS7                00005d40   00000020  00000020  00000000  RWIX
  SDFM1                 00005e00   00000080  00000070  00000010  RWIX
  SPIA                  00006100   00000010  00000010  00000000  RWIX
  SPIB                  00006110   00000010  00000010  00000000  RWIX
  CLAPROMCRC            000061c0   00000020  00000020  00000000  RWIX
  PMBUSA                00006400   00000020  00000020  00000000  RWIX
  FSITXA                00006600   00000080  00000042  0000003e  RWIX
  FSIRXA                00006680   00000080  00000042  0000003e  RWIX
  LINA                  00006a00   00000100  000000ec  00000014  RWIX
  LINB                  00006b00   00000100  000000ec  00000014  RWIX
  WD                    00007000   00000040  0000002b  00000015  RWIX
  NMIINTRUPT            00007060   00000010  00000007  00000009  RWIX
  XINT                  00007070   00000010  0000000b  00000005  RWIX
  SCIA                  00007200   00000010  00000010  00000000  RWIX
  SCIB                  00007210   00000010  00000010  00000000  RWIX
  I2CA                  00007300   00000040  00000022  0000001e  RWIX
  ADCA                  00007400   00000080  00000080  00000000  RWIX
  ADCB                  00007480   00000080  00000080  00000000  RWIX
  ADCC                  00007500   00000080  00000080  00000000  RWIX
  INPUT_XBAR            00007900   00000020  00000020  00000000  RWIX
  XBAR                  00007920   00000020  00000020  00000000  RWIX
  SYNC_SOC              00007940   00000010  00000006  0000000a  RWIX
  DMACLASRCSEL          00007980   00000040  0000001a  00000026  RWIX
  EPWM_XBAR             00007a00   00000040  00000040  00000000  RWIX
  CLB_XBAR              00007a40   00000040  00000000  00000040  RWIX
  OUTPUT_XBAR           00007a80   00000040  00000040  00000000  RWIX
  GPIOCTRL              00007c00   00000200  00000200  00000000  RWIX
  GPIODAT               00007f00   00000040  00000040  00000000  RWIX
  RAMLS5                0000a800   00000800  00000000  00000800  RWIX
  RAMLS6                0000b000   00000800  00000000  00000800  RWIX
  RAMLS7                0000b800   00000800  00000000  00000800  RWIX
  RAMGS0                0000c000   00002000  00000000  00002000  RWIX
  RAMGS1                0000e000   00002000  00000000  00002000  RWIX
  RAMGS2                00010000   00002000  00000000  00002000  RWIX
  RAMGS3                00012000   00002000  00000000  00002000  RWIX
  CANA                  00048000   00000800  00000200  00000600  RWIX
  CANB                  0004a000   00000800  00000200  00000600  RWIX
  DEV_CFG               0005d000   00000180  00000180  00000000  RWIX
  CLK_CFG               0005d200   00000100  00000036  000000ca  RWIX
  CPU_SYS               0005d300   00000100  00000082  0000007e  RWIX
  PERIPH_AC             0005d500   00000200  00000200  00000000  RWIX
  ANALOG_SUBSYS         0005d700   00000100  00000090  00000070  RWIX
  DCC0                  0005e700   00000040  0000002c  00000014  RWIX
  ERAD_GLOBAL           0005e800   00000013  00000013  00000000  RWIX
  ERAD_HWBP1            0005e900   00000008  00000008  00000000  RWIX
  ERAD_HWBP2            0005e908   00000008  00000008  00000000  RWIX
  ERAD_HWBP3            0005e910   00000008  00000008  00000000  RWIX
  ERAD_HWBP4            0005e918   00000008  00000008  00000000  RWIX
  ERAD_HWBP5            0005e920   00000008  00000008  00000000  RWIX
  ERAD_HWBP6            0005e928   00000008  00000008  00000000  RWIX
  ERAD_HWBP7            0005e930   00000008  00000008  00000000  RWIX
  ERAD_HWBP8            0005e938   00000008  00000008  00000000  RWIX
  ERAD_CTR1             0005e980   00000010  00000010  00000000  RWIX
  ERAD_CTR2             0005e990   00000010  00000010  00000000  RWIX
  ERAD_CTR3             0005e9a0   00000010  00000010  00000000  RWIX
  ERAD_CTR4             0005e9b0   00000010  00000010  00000000  RWIX
  DCSM_BANK0_Z1         0005f000   00000030  00000024  0000000c  RWIX
  DCSM_BANK0_Z2         0005f040   00000030  00000024  0000000c  RWIX
  DCSM_COMMON           0005f070   00000010  00000010  00000000  RWIX
  DCSM_BANK1_Z1         0005f100   00000030  00000024  0000000c  RWIX
  DCSM_BANK1_Z2         0005f140   00000030  00000024  0000000c  RWIX
  MEMCFG                0005f400   00000080  00000080  00000000  RWIX
  ACCESSPROTECTION      0005f4c0   00000040  00000040  00000000  RWIX
  MEMORYERROR           0005f500   00000040  00000040  00000000  RWIX
  FLASH0_CTRL           0005f800   00000300  00000182  0000017e  RWIX
  FLASH0_ECC            0005fb00   00000040  00000028  00000018  RWIX


SECTION ALLOCATION MAP

 output                                  attributes/
section   page    origin      length       input sections
--------  ----  ----------  ----------   ----------------
codestart 
*          0    00000000    00000002     
                  00000000    00000002     f28004x_codestartbranch.obj (codestart)

.TI.ramfunc 
*          0    000000f5    000000b6     
                  000000f5    000000ae     flash.obj (.TI.ramfunc)
                  000001a3    00000004     f28004x_usdelay.obj (.TI.ramfunc)
                  000001a7    00000004     sysctl.obj (.TI.ramfunc)

.cinit     0    000001ab    0000003a     
                  000001ab    0000001c     gui.obj (.cinit)
                  000001c7    0000000e     rts2800_fpu32.lib : exit.c.obj (.cinit)
                  000001d5    00000005                       : _lock.c.obj (.cinit:__lock)
                  000001da    00000005                       : _lock.c.obj (.cinit:__unlock)
                  000001df    00000004     SFO_v8_fpu_lib_build_c28.lib : SFO_v7_fpu_lib_build_c28.obj (.cinit)
                  000001e3    00000002     --HOLE-- [fill = 0]

.text      0    00008000    000024bb     
                  00008000    00000d14     gui.obj (.text)
                  00008d14    000004ed     main_code_python_gui_hr.obj (.text)
                  00009201    000004b3     f28004x_defaultisr.obj (.text:retain)
                  000096b4    00000355     sysctl.obj (.text)
                  00009a09    000001f0     sci.obj (.text)
                  00009bf9    000001eb     gpio.obj (.text)
                  00009de4    00000187     interrupt.obj (.text)
                  00009f6b    0000015a     SFO_v8_fpu_lib_build_c28.lib : SFO_v7_fpu_lib_build_c28.obj (.text)
                  0000a0c5    00000140     device.obj (.text)
                  0000a205    0000008d     adc.obj (.text)
                  0000a292    00000088     rts2800_fpu32.lib : fs_div28.asm.obj (.text)
                  0000a31a    00000056                       : boot28.asm.obj (.text)
                  0000a370    00000035     main_code_python_gui_hr.obj (.text:retain)
                  0000a3a5    0000002a     rts2800_fpu32.lib : l_div28.asm.obj (.text)
                  0000a3cf    00000029                       : exit.c.obj (.text)
                  0000a3f8    00000028     f28004x_piectrl.obj (.text)
                  0000a420    00000025     f28004x_pievect.obj (.text)
                  0000a445    00000024     rts2800_fpu32.lib : cpy_tbl.c.obj (.text)
                  0000a469    0000001d                       : memcpy.c.obj (.text)
                  0000a486    00000019                       : args_main.c.obj (.text)
                  0000a49f    00000010     flash.obj (.text)
                  0000a4af    00000009     rts2800_fpu32.lib : _lock.c.obj (.text)
                  0000a4b8    00000002                       : pre_init.c.obj (.text)
                  0000a4ba    00000001                       : startup.c.obj (.text)

.pinit     0    000000f5    00000000     UNINITIALIZED

.reset     0    003fffc0    00000002     DSECT
                  003fffc0    00000002     rts2800_fpu32.lib : boot28.asm.obj (.reset)

.econst    0    0000a4bc    00000368     
                  0000a4bc    000001c0     f28004x_pievect.obj (.econst:_PieVectTableInit)
                  0000a67c    000001a8     gui.obj (.econst:.string)

.ebss      0    00013600    000003be     UNINITIALIZED
                  00013600    000003a4     gui.obj (.ebss)
                  000139a4    0000000f     SFO_v8_fpu_lib_build_c28.lib : SFO_v7_fpu_lib_build_c28.obj (.ebss)
                  000139b3    00000001     --HOLE--
                  000139b4    00000006     rts2800_fpu32.lib : exit.c.obj (.ebss)
                  000139ba    00000002                       : _lock.c.obj (.ebss:__lock)
                  000139bc    00000002                       : _lock.c.obj (.ebss:__unlock)

.stack     1    00000400    00000400     UNINITIALIZED
                  00000400    00000400     --HOLE--

AdcaResultFile 
*          1    00000b00    00000018     UNINITIALIZED
                  00000b00    00000018     f28004x_globalvariabledefs.obj (AdcaResultFile)

AdcbResultFile 
*          1    00000b20    00000018     UNINITIALIZED
                  00000b20    00000018     f28004x_globalvariabledefs.obj (AdcbResultFile)

AdccResultFile 
*          1    00000b40    00000018     UNINITIALIZED
                  00000b40    00000018     f28004x_globalvariabledefs.obj (AdccResultFile)

CpuTimer0RegsFile 
*          1    00000c00    00000008     UNINITIALIZED
                  00000c00    00000008     f28004x_globalvariabledefs.obj (CpuTimer0RegsFile)

CpuTimer1RegsFile 
*          1    00000c08    00000008     UNINITIALIZED
                  00000c08    00000008     f28004x_globalvariabledefs.obj (CpuTimer1RegsFile)

CpuTimer2RegsFile 
*          1    00000c10    00000008     UNINITIALIZED
                  00000c10    00000008     f28004x_globalvariabledefs.obj (CpuTimer2RegsFile)

PieCtrlRegsFile 
*          1    00000ce0    0000001a     UNINITIALIZED
                  00000ce0    0000001a     f28004x_globalvariabledefs.obj (PieCtrlRegsFile)

PieVectTableFile 
*          1    00000d00    000001c0     UNINITIALIZED
                  00000d00    000001c0     f28004x_globalvariabledefs.obj (PieVectTableFile)

EmuKeyVar 
*          1    00000d00    00000000     UNINITIALIZED

EmuBModeVar 
*          1    00000d00    00000000     UNINITIALIZED

FlashCallbackVar 
*          1    00000d00    00000000     UNINITIALIZED

FlashScalingVar 
*          1    00000d00    00000000     UNINITIALIZED

DmaRegsFile 
*          1    00001000    000000e0     UNINITIALIZED
                  00001000    000000e0     f28004x_globalvariabledefs.obj (DmaRegsFile)

Cla1RegsFile 
*          1    00001400    00000080     UNINITIALIZED
                  00001400    00000080     f28004x_globalvariabledefs.obj (Cla1RegsFile)

EPwm1RegsFile 
*          1    00004000    00000100     UNINITIALIZED
                  00004000    00000100     f28004x_globalvariabledefs.obj (EPwm1RegsFile)

EPwm2RegsFile 
*          1    00004100    00000100     UNINITIALIZED
                  00004100    00000100     f28004x_globalvariabledefs.obj (EPwm2RegsFile)

EPwm3RegsFile 
*          1    00004200    00000100     UNINITIALIZED
                  00004200    00000100     f28004x_globalvariabledefs.obj (EPwm3RegsFile)

EPwm4RegsFile 
*          1    00004300    00000100     UNINITIALIZED
                  00004300    00000100     f28004x_globalvariabledefs.obj (EPwm4RegsFile)

EPwm5RegsFile 
*          1    00004400    00000100     UNINITIALIZED
                  00004400    00000100     f28004x_globalvariabledefs.obj (EPwm5RegsFile)

EPwm6RegsFile 
*          1    00004500    00000100     UNINITIALIZED
                  00004500    00000100     f28004x_globalvariabledefs.obj (EPwm6RegsFile)

EPwm7RegsFile 
*          1    00004600    00000100     UNINITIALIZED
                  00004600    00000100     f28004x_globalvariabledefs.obj (EPwm7RegsFile)

EPwm8RegsFile 
*          1    00004700    00000100     UNINITIALIZED
                  00004700    00000100     f28004x_globalvariabledefs.obj (EPwm8RegsFile)

EQep1RegsFile 
*          1    00005100    00000040     UNINITIALIZED
                  00005100    00000040     f28004x_globalvariabledefs.obj (EQep1RegsFile)

EQep2RegsFile 
*          1    00005140    00000040     UNINITIALIZED
                  00005140    00000040     f28004x_globalvariabledefs.obj (EQep2RegsFile)

ECap1RegsFile 
*          1    00005200    00000020     UNINITIALIZED
                  00005200    00000020     f28004x_globalvariabledefs.obj (ECap1RegsFile)

ECap2RegsFile 
*          1    00005240    00000020     UNINITIALIZED
                  00005240    00000020     f28004x_globalvariabledefs.obj (ECap2RegsFile)

ECap3RegsFile 
*          1    00005280    00000020     UNINITIALIZED
                  00005280    00000020     f28004x_globalvariabledefs.obj (ECap3RegsFile)

ECap4RegsFile 
*          1    000052c0    00000020     UNINITIALIZED
                  000052c0    00000020     f28004x_globalvariabledefs.obj (ECap4RegsFile)

ECap5RegsFile 
*          1    00005300    00000020     UNINITIALIZED
                  00005300    00000020     f28004x_globalvariabledefs.obj (ECap5RegsFile)

ECap6RegsFile 
*          1    00005340    00000020     UNINITIALIZED
                  00005340    00000020     f28004x_globalvariabledefs.obj (ECap6RegsFile)

ECap7RegsFile 
*          1    00005380    00000020     UNINITIALIZED
                  00005380    00000020     f28004x_globalvariabledefs.obj (ECap7RegsFile)

Pga1RegsFile 
*          1    00005b00    00000010     UNINITIALIZED
                  00005b00    00000010     f28004x_globalvariabledefs.obj (Pga1RegsFile)

Pga2RegsFile 
*          1    00005b10    00000010     UNINITIALIZED
                  00005b10    00000010     f28004x_globalvariabledefs.obj (Pga2RegsFile)

Pga3RegsFile 
*          1    00005b20    00000010     UNINITIALIZED
                  00005b20    00000010     f28004x_globalvariabledefs.obj (Pga3RegsFile)

Pga4RegsFile 
*          1    00005b30    00000010     UNINITIALIZED
                  00005b30    00000010     f28004x_globalvariabledefs.obj (Pga4RegsFile)

Pga5RegsFile 
*          1    00005b40    00000010     UNINITIALIZED
                  00005b40    00000010     f28004x_globalvariabledefs.obj (Pga5RegsFile)

Pga6RegsFile 
*          1    00005b50    00000010     UNINITIALIZED
                  00005b50    00000010     f28004x_globalvariabledefs.obj (Pga6RegsFile)

Pga7RegsFile 
*          1    00005b60    00000010     UNINITIALIZED
                  00005b60    00000010     f28004x_globalvariabledefs.obj (Pga7RegsFile)

DacaRegsFile 
*          1    00005c00    00000008     UNINITIALIZED
                  00005c00    00000008     f28004x_globalvariabledefs.obj (DacaRegsFile)

DacbRegsFile 
*          1    00005c10    00000008     UNINITIALIZED
                  00005c10    00000008     f28004x_globalvariabledefs.obj (DacbRegsFile)

Sdfm1RegsFile 
*          1    00005e00    00000070     UNINITIALIZED
                  00005e00    00000070     f28004x_globalvariabledefs.obj (Sdfm1RegsFile)

SpiaRegsFile 
*          1    00006100    00000010     UNINITIALIZED
                  00006100    00000010     f28004x_globalvariabledefs.obj (SpiaRegsFile)

SpibRegsFile 
*          1    00006110    00000010     UNINITIALIZED
                  00006110    00000010     f28004x_globalvariabledefs.obj (SpibRegsFile)

PmbusaRegsFile 
*          1    00006400    00000020     UNINITIALIZED
                  00006400    00000020     f28004x_globalvariabledefs.obj (PmbusaRegsFile)

FsiTxaRegsFile 
*          1    00006600    00000042     UNINITIALIZED
                  00006600    00000042     f28004x_globalvariabledefs.obj (FsiTxaRegsFile)

FsiRxaRegsFile 
*          1    00006680    00000042     UNINITIALIZED
                  00006680    00000042     f28004x_globalvariabledefs.obj (FsiRxaRegsFile)

LinaRegsFile 
*          1    00006a00    000000ec     UNINITIALIZED
                  00006a00    000000ec     f28004x_globalvariabledefs.obj (LinaRegsFile)

LinbRegsFile 
*          1    00006b00    000000ec     UNINITIALIZED
                  00006b00    000000ec     f28004x_globalvariabledefs.obj (LinbRegsFile)

WdRegsFile 
*          1    00007000    0000002b     UNINITIALIZED
                  00007000    0000002b     f28004x_globalvariabledefs.obj (WdRegsFile)

NmiIntruptRegsFile 
*          1    00007060    00000007     UNINITIALIZED
                  00007060    00000007     f28004x_globalvariabledefs.obj (NmiIntruptRegsFile)

XintRegsFile 
*          1    00007070    0000000b     UNINITIALIZED
                  00007070    0000000b     f28004x_globalvariabledefs.obj (XintRegsFile)

SciaRegsFile 
*          1    00007200    00000010     UNINITIALIZED
                  00007200    00000010     f28004x_globalvariabledefs.obj (SciaRegsFile)

ScibRegsFile 
*          1    00007210    00000010     UNINITIALIZED
                  00007210    00000010     f28004x_globalvariabledefs.obj (ScibRegsFile)

I2caRegsFile 
*          1    00007300    00000022     UNINITIALIZED
                  00007300    00000022     f28004x_globalvariabledefs.obj (I2caRegsFile)

AdcaRegsFile 
*          1    00007400    00000080     UNINITIALIZED
                  00007400    00000080     f28004x_globalvariabledefs.obj (AdcaRegsFile)

AdcbRegsFile 
*          1    00007480    00000080     UNINITIALIZED
                  00007480    00000080     f28004x_globalvariabledefs.obj (AdcbRegsFile)

AdccRegsFile 
*          1    00007500    00000080     UNINITIALIZED
                  00007500    00000080     f28004x_globalvariabledefs.obj (AdccRegsFile)

InputXbarRegsFile 
*          1    00007900    00000020     UNINITIALIZED
                  00007900    00000020     f28004x_globalvariabledefs.obj (InputXbarRegsFile)

XbarRegsFile 
*          1    00007920    00000020     UNINITIALIZED
                  00007920    00000020     f28004x_globalvariabledefs.obj (XbarRegsFile)

SyncSocRegsFile 
*          1    00007940    00000006     UNINITIALIZED
                  00007940    00000006     f28004x_globalvariabledefs.obj (SyncSocRegsFile)

DmaClaSrcSelRegsFile 
*          1    00007980    0000001a     UNINITIALIZED
                  00007980    0000001a     f28004x_globalvariabledefs.obj (DmaClaSrcSelRegsFile)

EPwmXbarRegsFile 
*          1    00007a00    00000040     UNINITIALIZED
                  00007a00    00000040     f28004x_globalvariabledefs.obj (EPwmXbarRegsFile)

OutputXbarRegsFile 
*          1    00007a80    00000040     UNINITIALIZED
                  00007a80    00000040     f28004x_globalvariabledefs.obj (OutputXbarRegsFile)

GpioCtrlRegsFile 
*          1    00007c00    00000200     UNINITIALIZED
                  00007c00    00000200     f28004x_globalvariabledefs.obj (GpioCtrlRegsFile)

GpioDataRegsFile 
*          1    00007f00    00000040     UNINITIALIZED
                  00007f00    00000040     f28004x_globalvariabledefs.obj (GpioDataRegsFile)

CanaRegsFile 
*          1    00048000    00000200     UNINITIALIZED
                  00048000    00000200     f28004x_globalvariabledefs.obj (CanaRegsFile)

CanbRegsFile 
*          1    0004a000    00000200     UNINITIALIZED
                  0004a000    00000200     f28004x_globalvariabledefs.obj (CanbRegsFile)

AnalogSubsysRegsFile 
*          1    0005d700    00000090     UNINITIALIZED
                  0005d700    00000090     f28004x_globalvariabledefs.obj (AnalogSubsysRegsFile)

Cla1SoftIntRegsFile 
*          1    00000ce0    0000000f     DSECT
                  00000ce0    0000000f     f28004x_globalvariabledefs.obj (Cla1SoftIntRegsFile)

ClaPromCrc0RegsFile 
*          1    000061c0    00000020     UNINITIALIZED
                  000061c0    00000020     f28004x_globalvariabledefs.obj (ClaPromCrc0RegsFile)

Cmpss1RegsFile 
*          1    00005c80    00000020     UNINITIALIZED
                  00005c80    00000020     f28004x_globalvariabledefs.obj (Cmpss1RegsFile)

Cmpss2RegsFile 
*          1    00005ca0    00000020     UNINITIALIZED
                  00005ca0    00000020     f28004x_globalvariabledefs.obj (Cmpss2RegsFile)

Cmpss3RegsFile 
*          1    00005cc0    00000020     UNINITIALIZED
                  00005cc0    00000020     f28004x_globalvariabledefs.obj (Cmpss3RegsFile)

Cmpss4RegsFile 
*          1    00005ce0    00000020     UNINITIALIZED
                  00005ce0    00000020     f28004x_globalvariabledefs.obj (Cmpss4RegsFile)

Cmpss5RegsFile 
*          1    00005d00    00000020     UNINITIALIZED
                  00005d00    00000020     f28004x_globalvariabledefs.obj (Cmpss5RegsFile)

Cmpss6RegsFile 
*          1    00005d20    00000020     UNINITIALIZED
                  00005d20    00000020     f28004x_globalvariabledefs.obj (Cmpss6RegsFile)

Cmpss7RegsFile 
*          1    00005d40    00000020     UNINITIALIZED
                  00005d40    00000020     f28004x_globalvariabledefs.obj (Cmpss7RegsFile)

DevCfgRegsFile 
*          1    0005d000    00000180     UNINITIALIZED
                  0005d000    00000180     f28004x_globalvariabledefs.obj (DevCfgRegsFile)

ClkCfgRegsFile 
*          1    0005d200    00000036     UNINITIALIZED
                  0005d200    00000036     f28004x_globalvariabledefs.obj (ClkCfgRegsFile)

CpuSysRegsFile 
*          1    0005d300    00000082     UNINITIALIZED
                  0005d300    00000082     f28004x_globalvariabledefs.obj (CpuSysRegsFile)

SysPeriphAcRegsFile 
*          1    0005d500    00000200     UNINITIALIZED
                  0005d500    00000200     f28004x_globalvariabledefs.obj (SysPeriphAcRegsFile)

Dcc0RegsFile 
*          1    0005e700    0000002c     UNINITIALIZED
                  0005e700    0000002c     f28004x_globalvariabledefs.obj (Dcc0RegsFile)

EnhancedDebugGlobalRegsFile 
*          1    0005e800    00000013     UNINITIALIZED
                  0005e800    00000013     f28004x_globalvariabledefs.obj (EnhancedDebugGlobalRegsFile)

EnhancedDebugHWBP1RegsFile 
*          1    0005e900    00000008     UNINITIALIZED
                  0005e900    00000008     f28004x_globalvariabledefs.obj (EnhancedDebugHWBP1RegsFile)

EnhancedDebugHWBP2RegsFile 
*          1    0005e908    00000008     UNINITIALIZED
                  0005e908    00000008     f28004x_globalvariabledefs.obj (EnhancedDebugHWBP2RegsFile)

EnhancedDebugHWBP3RegsFile 
*          1    0005e910    00000008     UNINITIALIZED
                  0005e910    00000008     f28004x_globalvariabledefs.obj (EnhancedDebugHWBP3RegsFile)

EnhancedDebugHWBP4RegsFile 
*          1    0005e918    00000008     UNINITIALIZED
                  0005e918    00000008     f28004x_globalvariabledefs.obj (EnhancedDebugHWBP4RegsFile)

EnhancedDebugHWBP5RegsFile 
*          1    0005e920    00000008     UNINITIALIZED
                  0005e920    00000008     f28004x_globalvariabledefs.obj (EnhancedDebugHWBP5RegsFile)

EnhancedDebugHWBP6RegsFile 
*          1    0005e928    00000008     UNINITIALIZED
                  0005e928    00000008     f28004x_globalvariabledefs.obj (EnhancedDebugHWBP6RegsFile)

EnhancedDebugHWBP7RegsFile 
*          1    0005e930    00000008     UNINITIALIZED
                  0005e930    00000008     f28004x_globalvariabledefs.obj (EnhancedDebugHWBP7RegsFile)

EnhancedDebugHWBP8RegsFile 
*          1    0005e938    00000008     UNINITIALIZED
                  0005e938    00000008     f28004x_globalvariabledefs.obj (EnhancedDebugHWBP8RegsFile)

EnhancedDebugCounter1RegsFile 
*          1    0005e980    00000010     UNINITIALIZED
                  0005e980    00000010     f28004x_globalvariabledefs.obj (EnhancedDebugCounter1RegsFile)

EnhancedDebugCounter2RegsFile 
*          1    0005e990    00000010     UNINITIALIZED
                  0005e990    00000010     f28004x_globalvariabledefs.obj (EnhancedDebugCounter2RegsFile)

EnhancedDebugCounter3RegsFile 
*          1    0005e9a0    00000010     UNINITIALIZED
                  0005e9a0    00000010     f28004x_globalvariabledefs.obj (EnhancedDebugCounter3RegsFile)

EnhancedDebugCounter4RegsFile 
*          1    0005e9b0    00000010     UNINITIALIZED
                  0005e9b0    00000010     f28004x_globalvariabledefs.obj (EnhancedDebugCounter4RegsFile)

DcsmBank0Z1RegsFile 
*          1    0005f000    00000024     UNINITIALIZED
                  0005f000    00000024     f28004x_globalvariabledefs.obj (DcsmBank0Z1RegsFile)

DcsmBank0Z2RegsFile 
*          1    0005f040    00000024     UNINITIALIZED
                  0005f040    00000024     f28004x_globalvariabledefs.obj (DcsmBank0Z2RegsFile)

DcsmCommonRegsFile 
*          1    0005f070    00000010     UNINITIALIZED
                  0005f070    00000010     f28004x_globalvariabledefs.obj (DcsmCommonRegsFile)

DcsmBank1Z1RegsFile 
*          1    0005f100    00000024     UNINITIALIZED
                  0005f100    00000024     f28004x_globalvariabledefs.obj (DcsmBank1Z1RegsFile)

DcsmBank1Z2RegsFile 
*          1    0005f140    00000024     UNINITIALIZED
                  0005f140    00000024     f28004x_globalvariabledefs.obj (DcsmBank1Z2RegsFile)

MemCfgRegsFile 
*          1    0005f400    00000080     UNINITIALIZED
                  0005f400    00000080     f28004x_globalvariabledefs.obj (MemCfgRegsFile)

AccessProtectionRegsFile 
*          1    0005f4c0    00000040     UNINITIALIZED
                  0005f4c0    00000040     f28004x_globalvariabledefs.obj (AccessProtectionRegsFile)

MemoryErrorRegsFile 
*          1    0005f500    00000040     UNINITIALIZED
                  0005f500    00000040     f28004x_globalvariabledefs.obj (MemoryErrorRegsFile)

Flash0CtrlRegsFile 
*          1    0005f800    00000182     UNINITIALIZED
                  0005f800    00000182     f28004x_globalvariabledefs.obj (Flash0CtrlRegsFile)

Flash0EccRegsFile 
*          1    0005fb00    00000028     UNINITIALIZED
                  0005fb00    00000028     f28004x_globalvariabledefs.obj (Flash0EccRegsFile)

MODULE SUMMARY

       Module                           code   initialized data   uninitialized data
       ------                           ----   ----------------   ------------------
    .\
       f28004x_globalvariabledefs.obj   0      0                  9078              
       gui.obj                          3348   452                932               
       main_code_python_gui_hr.obj      1314   0                  0                 
       f28004x_defaultisr.obj           1203   0                  0                 
       f28004x_pievect.obj              37     448                0                 
       f28004x_piectrl.obj              40     0                  0                 
       f28004x_usdelay.obj              4      0                  0                 
    +--+--------------------------------+------+------------------+--------------------+
       Total:                           5946   900                10010             
                                                                                    
    .\device\
       device.obj                       320    0                  0                 
       f28004x_codestartbranch.obj      2      0                  0                 
    +--+--------------------------------+------+------------------+--------------------+
       Total:                           322    0                  0                 
                                                                                    
    .\device\driverlib\
       sysctl.obj                       857    0                  0                 
       sci.obj                          496    0                  0                 
       gpio.obj                         491    0                  0                 
       interrupt.obj                    391    0                  0                 
       flash.obj                        190    0                  0                 
       adc.obj                          141    0                  0                 
    +--+--------------------------------+------+------------------+--------------------+
       Total:                           2566   0                  0                 
                                                                                    
    ../SFO_v8_fpu_lib_build_c28.lib
       SFO_v7_fpu_lib_build_c28.obj     346    4                  15                
    +--+--------------------------------+------+------------------+--------------------+
       Total:                           346    4                  15                
                                                                                    
    C:\ti\ccsv8\tools\compiler\ti-cgt-c2000_18.1.3.LTS\lib\rts2800_fpu32.lib
       fs_div28.asm.obj                 136    0                  0                 
       boot28.asm.obj                   86     0                  0                 
       exit.c.obj                       41     14                 6                 
       l_div28.asm.obj                  42     0                  0                 
       cpy_tbl.c.obj                    36     0                  0                 
       memcpy.c.obj                     29     0                  0                 
       args_main.c.obj                  25     0                  0                 
       _lock.c.obj                      9      10                 4                 
       pre_init.c.obj                   2      0                  0                 
       startup.c.obj                    1      0                  0                 
    +--+--------------------------------+------+------------------+--------------------+
       Total:                           407    24                 10                
                                                                                    
       Stack:                           0      0                  1024              
    +--+--------------------------------+------+------------------+--------------------+
       Grand Total:                     9587   928                11059             


GLOBAL DATA SYMBOLS: SORTED BY DATA PAGE

address     data page           name
--------    ----------------    ----
00000400      10 (00000400)     __stack

00000b00      2c (00000b00)     _AdcaResultRegs
00000b20      2c (00000b00)     _AdcbResultRegs

00000b40      2d (00000b40)     _AdccResultRegs

00000c00      30 (00000c00)     _CpuTimer0Regs
00000c08      30 (00000c00)     _CpuTimer1Regs
00000c10      30 (00000c00)     _CpuTimer2Regs

00000ce0      33 (00000cc0)     _Cla1SoftIntRegs
00000ce0      33 (00000cc0)     _PieCtrlRegs

00000d00      34 (00000d00)     _PieVectTable

00001000      40 (00001000)     _DmaRegs

00001400      50 (00001400)     _Cla1Regs

00004000     100 (00004000)     _EPwm1Regs

00004100     104 (00004100)     _EPwm2Regs

00004200     108 (00004200)     _EPwm3Regs

00004300     10c (00004300)     _EPwm4Regs

00004400     110 (00004400)     _EPwm5Regs

00004500     114 (00004500)     _EPwm6Regs

00004600     118 (00004600)     _EPwm7Regs

00004700     11c (00004700)     _EPwm8Regs

00005100     144 (00005100)     _EQep1Regs

00005140     145 (00005140)     _EQep2Regs

00005200     148 (00005200)     _ECap1Regs

00005240     149 (00005240)     _ECap2Regs

00005280     14a (00005280)     _ECap3Regs

000052c0     14b (000052c0)     _ECap4Regs

00005300     14c (00005300)     _ECap5Regs

00005340     14d (00005340)     _ECap6Regs

00005380     14e (00005380)     _ECap7Regs

00005b00     16c (00005b00)     _Pga1Regs
00005b10     16c (00005b00)     _Pga2Regs
00005b20     16c (00005b00)     _Pga3Regs
00005b30     16c (00005b00)     _Pga4Regs

00005b40     16d (00005b40)     _Pga5Regs
00005b50     16d (00005b40)     _Pga6Regs
00005b60     16d (00005b40)     _Pga7Regs

00005c00     170 (00005c00)     _DacaRegs
00005c10     170 (00005c00)     _DacbRegs

00005c80     172 (00005c80)     _Cmpss1Regs
00005ca0     172 (00005c80)     _Cmpss2Regs

00005cc0     173 (00005cc0)     _Cmpss3Regs
00005ce0     173 (00005cc0)     _Cmpss4Regs

00005d00     174 (00005d00)     _Cmpss5Regs
00005d20     174 (00005d00)     _Cmpss6Regs

00005d40     175 (00005d40)     _Cmpss7Regs

00005e00     178 (00005e00)     _Sdfm1Regs

00006100     184 (00006100)     _SpiaRegs
00006110     184 (00006100)     _SpibRegs

000061c0     187 (000061c0)     _ClaPromCrc0Regs

00006400     190 (00006400)     _PmbusaRegs

00006600     198 (00006600)     _FsiTxaRegs

00006680     19a (00006680)     _FsiRxaRegs

00006a00     1a8 (00006a00)     _LinaRegs

00006b00     1ac (00006b00)     _LinbRegs

00007000     1c0 (00007000)     _WdRegs

00007060     1c1 (00007040)     _NmiIntruptRegs
00007070     1c1 (00007040)     _XintRegs

00007200     1c8 (00007200)     _SciaRegs
00007210     1c8 (00007200)     _ScibRegs

00007300     1cc (00007300)     _I2caRegs

00007400     1d0 (00007400)     _AdcaRegs

00007480     1d2 (00007480)     _AdcbRegs

00007500     1d4 (00007500)     _AdccRegs

00007900     1e4 (00007900)     _InputXbarRegs
00007920     1e4 (00007900)     _XbarRegs

00007940     1e5 (00007940)     _SyncSocRegs

00007980     1e6 (00007980)     _DmaClaSrcSelRegs

00007a00     1e8 (00007a00)     _EPwmXbarRegs

00007a80     1ea (00007a80)     _OutputXbarRegs

00007c00     1f0 (00007c00)     _GpioCtrlRegs

00007f00     1fc (00007f00)     _GpioDataRegs

0000a4bc     292 (0000a480)     _PieVectTableInit

00013600     4d8 (00013600)     _dutyCycle
00013601     4d8 (00013600)     _periodCnt
00013602     4d8 (00013600)     _MEP_ScaleFactor
00013603     4d8 (00013600)     _receivedChar
00013604     4d8 (00013600)     _PeriodFine
00013605     4d8 (00013600)     _status
00013606     4d8 (00013600)     _UpdateFine
00013607     4d8 (00013600)     _adcCResult6
00013608     4d8 (00013600)     _adcCResult0
00013609     4d8 (00013600)     _currADC_avg
0001360a     4d8 (00013600)     _dacVal
0001360b     4d8 (00013600)     _guiState
0001360c     4d8 (00013600)     _period
0001360d     4d8 (00013600)     _voltADC_avg
0001360e     4d8 (00013600)     _adcBResult2
00013610     4d8 (00013600)     _thou
00013612     4d8 (00013600)     _tenThou
00013614     4d8 (00013600)     _ten
00013616     4d8 (00013600)     _hun
00013618     4d8 (00013600)     _one
0001361a     4d8 (00013600)     _msg
0001361c     4d8 (00013600)     _endMsg
0001361e     4d8 (00013600)     _volt
00013620     4d8 (00013600)     _impedanceString
00013622     4d8 (00013600)     _dac
00013624     4d8 (00013600)     _dutyCycleTrack
00013626     4d8 (00013600)     _dutyString
00013628     4d8 (00013600)     _rawADCcurr
0001362a     4d8 (00013600)     _freq
0001362c     4d8 (00013600)     _currString
0001362e     4d8 (00013600)     _powerString
00013630     4d8 (00013600)     _hrfreq
00013632     4d8 (00013600)     _rawADCvolt
00013634     4d8 (00013600)     _ePWM

00013640     4d9 (00013640)     _powerValues

000136c0     4db (000136c0)     _currValues

00013740     4dd (00013740)     _impedanceValues

000137c0     4df (000137c0)     _voltADCValues

00013840     4e1 (00013840)     _currADCValues

000138c0     4e3 (000138c0)     _freqValues

00013940     4e5 (00013940)     _voltValues

000139a9     4e6 (00013980)     _SFO_CAL
000139aa     4e6 (00013980)     _MEP_SF
000139b4     4e6 (00013980)     ___TI_enable_exit_profile_output
000139b6     4e6 (00013980)     ___TI_cleanup_ptr
000139b8     4e6 (00013980)     ___TI_dtors_ptr
000139ba     4e6 (00013980)     __lock
000139bc     4e6 (00013980)     __unlock

00048000    1200 (00048000)     _CanaRegs

0004a000    1280 (0004a000)     _CanbRegs

0005d000    1740 (0005d000)     _DevCfgRegs

0005d200    1748 (0005d200)     _ClkCfgRegs

0005d300    174c (0005d300)     _CpuSysRegs

0005d500    1754 (0005d500)     _SysPeriphAcRegs

0005d700    175c (0005d700)     _AnalogSubsysRegs

0005e700    179c (0005e700)     _Dcc0Regs

0005e800    17a0 (0005e800)     _EnhancedDebugGlobalRegs

0005e900    17a4 (0005e900)     _EnhancedDebugHWBP1Regs
0005e908    17a4 (0005e900)     _EnhancedDebugHWBP2Regs
0005e910    17a4 (0005e900)     _EnhancedDebugHWBP3Regs
0005e918    17a4 (0005e900)     _EnhancedDebugHWBP4Regs
0005e920    17a4 (0005e900)     _EnhancedDebugHWBP5Regs
0005e928    17a4 (0005e900)     _EnhancedDebugHWBP6Regs
0005e930    17a4 (0005e900)     _EnhancedDebugHWBP7Regs
0005e938    17a4 (0005e900)     _EnhancedDebugHWBP8Regs

0005e980    17a6 (0005e980)     _EnhancedDebugCounter1Regs
0005e990    17a6 (0005e980)     _EnhancedDebugCounter2Regs
0005e9a0    17a6 (0005e980)     _EnhancedDebugCounter3Regs
0005e9b0    17a6 (0005e980)     _EnhancedDebugCounter4Regs

0005f000    17c0 (0005f000)     _DcsmBank0Z1Regs

0005f040    17c1 (0005f040)     _DcsmBank0Z2Regs
0005f070    17c1 (0005f040)     _DcsmCommonRegs

0005f100    17c4 (0005f100)     _DcsmBank1Z1Regs

0005f140    17c5 (0005f140)     _DcsmBank1Z2Regs

0005f400    17d0 (0005f400)     _MemCfgRegs

0005f4c0    17d3 (0005f4c0)     _AccessProtectionRegs

0005f500    17d4 (0005f500)     _MemoryErrorRegs

0005f800    17e0 (0005f800)     _Flash0CtrlRegs

0005fb00    17ec (0005fb00)     _Flash0EccRegs


GLOBAL SYMBOLS: SORTED ALPHABETICALLY BY Name 

page  address   name                            
----  -------   ----                            
0     00008000  .text                           
0     0000a3cf  C$$EXIT                         
0     0000a292  FS$$DIV                         
0     0000a3a5  L$$DIV                          
0     0000a3b4  L$$MOD                          
0     0000a3c2  UL$$DIV                         
0     0000a3c9  UL$$MOD                         
0     000092bf  _ADCA1_ISR                      
0     000094e5  _ADCA2_ISR                      
0     000094ef  _ADCA3_ISR                      
0     000094f9  _ADCA4_ISR                      
0     000094db  _ADCA_EVT_ISR                   
0     000092c9  _ADCB1_ISR                      
0     0000950d  _ADCB2_ISR                      
0     00009517  _ADCB3_ISR                      
0     00009521  _ADCB4_ISR                      
0     00009503  _ADCB_EVT_ISR                   
0     000092d3  _ADCC1_ISR                      
0     00009639  _ADCC2_ISR                      
0     00009643  _ADCC3_ISR                      
0     0000964d  _ADCC4_ISR                      
0     0000962f  _ADCC_EVT_ISR                   
0     0000a260  _ADC_setPPBTripLimits           
0     0000a205  _ADC_setVREF                    
1     0005f4c0  _AccessProtectionRegs           
1     00007400  _AdcaRegs                       
1     00000b00  _AdcaResultRegs                 
1     00007480  _AdcbRegs                       
1     00000b20  _AdcbResultRegs                 
1     00007500  _AdccRegs                       
1     00000b40  _AdccResultRegs                 
1     0005d700  _AnalogSubsysRegs               
0     000094b3  _CANA0_ISR                      
0     000094bd  _CANA1_ISR                      
0     000094c7  _CANB0_ISR                      
0     000094d1  _CANB1_ISR                      
0     00009607  _CLA1PROMCRC_ISR                
0     0000952b  _CLA1_1_ISR                     
0     00009535  _CLA1_2_ISR                     
0     0000953f  _CLA1_3_ISR                     
0     00009549  _CLA1_4_ISR                     
0     00009553  _CLA1_5_ISR                     
0     0000955d  _CLA1_6_ISR                     
0     00009567  _CLA1_7_ISR                     
0     00009571  _CLA1_8_ISR                     
0     0000967f  _CLA_OVERFLOW_ISR               
0     00009689  _CLA_UNDERFLOW_ISR              
1     00048000  _CanaRegs                       
1     0004a000  _CanbRegs                       
1     00001400  _Cla1Regs                       
0     00000ce0  _Cla1SoftIntRegs                
1     000061c0  _ClaPromCrc0Regs                
1     0005d200  _ClkCfgRegs                     
1     00005c80  _Cmpss1Regs                     
1     00005ca0  _Cmpss2Regs                     
1     00005cc0  _Cmpss3Regs                     
1     00005ce0  _Cmpss4Regs                     
1     00005d00  _Cmpss5Regs                     
1     00005d20  _Cmpss6Regs                     
1     00005d40  _Cmpss7Regs                     
1     0005d300  _CpuSysRegs                     
1     00000c00  _CpuTimer0Regs                  
1     00000c08  _CpuTimer1Regs                  
1     00000c10  _CpuTimer2Regs                  
0     00009215  _DATALOG_ISR                    
0     0000943b  _DMA_CH1_ISR                    
0     00009445  _DMA_CH2_ISR                    
0     0000944f  _DMA_CH3_ISR                    
0     00009459  _DMA_CH4_ISR                    
0     00009463  _DMA_CH5_ISR                    
0     0000946d  _DMA_CH6_ISR                    
1     00005c00  _DacaRegs                       
1     00005c10  _DacbRegs                       
1     0005e700  _Dcc0Regs                       
1     0005f000  _DcsmBank0Z1Regs                
1     0005f040  _DcsmBank0Z2Regs                
1     0005f100  _DcsmBank1Z1Regs                
1     0005f140  _DcsmBank1Z2Regs                
1     0005f070  _DcsmCommonRegs                 
1     0005d000  _DevCfgRegs                     
0     0000a120  _Device_enableAllPeripherals    
0     0000a107  _Device_init                    
0     0000a1ee  _Device_initGPIO                
1     00007980  _DmaClaSrcSelRegs               
1     00001000  _DmaRegs                        
0     000093a5  _ECAP1_ISR                      
0     000093af  _ECAP2_ISR                      
0     000093b9  _ECAP3_ISR                      
0     000093c3  _ECAP4_ISR                      
0     000093cd  _ECAP5_ISR                      
0     000093eb  _ECAP6_2_ISR                    
0     000093d7  _ECAP6_ISR                      
0     000093f5  _ECAP7_2_ISR                    
0     000093e1  _ECAP7_ISR                      
1     00005200  _ECap1Regs                      
1     00005240  _ECap2Regs                      
1     00005280  _ECap3Regs                      
1     000052c0  _ECap4Regs                      
1     00005300  _ECap5Regs                      
1     00005340  _ECap6Regs                      
1     00005380  _ECap7Regs                      
0     0000969d  _EMPTY_ISR                      
0     00009229  _EMU_ISR                        
0     00009355  _EPWM1_ISR                      
0     00009305  _EPWM1_TZ_ISR                   
0     0000935f  _EPWM2_ISR                      
0     0000930f  _EPWM2_TZ_ISR                   
0     00009369  _EPWM3_ISR                      
0     00009319  _EPWM3_TZ_ISR                   
0     00009373  _EPWM4_ISR                      
0     00009323  _EPWM4_TZ_ISR                   
0     0000937d  _EPWM5_ISR                      
0     0000932d  _EPWM5_TZ_ISR                   
0     00009387  _EPWM6_ISR                      
0     00009337  _EPWM6_TZ_ISR                   
0     00009391  _EPWM7_ISR                      
0     00009341  _EPWM7_TZ_ISR                   
0     0000939b  _EPWM8_ISR                      
0     0000934b  _EPWM8_TZ_ISR                   
1     00004000  _EPwm1Regs                      
1     00004100  _EPwm2Regs                      
1     00004200  _EPwm3Regs                      
1     00004300  _EPwm4Regs                      
1     00004400  _EPwm5Regs                      
1     00004500  _EPwm6Regs                      
1     00004600  _EPwm7Regs                      
1     00004700  _EPwm8Regs                      
1     00007a00  _EPwmXbarRegs                   
0     000093ff  _EQEP1_ISR                      
0     00009409  _EQEP2_ISR                      
1     00005100  _EQep1Regs                      
1     00005140  _EQep2Regs                      
0     0000a417  _EnableInterrupts               
1     0005e980  _EnhancedDebugCounter1Regs      
1     0005e990  _EnhancedDebugCounter2Regs      
1     0005e9a0  _EnhancedDebugCounter3Regs      
1     0005e9b0  _EnhancedDebugCounter4Regs      
1     0005e800  _EnhancedDebugGlobalRegs        
1     0005e900  _EnhancedDebugHWBP1Regs         
1     0005e908  _EnhancedDebugHWBP2Regs         
1     0005e910  _EnhancedDebugHWBP3Regs         
1     0005e918  _EnhancedDebugHWBP4Regs         
1     0005e920  _EnhancedDebugHWBP5Regs         
1     0005e928  _EnhancedDebugHWBP6Regs         
1     0005e930  _EnhancedDebugHWBP7Regs         
1     0005e938  _EnhancedDebugHWBP8Regs         
0     000001a3  _F28x_usDelay                   
0     00009661  _FLASH_CORRECTABLE_ERROR_ISR    
0     00009599  _FPU_OVERFLOW_ISR               
0     000095a3  _FPU_UNDERFLOW_ISR              
0     000095f3  _FSIRXA1_ISR                    
0     000095fd  _FSIRXA2_ISR                    
0     000095df  _FSITXA1_ISR                    
0     000095e9  _FSITXA2_ISR                    
1     0005f800  _Flash0CtrlRegs                 
1     0005fb00  _Flash0EccRegs                  
0     0000017b  _Flash_initModule               
0     0000a49f  _Flash_powerDown                
1     00006680  _FsiRxaRegs                     
1     00006600  _FsiTxaRegs                     
0     00009c2d  _GPIO_getDirectionMode          
0     00009cb6  _GPIO_getPadConfig              
0     00009d16  _GPIO_getQualificationMode      
0     00009d85  _GPIO_setAnalogMode             
0     00009c06  _GPIO_setDirectionMode          
0     00009c43  _GPIO_setInterruptPin           
0     00009d59  _GPIO_setMasterCore             
0     00009c6e  _GPIO_setPadConfig              
0     00009dad  _GPIO_setPinConfig              
0     00009cea  _GPIO_setQualificationMode      
0     00009d37  _GPIO_setQualificationPeriod    
1     00007c00  _GpioCtrlRegs                   
1     00007f00  _GpioDataRegs                   
0     00009481  _I2CA_FIFO_ISR                  
0     00009477  _I2CA_ISR                       
1     00007300  _I2caRegs                       
0     0000923d  _ILLEGAL_ISR                    
0     0000a3f8  _InitPieCtrl                    
0     0000a420  _InitPieVectTable               
1     00007900  _InputXbarRegs                  
0     00009f20  _Interrupt_disable              
0     00009eec  _Interrupt_enable               
0     00009e8f  _Interrupt_initModule           
0     00009ecc  _Interrupt_initVectorTable      
0     00009611  _LINA_0_ISR                     
0     0000961b  _LINA_1_ISR                     
1     00006a00  _LinaRegs                       
1     00006b00  _LinbRegs                       
0     000139aa  _MEP_SF                         
0     00013602  _MEP_ScaleFactor                
1     0005f400  _MemCfgRegs                     
1     0005f500  _MemoryErrorRegs                
0     00009233  _NMI_ISR                        
0     000096aa  _NOTUSED_ISR                    
1     00007060  _NmiIntruptRegs                 
1     00007a80  _OutputXbarRegs                 
0     00009693  _PIE_RESERVED_ISR               
0     00009625  _PMBUSA_ISR                     
0     00013604  _PeriodFine                     
1     00005b00  _Pga1Regs                       
1     00005b10  _Pga2Regs                       
1     00005b20  _Pga3Regs                       
1     00005b30  _Pga4Regs                       
1     00005b40  _Pga5Regs                       
1     00005b50  _Pga6Regs                       
1     00005b60  _Pga7Regs                       
1     00000ce0  _PieCtrlRegs                    
1     00000d00  _PieVectTable                   
0     0000a4bc  _PieVectTableInit               
1     00006400  _PmbusaRegs                     
0     0000966b  _RAM_ACCESS_VIOLATION_ISR       
0     00009657  _RAM_CORRECTABLE_ERROR_ISR      
0     0000921f  _RTOS_ISR                       
0     0000948b  _SCIA_RX_ISR                    
0     00009495  _SCIA_TX_ISR                    
0     0000949f  _SCIB_RX_ISR                    
0     000094a9  _SCIB_TX_ISR                    
0     00009bbe  _SCI_clearInterruptStatus       
0     00009b40  _SCI_disableInterrupt           
0     00009b05  _SCI_enableInterrupt            
0     00009b7b  _SCI_getInterruptStatus         
0     00009ad4  _SCI_readCharArray              
0     00009a79  _SCI_setConfig                  
0     00009a9d  _SCI_writeCharArray             
0     000095b7  _SD1DR1_ISR                     
0     000095c1  _SD1DR2_ISR                     
0     000095cb  _SD1DR3_ISR                     
0     000095d5  _SD1DR4_ISR                     
0     000095ad  _SD1_ISR                        
0     00009f6b  _SFO                            
0     000139a9  _SFO_CAL                        
0     00009413  _SPIA_RX_ISR                    
0     0000941d  _SPIA_TX_ISR                    
0     00009427  _SPIB_RX_ISR                    
0     00009431  _SPIB_TX_ISR                    
0     00009675  _SYS_PLL_SLIP_ISR               
1     00007200  _SciaRegs                       
1     00007210  _ScibRegs                       
1     00005e00  _Sdfm1Regs                      
1     00006100  _SpiaRegs                       
1     00006110  _SpibRegs                       
1     00007940  _SyncSocRegs                    
0     000001a7  _SysCtl_delay                   
0     0000979e  _SysCtl_getClock                
0     0000990b  _SysCtl_getDeviceParametric     
0     000098f1  _SysCtl_getLowSpeedClock        
0     00009966  _SysCtl_isPLLValid              
0     000098e5  _SysCtl_selectOscSource         
0     000098a7  _SysCtl_selectXTAL              
0     000098cb  _SysCtl_selectXTALSingleEnded   
0     0000980c  _SysCtl_setClock                
1     0005d500  _SysPeriphAcRegs                
0     000092f1  _TIMER0_ISR                     
0     00009201  _TIMER1_ISR                     
0     0000920b  _TIMER2_ISR                     
0     000092a1  _USER10_ISR                     
0     000092ab  _USER11_ISR                     
0     000092b5  _USER12_ISR                     
0     00009247  _USER1_ISR                      
0     00009251  _USER2_ISR                      
0     0000925b  _USER3_ISR                      
0     00009265  _USER4_ISR                      
0     0000926f  _USER5_ISR                      
0     00009279  _USER6_ISR                      
0     00009283  _USER7_ISR                      
0     0000928d  _USER8_ISR                      
0     00009297  _USER9_ISR                      
0     00013606  _UpdateFine                     
0     000092fb  _WAKE_ISR                       
1     00007000  _WdRegs                         
0     000092dd  _XINT1_ISR                      
0     000092e7  _XINT2_ISR                      
0     0000957b  _XINT3_ISR                      
0     00009585  _XINT4_ISR                      
0     0000958f  _XINT5_ISR                      
1     00007920  _XbarRegs                       
1     00007070  _XintRegs                       
1     00000800  __STACK_END                     
abs   00000400  __STACK_SIZE                    
0     000139b6  ___TI_cleanup_ptr               
0     000139b8  ___TI_dtors_ptr                 
0     000139b4  ___TI_enable_exit_profile_output
abs   ffffffff  ___TI_pprof_out_hndl            
abs   ffffffff  ___TI_prof_data_size            
abs   ffffffff  ___TI_prof_data_start           
abs   ffffffff  ___binit__                      
abs   ffffffff  ___c_args__                     
0     000001ab  ___cinit__                      
0     0000a1fe  ___error__                      
0     0000a4bb  ___etext__                      
abs   ffffffff  ___pinit__                      
0     00008000  ___text__                       
0     0000a486  __args_main                     
0     000139ba  __lock                          
0     0000a4b7  __nop                           
0     0000a4b3  __register_lock                 
0     0000a4af  __register_unlock               
1     00000400  __stack                         
0     0000a4ba  __system_post_cinit             
0     0000a4b8  __system_pre_init               
0     000139bc  __unlock                        
0     0000a3cf  _abort                          
0     0001360e  _adcBResult2                    
0     00013608  _adcCResult0                    
0     00013607  _adcCResult6                    
0     00008840  _avg_ADC_curr                   
0     00008867  _avg_ADC_volt                   
0     0000a31a  _c_int00                        
0     00008a87  _configHRPWM                    
0     000091ee  _configureDAC                   
0     0000a445  _copy_in                        
0     00013840  _currADCValues                  
0     00013609  _currADC_avg                    
0     0001362c  _currString                     
0     000136c0  _currValues                     
0     00013622  _dac                            
0     0001360a  _dacVal                         
0     000088cc  _drawSonic                      
0     00013600  _dutyCycle                      
0     00013624  _dutyCycleTrack                 
0     00013626  _dutyString                     
0     00013634  _ePWM                           
0     0001361c  _endMsg                         
0     000090c4  _error                          
0     0000a3d1  _exit                           
0     0001362a  _freq                           
0     000138c0  _freqValues                     
0     0001360b  _guiState                       
0     00013630  _hrfreq                         
0     00013616  _hun                            
0     00013620  _impedanceString                
0     00013740  _impedanceValues                
0     000091ad  _initADCSOCs                    
0     00009177  _initADCs                       
0     00009128  _initEPWM3                      
0     000090c7  _initEPWM8                      
0     00008c46  _initHRPWM8GPIO                 
0     00008f73  _main                           
0     0000a469  _memcpy                         
0     0001361a  _msg                            
0     00008998  _my_itoa                        
0     00008c59  _my_str_to_int                  
0     00013618  _one                            
0     000080d6  _otherHrPwmSetup                
0     0001360c  _period                         
0     00013601  _periodCnt                      
0     000087c9  _powerAtPeriod                  
0     0001362e  _powerString                    
0     00008693  _powerTrackAndSend              
0     00013640  _powerValues                    
0     00013628  _rawADCcurr                     
0     00013632  _rawADCvolt                     
0     00008521  _readAndSendADC                 
0     00008cc6  _readAndSetFreq                 
0     0000888e  _read_ADC                       
0     00013603  _receivedChar                   
0     000082ef  _run_dac_menu                   
0     00008140  _run_duty_cycle_menu            
0     00008349  _run_freq_sweep_menu            
0     000081dd  _run_frequency_menu             
0     000080fd  _run_gui                        
0     00008220  _run_hr_freq_menu               
0     0000863b  _sendSettingsVals               
0     000080ce  _setupHrPwmVars                 
0     00013605  _status                         
0     00013614  _ten                            
0     00013612  _tenThou                        
0     00013610  _thou                           
0     0000881b  _updatePeriod                   
0     0001361e  _volt                           
0     000137c0  _voltADCValues                  
0     0001360d  _voltADC_avg                    
0     00013940  _voltValues                     
0     0000a370  _wakeISR                        
abs   ffffffff  binit                           
0     000001ab  cinit                           
0     00000000  code_start                      
0     0000a4bb  etext                           
abs   ffffffff  pinit                           


GLOBAL SYMBOLS: SORTED BY Symbol Address 

page  address   name                            
----  -------   ----                            
0     00000000  code_start                      
0     0000017b  _Flash_initModule               
0     000001a3  _F28x_usDelay                   
0     000001a7  _SysCtl_delay                   
0     000001ab  ___cinit__                      
0     000001ab  cinit                           
0     00000ce0  _Cla1SoftIntRegs                
0     00008000  .text                           
0     00008000  ___text__                       
0     000080ce  _setupHrPwmVars                 
0     000080d6  _otherHrPwmSetup                
0     000080fd  _run_gui                        
0     00008140  _run_duty_cycle_menu            
0     000081dd  _run_frequency_menu             
0     00008220  _run_hr_freq_menu               
0     000082ef  _run_dac_menu                   
0     00008349  _run_freq_sweep_menu            
0     00008521  _readAndSendADC                 
0     0000863b  _sendSettingsVals               
0     00008693  _powerTrackAndSend              
0     000087c9  _powerAtPeriod                  
0     0000881b  _updatePeriod                   
0     00008840  _avg_ADC_curr                   
0     00008867  _avg_ADC_volt                   
0     0000888e  _read_ADC                       
0     000088cc  _drawSonic                      
0     00008998  _my_itoa                        
0     00008a87  _configHRPWM                    
0     00008c46  _initHRPWM8GPIO                 
0     00008c59  _my_str_to_int                  
0     00008cc6  _readAndSetFreq                 
0     00008f73  _main                           
0     000090c4  _error                          
0     000090c7  _initEPWM8                      
0     00009128  _initEPWM3                      
0     00009177  _initADCs                       
0     000091ad  _initADCSOCs                    
0     000091ee  _configureDAC                   
0     00009201  _TIMER1_ISR                     
0     0000920b  _TIMER2_ISR                     
0     00009215  _DATALOG_ISR                    
0     0000921f  _RTOS_ISR                       
0     00009229  _EMU_ISR                        
0     00009233  _NMI_ISR                        
0     0000923d  _ILLEGAL_ISR                    
0     00009247  _USER1_ISR                      
0     00009251  _USER2_ISR                      
0     0000925b  _USER3_ISR                      
0     00009265  _USER4_ISR                      
0     0000926f  _USER5_ISR                      
0     00009279  _USER6_ISR                      
0     00009283  _USER7_ISR                      
0     0000928d  _USER8_ISR                      
0     00009297  _USER9_ISR                      
0     000092a1  _USER10_ISR                     
0     000092ab  _USER11_ISR                     
0     000092b5  _USER12_ISR                     
0     000092bf  _ADCA1_ISR                      
0     000092c9  _ADCB1_ISR                      
0     000092d3  _ADCC1_ISR                      
0     000092dd  _XINT1_ISR                      
0     000092e7  _XINT2_ISR                      
0     000092f1  _TIMER0_ISR                     
0     000092fb  _WAKE_ISR                       
0     00009305  _EPWM1_TZ_ISR                   
0     0000930f  _EPWM2_TZ_ISR                   
0     00009319  _EPWM3_TZ_ISR                   
0     00009323  _EPWM4_TZ_ISR                   
0     0000932d  _EPWM5_TZ_ISR                   
0     00009337  _EPWM6_TZ_ISR                   
0     00009341  _EPWM7_TZ_ISR                   
0     0000934b  _EPWM8_TZ_ISR                   
0     00009355  _EPWM1_ISR                      
0     0000935f  _EPWM2_ISR                      
0     00009369  _EPWM3_ISR                      
0     00009373  _EPWM4_ISR                      
0     0000937d  _EPWM5_ISR                      
0     00009387  _EPWM6_ISR                      
0     00009391  _EPWM7_ISR                      
0     0000939b  _EPWM8_ISR                      
0     000093a5  _ECAP1_ISR                      
0     000093af  _ECAP2_ISR                      
0     000093b9  _ECAP3_ISR                      
0     000093c3  _ECAP4_ISR                      
0     000093cd  _ECAP5_ISR                      
0     000093d7  _ECAP6_ISR                      
0     000093e1  _ECAP7_ISR                      
0     000093eb  _ECAP6_2_ISR                    
0     000093f5  _ECAP7_2_ISR                    
0     000093ff  _EQEP1_ISR                      
0     00009409  _EQEP2_ISR                      
0     00009413  _SPIA_RX_ISR                    
0     0000941d  _SPIA_TX_ISR                    
0     00009427  _SPIB_RX_ISR                    
0     00009431  _SPIB_TX_ISR                    
0     0000943b  _DMA_CH1_ISR                    
0     00009445  _DMA_CH2_ISR                    
0     0000944f  _DMA_CH3_ISR                    
0     00009459  _DMA_CH4_ISR                    
0     00009463  _DMA_CH5_ISR                    
0     0000946d  _DMA_CH6_ISR                    
0     00009477  _I2CA_ISR                       
0     00009481  _I2CA_FIFO_ISR                  
0     0000948b  _SCIA_RX_ISR                    
0     00009495  _SCIA_TX_ISR                    
0     0000949f  _SCIB_RX_ISR                    
0     000094a9  _SCIB_TX_ISR                    
0     000094b3  _CANA0_ISR                      
0     000094bd  _CANA1_ISR                      
0     000094c7  _CANB0_ISR                      
0     000094d1  _CANB1_ISR                      
0     000094db  _ADCA_EVT_ISR                   
0     000094e5  _ADCA2_ISR                      
0     000094ef  _ADCA3_ISR                      
0     000094f9  _ADCA4_ISR                      
0     00009503  _ADCB_EVT_ISR                   
0     0000950d  _ADCB2_ISR                      
0     00009517  _ADCB3_ISR                      
0     00009521  _ADCB4_ISR                      
0     0000952b  _CLA1_1_ISR                     
0     00009535  _CLA1_2_ISR                     
0     0000953f  _CLA1_3_ISR                     
0     00009549  _CLA1_4_ISR                     
0     00009553  _CLA1_5_ISR                     
0     0000955d  _CLA1_6_ISR                     
0     00009567  _CLA1_7_ISR                     
0     00009571  _CLA1_8_ISR                     
0     0000957b  _XINT3_ISR                      
0     00009585  _XINT4_ISR                      
0     0000958f  _XINT5_ISR                      
0     00009599  _FPU_OVERFLOW_ISR               
0     000095a3  _FPU_UNDERFLOW_ISR              
0     000095ad  _SD1_ISR                        
0     000095b7  _SD1DR1_ISR                     
0     000095c1  _SD1DR2_ISR                     
0     000095cb  _SD1DR3_ISR                     
0     000095d5  _SD1DR4_ISR                     
0     000095df  _FSITXA1_ISR                    
0     000095e9  _FSITXA2_ISR                    
0     000095f3  _FSIRXA1_ISR                    
0     000095fd  _FSIRXA2_ISR                    
0     00009607  _CLA1PROMCRC_ISR                
0     00009611  _LINA_0_ISR                     
0     0000961b  _LINA_1_ISR                     
0     00009625  _PMBUSA_ISR                     
0     0000962f  _ADCC_EVT_ISR                   
0     00009639  _ADCC2_ISR                      
0     00009643  _ADCC3_ISR                      
0     0000964d  _ADCC4_ISR                      
0     00009657  _RAM_CORRECTABLE_ERROR_ISR      
0     00009661  _FLASH_CORRECTABLE_ERROR_ISR    
0     0000966b  _RAM_ACCESS_VIOLATION_ISR       
0     00009675  _SYS_PLL_SLIP_ISR               
0     0000967f  _CLA_OVERFLOW_ISR               
0     00009689  _CLA_UNDERFLOW_ISR              
0     00009693  _PIE_RESERVED_ISR               
0     0000969d  _EMPTY_ISR                      
0     000096aa  _NOTUSED_ISR                    
0     0000979e  _SysCtl_getClock                
0     0000980c  _SysCtl_setClock                
0     000098a7  _SysCtl_selectXTAL              
0     000098cb  _SysCtl_selectXTALSingleEnded   
0     000098e5  _SysCtl_selectOscSource         
0     000098f1  _SysCtl_getLowSpeedClock        
0     0000990b  _SysCtl_getDeviceParametric     
0     00009966  _SysCtl_isPLLValid              
0     00009a79  _SCI_setConfig                  
0     00009a9d  _SCI_writeCharArray             
0     00009ad4  _SCI_readCharArray              
0     00009b05  _SCI_enableInterrupt            
0     00009b40  _SCI_disableInterrupt           
0     00009b7b  _SCI_getInterruptStatus         
0     00009bbe  _SCI_clearInterruptStatus       
0     00009c06  _GPIO_setDirectionMode          
0     00009c2d  _GPIO_getDirectionMode          
0     00009c43  _GPIO_setInterruptPin           
0     00009c6e  _GPIO_setPadConfig              
0     00009cb6  _GPIO_getPadConfig              
0     00009cea  _GPIO_setQualificationMode      
0     00009d16  _GPIO_getQualificationMode      
0     00009d37  _GPIO_setQualificationPeriod    
0     00009d59  _GPIO_setMasterCore             
0     00009d85  _GPIO_setAnalogMode             
0     00009dad  _GPIO_setPinConfig              
0     00009e8f  _Interrupt_initModule           
0     00009ecc  _Interrupt_initVectorTable      
0     00009eec  _Interrupt_enable               
0     00009f20  _Interrupt_disable              
0     00009f6b  _SFO                            
0     0000a107  _Device_init                    
0     0000a120  _Device_enableAllPeripherals    
0     0000a1ee  _Device_initGPIO                
0     0000a1fe  ___error__                      
0     0000a205  _ADC_setVREF                    
0     0000a260  _ADC_setPPBTripLimits           
0     0000a292  FS$$DIV                         
0     0000a31a  _c_int00                        
0     0000a370  _wakeISR                        
0     0000a3a5  L$$DIV                          
0     0000a3b4  L$$MOD                          
0     0000a3c2  UL$$DIV                         
0     0000a3c9  UL$$MOD                         
0     0000a3cf  C$$EXIT                         
0     0000a3cf  _abort                          
0     0000a3d1  _exit                           
0     0000a3f8  _InitPieCtrl                    
0     0000a417  _EnableInterrupts               
0     0000a420  _InitPieVectTable               
0     0000a445  _copy_in                        
0     0000a469  _memcpy                         
0     0000a486  __args_main                     
0     0000a49f  _Flash_powerDown                
0     0000a4af  __register_unlock               
0     0000a4b3  __register_lock                 
0     0000a4b7  __nop                           
0     0000a4b8  __system_pre_init               
0     0000a4ba  __system_post_cinit             
0     0000a4bb  ___etext__                      
0     0000a4bb  etext                           
0     0000a4bc  _PieVectTableInit               
0     00013600  _dutyCycle                      
0     00013601  _periodCnt                      
0     00013602  _MEP_ScaleFactor                
0     00013603  _receivedChar                   
0     00013604  _PeriodFine                     
0     00013605  _status                         
0     00013606  _UpdateFine                     
0     00013607  _adcCResult6                    
0     00013608  _adcCResult0                    
0     00013609  _currADC_avg                    
0     0001360a  _dacVal                         
0     0001360b  _guiState                       
0     0001360c  _period                         
0     0001360d  _voltADC_avg                    
0     0001360e  _adcBResult2                    
0     00013610  _thou                           
0     00013612  _tenThou                        
0     00013614  _ten                            
0     00013616  _hun                            
0     00013618  _one                            
0     0001361a  _msg                            
0     0001361c  _endMsg                         
0     0001361e  _volt                           
0     00013620  _impedanceString                
0     00013622  _dac                            
0     00013624  _dutyCycleTrack                 
0     00013626  _dutyString                     
0     00013628  _rawADCcurr                     
0     0001362a  _freq                           
0     0001362c  _currString                     
0     0001362e  _powerString                    
0     00013630  _hrfreq                         
0     00013632  _rawADCvolt                     
0     00013634  _ePWM                           
0     00013640  _powerValues                    
0     000136c0  _currValues                     
0     00013740  _impedanceValues                
0     000137c0  _voltADCValues                  
0     00013840  _currADCValues                  
0     000138c0  _freqValues                     
0     00013940  _voltValues                     
0     000139a9  _SFO_CAL                        
0     000139aa  _MEP_SF                         
0     000139b4  ___TI_enable_exit_profile_output
0     000139b6  ___TI_cleanup_ptr               
0     000139b8  ___TI_dtors_ptr                 
0     000139ba  __lock                          
0     000139bc  __unlock                        
1     00000400  __stack                         
1     00000800  __STACK_END                     
1     00000b00  _AdcaResultRegs                 
1     00000b20  _AdcbResultRegs                 
1     00000b40  _AdccResultRegs                 
1     00000c00  _CpuTimer0Regs                  
1     00000c08  _CpuTimer1Regs                  
1     00000c10  _CpuTimer2Regs                  
1     00000ce0  _PieCtrlRegs                    
1     00000d00  _PieVectTable                   
1     00001000  _DmaRegs                        
1     00001400  _Cla1Regs                       
1     00004000  _EPwm1Regs                      
1     00004100  _EPwm2Regs                      
1     00004200  _EPwm3Regs                      
1     00004300  _EPwm4Regs                      
1     00004400  _EPwm5Regs                      
1     00004500  _EPwm6Regs                      
1     00004600  _EPwm7Regs                      
1     00004700  _EPwm8Regs                      
1     00005100  _EQep1Regs                      
1     00005140  _EQep2Regs                      
1     00005200  _ECap1Regs                      
1     00005240  _ECap2Regs                      
1     00005280  _ECap3Regs                      
1     000052c0  _ECap4Regs                      
1     00005300  _ECap5Regs                      
1     00005340  _ECap6Regs                      
1     00005380  _ECap7Regs                      
1     00005b00  _Pga1Regs                       
1     00005b10  _Pga2Regs                       
1     00005b20  _Pga3Regs                       
1     00005b30  _Pga4Regs                       
1     00005b40  _Pga5Regs                       
1     00005b50  _Pga6Regs                       
1     00005b60  _Pga7Regs                       
1     00005c00  _DacaRegs                       
1     00005c10  _DacbRegs                       
1     00005c80  _Cmpss1Regs                     
1     00005ca0  _Cmpss2Regs                     
1     00005cc0  _Cmpss3Regs                     
1     00005ce0  _Cmpss4Regs                     
1     00005d00  _Cmpss5Regs                     
1     00005d20  _Cmpss6Regs                     
1     00005d40  _Cmpss7Regs                     
1     00005e00  _Sdfm1Regs                      
1     00006100  _SpiaRegs                       
1     00006110  _SpibRegs                       
1     000061c0  _ClaPromCrc0Regs                
1     00006400  _PmbusaRegs                     
1     00006600  _FsiTxaRegs                     
1     00006680  _FsiRxaRegs                     
1     00006a00  _LinaRegs                       
1     00006b00  _LinbRegs                       
1     00007000  _WdRegs                         
1     00007060  _NmiIntruptRegs                 
1     00007070  _XintRegs                       
1     00007200  _SciaRegs                       
1     00007210  _ScibRegs                       
1     00007300  _I2caRegs                       
1     00007400  _AdcaRegs                       
1     00007480  _AdcbRegs                       
1     00007500  _AdccRegs                       
1     00007900  _InputXbarRegs                  
1     00007920  _XbarRegs                       
1     00007940  _SyncSocRegs                    
1     00007980  _DmaClaSrcSelRegs               
1     00007a00  _EPwmXbarRegs                   
1     00007a80  _OutputXbarRegs                 
1     00007c00  _GpioCtrlRegs                   
1     00007f00  _GpioDataRegs                   
1     00048000  _CanaRegs                       
1     0004a000  _CanbRegs                       
1     0005d000  _DevCfgRegs                     
1     0005d200  _ClkCfgRegs                     
1     0005d300  _CpuSysRegs                     
1     0005d500  _SysPeriphAcRegs                
1     0005d700  _AnalogSubsysRegs               
1     0005e700  _Dcc0Regs                       
1     0005e800  _EnhancedDebugGlobalRegs        
1     0005e900  _EnhancedDebugHWBP1Regs         
1     0005e908  _EnhancedDebugHWBP2Regs         
1     0005e910  _EnhancedDebugHWBP3Regs         
1     0005e918  _EnhancedDebugHWBP4Regs         
1     0005e920  _EnhancedDebugHWBP5Regs         
1     0005e928  _EnhancedDebugHWBP6Regs         
1     0005e930  _EnhancedDebugHWBP7Regs         
1     0005e938  _EnhancedDebugHWBP8Regs         
1     0005e980  _EnhancedDebugCounter1Regs      
1     0005e990  _EnhancedDebugCounter2Regs      
1     0005e9a0  _EnhancedDebugCounter3Regs      
1     0005e9b0  _EnhancedDebugCounter4Regs      
1     0005f000  _DcsmBank0Z1Regs                
1     0005f040  _DcsmBank0Z2Regs                
1     0005f070  _DcsmCommonRegs                 
1     0005f100  _DcsmBank1Z1Regs                
1     0005f140  _DcsmBank1Z2Regs                
1     0005f400  _MemCfgRegs                     
1     0005f4c0  _AccessProtectionRegs           
1     0005f500  _MemoryErrorRegs                
1     0005f800  _Flash0CtrlRegs                 
1     0005fb00  _Flash0EccRegs                  
abs   00000400  __STACK_SIZE                    
abs   ffffffff  ___TI_pprof_out_hndl            
abs   ffffffff  ___TI_prof_data_size            
abs   ffffffff  ___TI_prof_data_start           
abs   ffffffff  ___binit__                      
abs   ffffffff  ___c_args__                     
abs   ffffffff  ___pinit__                      
abs   ffffffff  binit                           
abs   ffffffff  pinit                           

[379 symbols]
