******************************************************************************
             TMS320C2000 Linker PC v18.1.3                     
******************************************************************************
>> Linked Sat Apr 20 16:46:36 2019

OUTPUT FILE NAME:   <main_code_final_board.out>
ENTRY POINT SYMBOL: "code_start"  address: 00000000


MEMORY CONFIGURATION

         name            origin    length      used     unused   attr    fill
----------------------  --------  ---------  --------  --------  ----  --------
PAGE 0:
  BEGIN                 00000000   00000002  00000002  00000000  RWIX
  RAMM0                 000000f5   0000030b  00000165  000001a6  RWIX
  RAMLS04               00008000   00002800  000026b5  0000014b  RWIX
  RAMLS05               00010800   00002800  000003ae  00002452  RWIX
  RESET                 003fffc0   00000002  00000000  00000002  RWIX

PAGE 1:
  BOOT_RSVD             00000002   000000f3  00000000  000000f3  RWIX
  RAMM1                 00000400   00000400  00000100  00000300  RWIX
  RAMLS5                0000a800   00000800  00000000  00000800  RWIX
  RAMLS6                0000b000   00000800  00000000  00000800  RWIX
  RAMLS7                0000b800   00000800  00000000  00000800  RWIX
  RAMGS0                0000c000   00002000  00000000  00002000  RWIX
  RAMGS1                0000e000   00002000  00000000  00002000  RWIX
  RAMGS2                00010000   00002000  00000000  00002000  RWIX
  RAMGS3                00012000   00002000  00000000  00002000  RWIX


SECTION ALLOCATION MAP

 output                                  attributes/
section   page    origin      length       input sections
--------  ----  ----------  ----------   ----------------
codestart 
*          0    00000000    00000002     
                  00000000    00000002     f28004x_codestartbranch.obj (codestart)

.TI.ramfunc 
*          0    000000f5    00000136     
                  000000f5    00000044     driverlib.lib : flash.obj (.TI.ramfunc:_Flash_initModule)
                  00000139    00000032                   : flash.obj (.TI.ramfunc:_Flash_setBankPowerMode)
                  0000016b    00000026                   : flash.obj (.TI.ramfunc:_Flash_setWaitstates)
                  00000191    0000001f                   : flash.obj (.TI.ramfunc:_Flash_setPumpPowerMode)
                  000001b0    00000018                   : flash.obj (.TI.ramfunc:_Flash_disableCache)
                  000001c8    00000018                   : flash.obj (.TI.ramfunc:_Flash_disablePrefetch)
                  000001e0    00000018                   : flash.obj (.TI.ramfunc:_Flash_enableCache)
                  000001f8    00000018                   : flash.obj (.TI.ramfunc:_Flash_enablePrefetch)
                  00000210    00000017                   : flash.obj (.TI.ramfunc:_Flash_enableECC)
                  00000227    00000004                   : sysctl.obj (.TI.ramfunc)

.cinit     0    0000022b    0000002f     
                  0000022b    00000015     gui.obj (.cinit)
                  00000240    0000000e     rts2800_fpu32.lib : exit.c.obj (.cinit)
                  0000024e    00000005                       : _lock.c.obj (.cinit:__lock)
                  00000253    00000005                       : _lock.c.obj (.cinit:__unlock)
                  00000258    00000002     --HOLE-- [fill = 0]

.text      0    00008000    00001c00     
                  00008000    000009d7     gui.obj (.text)
                  000089d7    000006c4     main_code_final_board.obj (.text)
                  0000909b    00000162     device.obj (.text)
                  000091fd    000000b3     driverlib.lib : sysctl.obj (.text:_SysCtl_setClock)
                  000092b0    000000a7                   : sysctl.obj (.text:_SysCtl_isPLLValid)
                  00009357    00000088     rts2800_fpu32.lib : fs_div28.asm.obj (.text)
                  000093df    0000006e     driverlib.lib : sysctl.obj (.text:_SysCtl_getClock)
                  0000944d    00000064                   : adc.obj (.text:_ADC_setVREF)
                  000094b1    0000005e                   : sysctl.obj (.text:_DCC_setCounterSeeds)
                  0000950f    00000056                   : sysctl.obj (.text:_SysCtl_selectOscSource)
                  00009565    00000056     rts2800_fpu32.lib : boot28.asm.obj (.text)
                  000095bb    00000054     driverlib.lib : interrupt.obj (.text:_Interrupt_initModule)
                  0000960f    00000052                   : gpio.obj (.text:_GPIO_setPadConfig)
                  00009661    00000046                   : sci.obj (.text:_SCI_clearInterruptStatus)
                  000096a7    00000041                   : sci.obj (.text:_SCI_writeCharArray)
                  000096e8    00000040                   : sci.obj (.text:_SCI_setConfig)
                  00009728    0000003d                   : gpio.obj (.text:_GPIO_setPinConfig)
                  00009765    00000038                   : gpio.obj (.text:_GPIO_setMasterCore)
                  0000979d    00000038                   : gpio.obj (.text:_GPIO_setQualificationMode)
                  000097d5    00000035     main_code_final_board.obj (.text:retain)
                  0000980a    00000033     driverlib.lib : interrupt.obj (.text:_Interrupt_enable)
                  0000983d    00000031                   : gpio.obj (.text:_GPIO_setDirectionMode)
                  0000986e    00000029     rts2800_fpu32.lib : exit.c.obj (.text)
                  00009897    00000025     driverlib.lib : sysctl.obj (.text:_DCC_enableSingleShotMode)
                  000098bc    00000024                   : sysctl.obj (.text:_SysCtl_selectXTAL)
                  000098e0    00000024     rts2800_fpu32.lib : cpy_tbl.c.obj (.text)
                  00009904    00000022     driverlib.lib : sci.obj (.text:_SCI_isFIFOEnabled)
                  00009926    00000022                   : sysctl.obj (.text:_SysCtl_pollX1Counter)
                  00009948    00000022     rts2800_fpu32.lib : i_div28.asm.obj (.text)
                  0000996a    00000020     driverlib.lib : interrupt.obj (.text:_Interrupt_initVectorTable)
                  0000998a    0000001f                   : sysctl.obj (.text:_DCC_setCounter1ClkSource)
                  000099a9    0000001d                   : sysctl.obj (.text:_DCC_setCounter0ClkSource)
                  000099c6    0000001d     rts2800_fpu32.lib : memcpy.c.obj (.text)
                  000099e3    0000001b     driverlib.lib : flash.obj (.text:_Flash_powerDown)
                  000099fe    0000001b                   : sci.obj (.text:_SCI_isSpaceAvailableNonFIFO)
                  00009a19    0000001a                   : adc.obj (.text:_ADC_isBaseValid)
                  00009a33    0000001a                   : sysctl.obj (.text:_SysCtl_getLowSpeedClock)
                  00009a4d    0000001a                   : sysctl.obj (.text:_SysCtl_selectXTALSingleEnded)
                  00009a67    00000019                   : sci.obj (.text:_SCI_disableModule)
                  00009a80    00000019                   : sci.obj (.text:_SCI_performSoftwareReset)
                  00009a99    00000019     rts2800_fpu32.lib : args_main.c.obj (.text)
                  00009ab2    00000017     driverlib.lib : sysctl.obj (.text:_DCC_enableDoneSignal)
                  00009ac9    00000017                   : sysctl.obj (.text:_SysCtl_enablePeripheral)
                  00009ae0    00000016                   : sysctl.obj (.text:_DCC_disableErrorSignal)
                  00009af6    00000016                   : sysctl.obj (.text:_DCC_enableErrorSignal)
                  00009b0c    00000015                   : sci.obj (.text:_SCI_getTxFIFOStatus)
                  00009b21    00000015                   : sci.obj (.text:_SCI_isBaseValid)
                  00009b36    00000014                   : sysctl.obj (.text:_DCC_disableModule)
                  00009b4a    00000014                   : sysctl.obj (.text:_DCC_enableModule)
                  00009b5e    00000014                   : gpio.obj (.text:_GPIO_isPinValid)
                  00009b72    00000014                   : sci.obj (.text:_SCI_enableModule)
                  00009b86    00000010                   : sysctl.obj (.text:_DCC_isBaseValid)
                  00009b96    00000010                   : flash.obj (.text:_Flash_isCtrlBaseValid)
                  00009ba6    00000010                   : flash.obj (.text:_Flash_isECCBaseValid)
                  00009bb6    0000000e                   : interrupt.obj (.text:_Interrupt_defaultHandler)
                  00009bc4    0000000d                   : interrupt.obj (.text:_Interrupt_disableMaster)
                  00009bd1    0000000d                   : interrupt.obj (.text:_Interrupt_enableMaster)
                  00009bde    0000000b                   : sysctl.obj (.text:_SysCtl_isMCDClockFailureDetected)
                  00009be9    00000009     rts2800_fpu32.lib : _lock.c.obj (.text)
                  00009bf2    00000007     driverlib.lib : sysctl.obj (.text:_SysCtl_resetMCD)
                  00009bf9    00000002                   : interrupt.obj (.text:_Interrupt_illegalOperationHandler)
                  00009bfb    00000002                   : interrupt.obj (.text:_Interrupt_nmiHandler)
                  00009bfd    00000002     rts2800_fpu32.lib : pre_init.c.obj (.text)
                  00009bff    00000001                       : startup.c.obj (.text)

.pinit     0    000000f5    00000000     UNINITIALIZED

.reset     0    003fffc0    00000002     DSECT
                  003fffc0    00000002     rts2800_fpu32.lib : boot28.asm.obj (.reset)

.econst    0    00009c00    00000ab5     
                  00009c00    000005a0     gui.obj (.econst:.string)
                  0000a1a0    00000199     main_code_final_board.obj (.econst:.string)
                  0000a339    00000001     --HOLE-- [fill = 0]
                  0000a33a    000000af     driverlib.lib : flash.obj (.econst:.string)
                  0000a3e9    00000001     --HOLE-- [fill = 0]
                  0000a3ea    000000ae                   : sysctl.obj (.econst:.string)
                  0000a498    000000ac                   : gpio.obj (.econst:.string)
                  0000a544    000000ab                   : sci.obj (.econst:.string)
                  0000a5ef    00000001     --HOLE-- [fill = 0]
                  0000a5f0    0000005b                   : interrupt.obj (.econst:.string)
                  0000a64b    00000001     --HOLE-- [fill = 0]
                  0000a64c    00000055                   : adc.obj (.econst:.string)
                  0000a6a1    00000001     --HOLE-- [fill = 0]
                  0000a6a2    00000013     device.obj (.econst:.string)

.ebss      0    00010800    000003ae     UNINITIALIZED
                  00010800    000003a4     gui.obj (.ebss)
                  00010ba4    00000006     rts2800_fpu32.lib : exit.c.obj (.ebss)
                  00010baa    00000002                       : _lock.c.obj (.ebss:__lock)
                  00010bac    00000002                       : _lock.c.obj (.ebss:__unlock)

.stack     1    00000400    00000100     UNINITIALIZED
                  00000400    00000100     --HOLE--

MODULE SUMMARY

       Module                        code   initialized data   uninitialized data
       ------                        ----   ----------------   ------------------
    .\
       gui.obj                       2519   1461               932               
       main_code_final_board.obj     1785   409                0                 
    +--+-----------------------------+------+------------------+--------------------+
       Total:                        4304   1870               932               
                                                                                 
    .\device\
       device.obj                    354    19                 0                 
       f28004x_codestartbranch.obj   2      0                  0                 
    +--+-----------------------------+------+------------------+--------------------+
       Total:                        356    19                 0                 
                                                                                 
    ../driverlib.lib
       sysctl.obj                    1023   174                0                 
       sci.obj                       372    171                0                 
       flash.obj                     365    175                0                 
       gpio.obj                      324    172                0                 
       interrupt.obj                 211    91                 0                 
       adc.obj                       126    85                 0                 
    +--+-----------------------------+------+------------------+--------------------+
       Total:                        2421   868                0                 
                                                                                 
    C:\ti\ccsv8\tools\compiler\ti-cgt-c2000_18.1.3.LTS\lib\rts2800_fpu32.lib
       fs_div28.asm.obj              136    0                  0                 
       boot28.asm.obj                86     0                  0                 
       exit.c.obj                    41     14                 6                 
       cpy_tbl.c.obj                 36     0                  0                 
       i_div28.asm.obj               34     0                  0                 
       memcpy.c.obj                  29     0                  0                 
       args_main.c.obj               25     0                  0                 
       _lock.c.obj                   9      10                 4                 
       pre_init.c.obj                2      0                  0                 
       startup.c.obj                 1      0                  0                 
    +--+-----------------------------+------+------------------+--------------------+
       Total:                        399    24                 10                
                                                                                 
       Stack:                        0      0                  256               
    +--+-----------------------------+------+------------------+--------------------+
       Grand Total:                  7480   2781               1198              


GLOBAL DATA SYMBOLS: SORTED BY DATA PAGE

address     data page           name
--------    ----------------    ----
00000400      10 (00000400)     __stack

00010800     420 (00010800)     _currADC_avg
00010801     420 (00010800)     _receivedChar
00010802     420 (00010800)     _periodCnt
00010803     420 (00010800)     _adcBResult2
00010804     420 (00010800)     _guiState
00010805     420 (00010800)     _adcCResult6
00010806     420 (00010800)     _adcCResult0
00010807     420 (00010800)     _dutyCycle
00010808     420 (00010800)     _voltADC_avg
00010809     420 (00010800)     _period
0001080a     420 (00010800)     _dacVal
0001080c     420 (00010800)     _rawADCvolt
0001080e     420 (00010800)     _rawADCcurr
00010810     420 (00010800)     _volt
00010812     420 (00010800)     _curr
00010814     420 (00010800)     _msg
00010816     420 (00010800)     _dutyCycleTrack
00010818     420 (00010800)     _freq
0001081a     420 (00010800)     _power
0001081c     420 (00010800)     _impedance

00010840     421 (00010840)     _voltValues

000108c0     423 (000108c0)     _currValues

00010940     425 (00010940)     _currADCValues

000109c0     427 (000109c0)     _impedanceValues

00010a40     429 (00010a40)     _freqValues

00010ac0     42b (00010ac0)     _voltADCValues

00010b40     42d (00010b40)     _powerValues

00010ba4     42e (00010b80)     ___TI_enable_exit_profile_output
00010ba6     42e (00010b80)     ___TI_cleanup_ptr
00010ba8     42e (00010b80)     ___TI_dtors_ptr
00010baa     42e (00010b80)     __lock
00010bac     42e (00010b80)     __unlock


GLOBAL SYMBOLS: SORTED ALPHABETICALLY BY Name 

page  address   name                            
----  -------   ----                            
0     00008000  .text                           
0     0000986e  C$$EXIT                         
0     00009357  FS$$DIV                         
0     00009948  I$$DIV                          
0     00009959  I$$MOD                          
0     0000944d  _ADC_setVREF                    
0     00009118  _Device_enableAllPeripherals    
0     000090dd  _Device_init                    
0     000091e6  _Device_initGPIO                
0     000000f5  _Flash_initModule               
0     000099e3  _Flash_powerDown                
0     0000983d  _GPIO_setDirectionMode          
0     00009765  _GPIO_setMasterCore             
0     0000960f  _GPIO_setPadConfig              
0     00009728  _GPIO_setPinConfig              
0     0000979d  _GPIO_setQualificationMode      
0     0000980a  _Interrupt_enable               
0     000095bb  _Interrupt_initModule           
0     0000996a  _Interrupt_initVectorTable      
0     00009661  _SCI_clearInterruptStatus       
0     000096e8  _SCI_setConfig                  
0     000096a7  _SCI_writeCharArray             
0     00000227  _SysCtl_delay                   
0     000093df  _SysCtl_getClock                
0     00009a33  _SysCtl_getLowSpeedClock        
0     000092b0  _SysCtl_isPLLValid              
0     0000950f  _SysCtl_selectOscSource         
0     000098bc  _SysCtl_selectXTAL              
0     00009a4d  _SysCtl_selectXTALSingleEnded   
0     000091fd  _SysCtl_setClock                
1     00000500  __STACK_END                     
abs   00000100  __STACK_SIZE                    
0     00010ba6  ___TI_cleanup_ptr               
0     00010ba8  ___TI_dtors_ptr                 
0     00010ba4  ___TI_enable_exit_profile_output
abs   ffffffff  ___TI_pprof_out_hndl            
abs   ffffffff  ___TI_prof_data_size            
abs   ffffffff  ___TI_prof_data_start           
abs   ffffffff  ___binit__                      
abs   ffffffff  ___c_args__                     
0     0000022b  ___cinit__                      
0     000091f6  ___error__                      
0     00009c00  ___etext__                      
abs   ffffffff  ___pinit__                      
0     00008000  ___text__                       
0     00009a99  __args_main                     
0     00010baa  __lock                          
0     00009bf1  __nop                           
0     00009bed  __register_lock                 
0     00009be9  __register_unlock               
1     00000400  __stack                         
0     00009bff  __system_post_cinit             
0     00009bfd  __system_pre_init               
0     00010bac  __unlock                        
0     0000986e  _abort                          
0     00010803  _adcBResult2                    
0     00010806  _adcCResult0                    
0     00010805  _adcCResult6                    
0     00008784  _avg_ADC_curr                   
0     000087ab  _avg_ADC_volt                   
0     00009565  _c_int00                        
0     00009084  _configureDAC                   
0     000098e0  _copy_in                        
0     00010812  _curr                           
0     00010940  _currADCValues                  
0     00010800  _currADC_avg                    
0     000108c0  _currValues                     
0     0001080a  _dacVal                         
0     0000881c  _drawSonic                      
0     00010807  _dutyCycle                      
0     00010816  _dutyCycleTrack                 
0     00009870  _exit                           
0     00010818  _freq                           
0     00010a40  _freqValues                     
0     00010804  _guiState                       
0     0001081c  _impedance                      
0     000109c0  _impedanceValues                
0     0000903b  _initADCSOCs                    
0     00009005  _initADCs                       
0     00008fad  _initEPWM3                      
0     00008f43  _initEPWM8                      
0     00008e00  _main                           
0     000099c6  _memcpy                         
0     00010814  _msg                            
0     000088e8  _my_itoa                        
0     00010809  _period                         
0     00010802  _periodCnt                      
0     0001081a  _power                          
0     00010b40  _powerValues                    
0     0001080e  _rawADCcurr                     
0     0001080c  _rawADCvolt                     
0     000087d2  _read_ADC                       
0     00010801  _receivedChar                   
0     000083ee  _run_dac_menu                   
0     000082a0  _run_duty_cycle_menu            
0     00008452  _run_freq_sweep_menu            
0     00008352  _run_frequency_menu             
0     000081f9  _run_gui                        
0     00008228  _run_main_menu                  
0     00010810  _volt                           
0     00010ac0  _voltADCValues                  
0     00010808  _voltADC_avg                    
0     00010840  _voltValues                     
0     000097d5  _wakeISR                        
abs   ffffffff  binit                           
0     0000022b  cinit                           
0     00000000  code_start                      
0     00009c00  etext                           
abs   ffffffff  pinit                           


GLOBAL SYMBOLS: SORTED BY Symbol Address 

page  address   name                            
----  -------   ----                            
0     00000000  code_start                      
0     000000f5  _Flash_initModule               
0     00000227  _SysCtl_delay                   
0     0000022b  ___cinit__                      
0     0000022b  cinit                           
0     00008000  .text                           
0     00008000  ___text__                       
0     000081f9  _run_gui                        
0     00008228  _run_main_menu                  
0     000082a0  _run_duty_cycle_menu            
0     00008352  _run_frequency_menu             
0     000083ee  _run_dac_menu                   
0     00008452  _run_freq_sweep_menu            
0     00008784  _avg_ADC_curr                   
0     000087ab  _avg_ADC_volt                   
0     000087d2  _read_ADC                       
0     0000881c  _drawSonic                      
0     000088e8  _my_itoa                        
0     00008e00  _main                           
0     00008f43  _initEPWM8                      
0     00008fad  _initEPWM3                      
0     00009005  _initADCs                       
0     0000903b  _initADCSOCs                    
0     00009084  _configureDAC                   
0     000090dd  _Device_init                    
0     00009118  _Device_enableAllPeripherals    
0     000091e6  _Device_initGPIO                
0     000091f6  ___error__                      
0     000091fd  _SysCtl_setClock                
0     000092b0  _SysCtl_isPLLValid              
0     00009357  FS$$DIV                         
0     000093df  _SysCtl_getClock                
0     0000944d  _ADC_setVREF                    
0     0000950f  _SysCtl_selectOscSource         
0     00009565  _c_int00                        
0     000095bb  _Interrupt_initModule           
0     0000960f  _GPIO_setPadConfig              
0     00009661  _SCI_clearInterruptStatus       
0     000096a7  _SCI_writeCharArray             
0     000096e8  _SCI_setConfig                  
0     00009728  _GPIO_setPinConfig              
0     00009765  _GPIO_setMasterCore             
0     0000979d  _GPIO_setQualificationMode      
0     000097d5  _wakeISR                        
0     0000980a  _Interrupt_enable               
0     0000983d  _GPIO_setDirectionMode          
0     0000986e  C$$EXIT                         
0     0000986e  _abort                          
0     00009870  _exit                           
0     000098bc  _SysCtl_selectXTAL              
0     000098e0  _copy_in                        
0     00009948  I$$DIV                          
0     00009959  I$$MOD                          
0     0000996a  _Interrupt_initVectorTable      
0     000099c6  _memcpy                         
0     000099e3  _Flash_powerDown                
0     00009a33  _SysCtl_getLowSpeedClock        
0     00009a4d  _SysCtl_selectXTALSingleEnded   
0     00009a99  __args_main                     
0     00009be9  __register_unlock               
0     00009bed  __register_lock                 
0     00009bf1  __nop                           
0     00009bfd  __system_pre_init               
0     00009bff  __system_post_cinit             
0     00009c00  ___etext__                      
0     00009c00  etext                           
0     00010800  _currADC_avg                    
0     00010801  _receivedChar                   
0     00010802  _periodCnt                      
0     00010803  _adcBResult2                    
0     00010804  _guiState                       
0     00010805  _adcCResult6                    
0     00010806  _adcCResult0                    
0     00010807  _dutyCycle                      
0     00010808  _voltADC_avg                    
0     00010809  _period                         
0     0001080a  _dacVal                         
0     0001080c  _rawADCvolt                     
0     0001080e  _rawADCcurr                     
0     00010810  _volt                           
0     00010812  _curr                           
0     00010814  _msg                            
0     00010816  _dutyCycleTrack                 
0     00010818  _freq                           
0     0001081a  _power                          
0     0001081c  _impedance                      
0     00010840  _voltValues                     
0     000108c0  _currValues                     
0     00010940  _currADCValues                  
0     000109c0  _impedanceValues                
0     00010a40  _freqValues                     
0     00010ac0  _voltADCValues                  
0     00010b40  _powerValues                    
0     00010ba4  ___TI_enable_exit_profile_output
0     00010ba6  ___TI_cleanup_ptr               
0     00010ba8  ___TI_dtors_ptr                 
0     00010baa  __lock                          
0     00010bac  __unlock                        
1     00000400  __stack                         
1     00000500  __STACK_END                     
abs   00000100  __STACK_SIZE                    
abs   ffffffff  ___TI_pprof_out_hndl            
abs   ffffffff  ___TI_prof_data_size            
abs   ffffffff  ___TI_prof_data_start           
abs   ffffffff  ___binit__                      
abs   ffffffff  ___c_args__                     
abs   ffffffff  ___pinit__                      
abs   ffffffff  binit                           
abs   ffffffff  pinit                           

[109 symbols]
