******************************************************************************
             TMS320C2000 Linker PC v18.1.3                     
******************************************************************************
>> Linked Thu Apr 25 15:54:44 2019

OUTPUT FILE NAME:   <main_code_final_board_python_gui.out>
ENTRY POINT SYMBOL: "code_start"  address: 00000000


MEMORY CONFIGURATION

         name            origin    length      used     unused   attr    fill
----------------------  --------  ---------  --------  --------  ----  --------
PAGE 0:
  BEGIN                 00000000   00000002  00000002  00000000  RWIX
  RAMM0                 000000f5   0000030b  00000165  000001a6  RWIX
  RAMLS04               00008000   00002800  00002477  00000389  RWIX
  RAMLS05               00010800   00002800  000003ae  00002452  RWIX
  RESET                 003fffc0   00000002  00000000  00000002  RWIX

PAGE 1:
  BOOT_RSVD             00000002   000000f3  00000000  000000f3  RWIX
  RAMM1                 00000400   00000400  00000100  00000300  RWIX
  RAMLS5                0000a800   00000800  00000000  00000800  RWIX
  RAMLS6                0000b000   00000800  00000000  00000800  RWIX
  RAMLS7                0000b800   00000800  00000000  00000800  RWIX
  RAMGS0                0000c000   00002000  00000000  00002000  RWIX
  RAMGS1                0000e000   00002000  00000000  00002000  RWIX
  RAMGS2                00010000   00002000  00000000  00002000  RWIX
  RAMGS3                00012000   00002000  00000000  00002000  RWIX


SECTION ALLOCATION MAP

 output                                  attributes/
section   page    origin      length       input sections
--------  ----  ----------  ----------   ----------------
codestart 
*          0    00000000    00000002     
                  00000000    00000002     f28004x_codestartbranch.obj (codestart)

.TI.ramfunc 
*          0    000000f5    00000136     
                  000000f5    00000044     driverlib.lib : flash.obj (.TI.ramfunc:_Flash_initModule)
                  00000139    00000032                   : flash.obj (.TI.ramfunc:_Flash_setBankPowerMode)
                  0000016b    00000026                   : flash.obj (.TI.ramfunc:_Flash_setWaitstates)
                  00000191    0000001f                   : flash.obj (.TI.ramfunc:_Flash_setPumpPowerMode)
                  000001b0    00000018                   : flash.obj (.TI.ramfunc:_Flash_disableCache)
                  000001c8    00000018                   : flash.obj (.TI.ramfunc:_Flash_disablePrefetch)
                  000001e0    00000018                   : flash.obj (.TI.ramfunc:_Flash_enableCache)
                  000001f8    00000018                   : flash.obj (.TI.ramfunc:_Flash_enablePrefetch)
                  00000210    00000017                   : flash.obj (.TI.ramfunc:_Flash_enableECC)
                  00000227    00000004                   : sysctl.obj (.TI.ramfunc)

.cinit     0    0000022b    0000002f     
                  0000022b    00000015     gui.obj (.cinit)
                  00000240    0000000e     rts2800_fpu32.lib : exit.c.obj (.cinit)
                  0000024e    00000005                       : _lock.c.obj (.cinit:__lock)
                  00000253    00000005                       : _lock.c.obj (.cinit:__unlock)
                  00000258    00000002     --HOLE-- [fill = 0]

.text      0    00008000    00001c80     
                  00008000    00000af5     gui.obj (.text)
                  00008af5    000006f2     main_code_final_board_python_gui.obj (.text)
                  000091e7    00000140     device.obj (.text)
                  00009327    000000b3     driverlib.lib : sysctl.obj (.text:_SysCtl_setClock)
                  000093da    000000a7                   : sysctl.obj (.text:_SysCtl_isPLLValid)
                  00009481    00000088     rts2800_fpu32.lib : fs_div28.asm.obj (.text)
                  00009509    00000064     driverlib.lib : adc.obj (.text:_ADC_setVREF)
                  0000956d    0000005e                   : sysctl.obj (.text:_DCC_setCounterSeeds)
                  000095cb    00000056                   : sysctl.obj (.text:_SysCtl_selectOscSource)
                  00009621    00000056     rts2800_fpu32.lib : boot28.asm.obj (.text)
                  00009677    00000054     driverlib.lib : interrupt.obj (.text:_Interrupt_initModule)
                  000096cb    00000052                   : gpio.obj (.text:_GPIO_setPadConfig)
                  0000971d    00000046                   : sci.obj (.text:_SCI_clearInterruptStatus)
                  00009763    00000041                   : sci.obj (.text:_SCI_writeCharArray)
                  000097a4    00000040                   : sci.obj (.text:_SCI_setConfig)
                  000097e4    0000003d                   : gpio.obj (.text:_GPIO_setPinConfig)
                  00009821    00000038                   : gpio.obj (.text:_GPIO_setMasterCore)
                  00009859    00000038                   : gpio.obj (.text:_GPIO_setQualificationMode)
                  00009891    00000035     main_code_final_board_python_gui.obj (.text:retain)
                  000098c6    00000033     driverlib.lib : interrupt.obj (.text:_Interrupt_enable)
                  000098f9    00000031                   : gpio.obj (.text:_GPIO_setDirectionMode)
                  0000992a    00000029     rts2800_fpu32.lib : exit.c.obj (.text)
                  00009953    00000025     driverlib.lib : sysctl.obj (.text:_DCC_enableSingleShotMode)
                  00009978    00000024                   : sysctl.obj (.text:_SysCtl_selectXTAL)
                  0000999c    00000024     rts2800_fpu32.lib : cpy_tbl.c.obj (.text)
                  000099c0    00000022     driverlib.lib : sci.obj (.text:_SCI_isFIFOEnabled)
                  000099e2    00000022                   : sysctl.obj (.text:_SysCtl_pollX1Counter)
                  00009a04    00000020                   : interrupt.obj (.text:_Interrupt_initVectorTable)
                  00009a24    0000001f                   : sysctl.obj (.text:_DCC_setCounter1ClkSource)
                  00009a43    0000001d                   : sysctl.obj (.text:_DCC_setCounter0ClkSource)
                  00009a60    0000001d     rts2800_fpu32.lib : memcpy.c.obj (.text)
                  00009a7d    0000001b     driverlib.lib : flash.obj (.text:_Flash_powerDown)
                  00009a98    0000001b                   : sci.obj (.text:_SCI_isSpaceAvailableNonFIFO)
                  00009ab3    0000001a                   : adc.obj (.text:_ADC_isBaseValid)
                  00009acd    0000001a                   : sysctl.obj (.text:_SysCtl_selectXTALSingleEnded)
                  00009ae7    00000019                   : sci.obj (.text:_SCI_disableModule)
                  00009b00    00000019                   : sci.obj (.text:_SCI_performSoftwareReset)
                  00009b19    00000019     rts2800_fpu32.lib : args_main.c.obj (.text)
                  00009b32    00000017     driverlib.lib : sysctl.obj (.text:_DCC_enableDoneSignal)
                  00009b49    00000017                   : sysctl.obj (.text:_SysCtl_enablePeripheral)
                  00009b60    00000016                   : sysctl.obj (.text:_DCC_disableErrorSignal)
                  00009b76    00000016                   : sysctl.obj (.text:_DCC_enableErrorSignal)
                  00009b8c    00000015                   : sci.obj (.text:_SCI_getTxFIFOStatus)
                  00009ba1    00000015                   : sci.obj (.text:_SCI_isBaseValid)
                  00009bb6    00000014                   : sysctl.obj (.text:_DCC_disableModule)
                  00009bca    00000014                   : sysctl.obj (.text:_DCC_enableModule)
                  00009bde    00000014                   : gpio.obj (.text:_GPIO_isPinValid)
                  00009bf2    00000014                   : sci.obj (.text:_SCI_enableModule)
                  00009c06    00000010                   : sysctl.obj (.text:_DCC_isBaseValid)
                  00009c16    00000010                   : flash.obj (.text:_Flash_isCtrlBaseValid)
                  00009c26    00000010                   : flash.obj (.text:_Flash_isECCBaseValid)
                  00009c36    0000000e                   : interrupt.obj (.text:_Interrupt_defaultHandler)
                  00009c44    0000000d                   : interrupt.obj (.text:_Interrupt_disableMaster)
                  00009c51    0000000d                   : interrupt.obj (.text:_Interrupt_enableMaster)
                  00009c5e    0000000b                   : sysctl.obj (.text:_SysCtl_isMCDClockFailureDetected)
                  00009c69    00000009     rts2800_fpu32.lib : _lock.c.obj (.text)
                  00009c72    00000007     driverlib.lib : sysctl.obj (.text:_SysCtl_resetMCD)
                  00009c79    00000002                   : interrupt.obj (.text:_Interrupt_illegalOperationHandler)
                  00009c7b    00000002                   : interrupt.obj (.text:_Interrupt_nmiHandler)
                  00009c7d    00000002     rts2800_fpu32.lib : pre_init.c.obj (.text)
                  00009c7f    00000001                       : startup.c.obj (.text)

.pinit     0    000000f5    00000000     UNINITIALIZED

.reset     0    003fffc0    00000002     DSECT
                  003fffc0    00000002     rts2800_fpu32.lib : boot28.asm.obj (.reset)

.econst    0    00009c80    000007f7     
                  00009c80    000002f6     gui.obj (.econst:.string)
                  00009f76    00000199     main_code_final_board_python_gui.obj (.econst:.string)
                  0000a10f    00000001     --HOLE-- [fill = 0]
                  0000a110    000000af     driverlib.lib : flash.obj (.econst:.string)
                  0000a1bf    00000001     --HOLE-- [fill = 0]
                  0000a1c0    000000ae                   : sysctl.obj (.econst:.string)
                  0000a26e    000000ac                   : gpio.obj (.econst:.string)
                  0000a31a    000000ab                   : sci.obj (.econst:.string)
                  0000a3c5    00000001     --HOLE-- [fill = 0]
                  0000a3c6    0000005b                   : interrupt.obj (.econst:.string)
                  0000a421    00000001     --HOLE-- [fill = 0]
                  0000a422    00000055                   : adc.obj (.econst:.string)

.ebss      0    00010800    000003ae     UNINITIALIZED
                  00010800    000003a4     gui.obj (.ebss)
                  00010ba4    00000006     rts2800_fpu32.lib : exit.c.obj (.ebss)
                  00010baa    00000002                       : _lock.c.obj (.ebss:__lock)
                  00010bac    00000002                       : _lock.c.obj (.ebss:__unlock)

.stack     1    00000400    00000100     UNINITIALIZED
                  00000400    00000100     --HOLE--

MODULE SUMMARY

       Module                                 code   initialized data   uninitialized data
       ------                                 ----   ----------------   ------------------
    .\
       gui.obj                                2805   779                932               
       main_code_final_board_python_gui.obj   1831   409                0                 
    +--+--------------------------------------+------+------------------+--------------------+
       Total:                                 4636   1188               932               
                                                                                          
    .\device\
       device.obj                             320    0                  0                 
       f28004x_codestartbranch.obj            2      0                  0                 
    +--+--------------------------------------+------+------------------+--------------------+
       Total:                                 322    0                  0                 
                                                                                          
    ../driverlib.lib
       sysctl.obj                             887    174                0                 
       sci.obj                                372    171                0                 
       flash.obj                              365    175                0                 
       gpio.obj                               324    172                0                 
       interrupt.obj                          211    91                 0                 
       adc.obj                                126    85                 0                 
    +--+--------------------------------------+------+------------------+--------------------+
       Total:                                 2285   868                0                 
                                                                                          
    C:\ti\ccsv8\tools\compiler\ti-cgt-c2000_18.1.3.LTS\lib\rts2800_fpu32.lib
       fs_div28.asm.obj                       136    0                  0                 
       boot28.asm.obj                         86     0                  0                 
       exit.c.obj                             41     14                 6                 
       cpy_tbl.c.obj                          36     0                  0                 
       memcpy.c.obj                           29     0                  0                 
       args_main.c.obj                        25     0                  0                 
       _lock.c.obj                            9      10                 4                 
       pre_init.c.obj                         2      0                  0                 
       startup.c.obj                          1      0                  0                 
    +--+--------------------------------------+------+------------------+--------------------+
       Total:                                 365    24                 10                
                                                                                          
       Stack:                                 0      0                  256               
    +--+--------------------------------------+------+------------------+--------------------+
       Grand Total:                           7608   2080               1198              


GLOBAL DATA SYMBOLS: SORTED BY DATA PAGE

address     data page           name
--------    ----------------    ----
00000400      10 (00000400)     __stack

00010800     420 (00010800)     _periodCnt
00010801     420 (00010800)     _voltADC_avg
00010802     420 (00010800)     _adcCResult0
00010803     420 (00010800)     _adcCResult6
00010804     420 (00010800)     _dacVal
00010805     420 (00010800)     _adcBResult2
00010806     420 (00010800)     _guiState
00010807     420 (00010800)     _receivedChar
00010808     420 (00010800)     _currADC_avg
00010809     420 (00010800)     _period
0001080a     420 (00010800)     _dutyCycle
0001080c     420 (00010800)     _currString
0001080e     420 (00010800)     _rawADCvolt
00010810     420 (00010800)     _volt
00010812     420 (00010800)     _powerString
00010814     420 (00010800)     _dac
00010816     420 (00010800)     _impedanceString
00010818     420 (00010800)     _msg
0001081a     420 (00010800)     _dutyCycleTrack
0001081c     420 (00010800)     _endMsg
0001081e     420 (00010800)     _dutyString
00010820     420 (00010800)     _freq
00010822     420 (00010800)     _rawADCcurr

00010840     421 (00010840)     _voltValues

000108c0     423 (000108c0)     _currValues

00010940     425 (00010940)     _currADCValues

000109c0     427 (000109c0)     _impedanceValues

00010a40     429 (00010a40)     _freqValues

00010ac0     42b (00010ac0)     _voltADCValues

00010b40     42d (00010b40)     _powerValues

00010ba4     42e (00010b80)     ___TI_enable_exit_profile_output
00010ba6     42e (00010b80)     ___TI_cleanup_ptr
00010ba8     42e (00010b80)     ___TI_dtors_ptr
00010baa     42e (00010b80)     __lock
00010bac     42e (00010b80)     __unlock


GLOBAL SYMBOLS: SORTED ALPHABETICALLY BY Name 

page  address   name                            
----  -------   ----                            
0     00008000  .text                           
0     0000992a  C$$EXIT                         
0     00009481  FS$$DIV                         
0     00009509  _ADC_setVREF                    
0     00009242  _Device_enableAllPeripherals    
0     00009229  _Device_init                    
0     00009310  _Device_initGPIO                
0     000000f5  _Flash_initModule               
0     00009a7d  _Flash_powerDown                
0     000098f9  _GPIO_setDirectionMode          
0     00009821  _GPIO_setMasterCore             
0     000096cb  _GPIO_setPadConfig              
0     000097e4  _GPIO_setPinConfig              
0     00009859  _GPIO_setQualificationMode      
0     000098c6  _Interrupt_enable               
0     00009677  _Interrupt_initModule           
0     00009a04  _Interrupt_initVectorTable      
0     0000971d  _SCI_clearInterruptStatus       
0     000097a4  _SCI_setConfig                  
0     00009763  _SCI_writeCharArray             
0     00000227  _SysCtl_delay                   
0     000093da  _SysCtl_isPLLValid              
0     000095cb  _SysCtl_selectOscSource         
0     00009978  _SysCtl_selectXTAL              
0     00009acd  _SysCtl_selectXTALSingleEnded   
0     00009327  _SysCtl_setClock                
1     00000500  __STACK_END                     
abs   00000100  __STACK_SIZE                    
0     00010ba6  ___TI_cleanup_ptr               
0     00010ba8  ___TI_dtors_ptr                 
0     00010ba4  ___TI_enable_exit_profile_output
abs   ffffffff  ___TI_pprof_out_hndl            
abs   ffffffff  ___TI_prof_data_size            
abs   ffffffff  ___TI_prof_data_start           
abs   ffffffff  ___binit__                      
abs   ffffffff  ___c_args__                     
0     0000022b  ___cinit__                      
0     00009320  ___error__                      
0     00009c80  ___etext__                      
abs   ffffffff  ___pinit__                      
0     00008000  ___text__                       
0     00009b19  __args_main                     
0     00010baa  __lock                          
0     00009c71  __nop                           
0     00009c6d  __register_lock                 
0     00009c69  __register_unlock               
1     00000400  __stack                         
0     00009c7f  __system_post_cinit             
0     00009c7d  __system_pre_init               
0     00010bac  __unlock                        
0     0000992a  _abort                          
0     00010805  _adcBResult2                    
0     00010802  _adcCResult0                    
0     00010803  _adcCResult6                    
0     000088a2  _avg_ADC_curr                   
0     000088c9  _avg_ADC_volt                   
0     00009621  _c_int00                        
0     000091bf  _configureDAC                   
0     0000999c  _copy_in                        
0     00010940  _currADCValues                  
0     00010808  _currADC_avg                    
0     0001080c  _currString                     
0     000108c0  _currValues                     
0     00010814  _dac                            
0     00010804  _dacVal                         
0     0000893a  _drawSonic                      
0     0001080a  _dutyCycle                      
0     0001081a  _dutyCycleTrack                 
0     0001081e  _dutyString                     
0     0001081c  _endMsg                         
0     0000992c  _exit                           
0     00010820  _freq                           
0     00010a40  _freqValues                     
0     00010806  _guiState                       
0     00010816  _impedanceString                
0     000109c0  _impedanceValues                
0     00009176  _initADCSOCs                    
0     00009140  _initADCs                       
0     000090e8  _initEPWM3                      
0     0000907e  _initEPWM8                      
0     00008f1e  _main                           
0     00009a60  _memcpy                         
0     00010818  _msg                            
0     00008a06  _my_itoa                        
0     00010809  _period                         
0     00010800  _periodCnt                      
0     00008826  _powerAtPeriod                  
0     00010812  _powerString                    
0     000086ef  _powerTrackAndSend              
0     00010b40  _powerValues                    
0     00010822  _rawADCcurr                     
0     0001080e  _rawADCvolt                     
0     0000857f  _readAndSendADC                 
0     000088f0  _read_ADC                       
0     00010807  _receivedChar                   
0     0000834b  _run_dac_menu                   
0     0000821f  _run_duty_cycle_menu            
0     000083a5  _run_freq_sweep_menu            
0     000082c2  _run_frequency_menu             
0     000081e8  _run_gui                        
0     00008697  _sendSettingsVals               
0     00008879  _updatePeriod                   
0     00010810  _volt                           
0     00010ac0  _voltADCValues                  
0     00010801  _voltADC_avg                    
0     00010840  _voltValues                     
0     00009891  _wakeISR                        
abs   ffffffff  binit                           
0     0000022b  cinit                           
0     00000000  code_start                      
0     00009c80  etext                           
abs   ffffffff  pinit                           


GLOBAL SYMBOLS: SORTED BY Symbol Address 

page  address   name                            
----  -------   ----                            
0     00000000  code_start                      
0     000000f5  _Flash_initModule               
0     00000227  _SysCtl_delay                   
0     0000022b  ___cinit__                      
0     0000022b  cinit                           
0     00008000  .text                           
0     00008000  ___text__                       
0     000081e8  _run_gui                        
0     0000821f  _run_duty_cycle_menu            
0     000082c2  _run_frequency_menu             
0     0000834b  _run_dac_menu                   
0     000083a5  _run_freq_sweep_menu            
0     0000857f  _readAndSendADC                 
0     00008697  _sendSettingsVals               
0     000086ef  _powerTrackAndSend              
0     00008826  _powerAtPeriod                  
0     00008879  _updatePeriod                   
0     000088a2  _avg_ADC_curr                   
0     000088c9  _avg_ADC_volt                   
0     000088f0  _read_ADC                       
0     0000893a  _drawSonic                      
0     00008a06  _my_itoa                        
0     00008f1e  _main                           
0     0000907e  _initEPWM8                      
0     000090e8  _initEPWM3                      
0     00009140  _initADCs                       
0     00009176  _initADCSOCs                    
0     000091bf  _configureDAC                   
0     00009229  _Device_init                    
0     00009242  _Device_enableAllPeripherals    
0     00009310  _Device_initGPIO                
0     00009320  ___error__                      
0     00009327  _SysCtl_setClock                
0     000093da  _SysCtl_isPLLValid              
0     00009481  FS$$DIV                         
0     00009509  _ADC_setVREF                    
0     000095cb  _SysCtl_selectOscSource         
0     00009621  _c_int00                        
0     00009677  _Interrupt_initModule           
0     000096cb  _GPIO_setPadConfig              
0     0000971d  _SCI_clearInterruptStatus       
0     00009763  _SCI_writeCharArray             
0     000097a4  _SCI_setConfig                  
0     000097e4  _GPIO_setPinConfig              
0     00009821  _GPIO_setMasterCore             
0     00009859  _GPIO_setQualificationMode      
0     00009891  _wakeISR                        
0     000098c6  _Interrupt_enable               
0     000098f9  _GPIO_setDirectionMode          
0     0000992a  C$$EXIT                         
0     0000992a  _abort                          
0     0000992c  _exit                           
0     00009978  _SysCtl_selectXTAL              
0     0000999c  _copy_in                        
0     00009a04  _Interrupt_initVectorTable      
0     00009a60  _memcpy                         
0     00009a7d  _Flash_powerDown                
0     00009acd  _SysCtl_selectXTALSingleEnded   
0     00009b19  __args_main                     
0     00009c69  __register_unlock               
0     00009c6d  __register_lock                 
0     00009c71  __nop                           
0     00009c7d  __system_pre_init               
0     00009c7f  __system_post_cinit             
0     00009c80  ___etext__                      
0     00009c80  etext                           
0     00010800  _periodCnt                      
0     00010801  _voltADC_avg                    
0     00010802  _adcCResult0                    
0     00010803  _adcCResult6                    
0     00010804  _dacVal                         
0     00010805  _adcBResult2                    
0     00010806  _guiState                       
0     00010807  _receivedChar                   
0     00010808  _currADC_avg                    
0     00010809  _period                         
0     0001080a  _dutyCycle                      
0     0001080c  _currString                     
0     0001080e  _rawADCvolt                     
0     00010810  _volt                           
0     00010812  _powerString                    
0     00010814  _dac                            
0     00010816  _impedanceString                
0     00010818  _msg                            
0     0001081a  _dutyCycleTrack                 
0     0001081c  _endMsg                         
0     0001081e  _dutyString                     
0     00010820  _freq                           
0     00010822  _rawADCcurr                     
0     00010840  _voltValues                     
0     000108c0  _currValues                     
0     00010940  _currADCValues                  
0     000109c0  _impedanceValues                
0     00010a40  _freqValues                     
0     00010ac0  _voltADCValues                  
0     00010b40  _powerValues                    
0     00010ba4  ___TI_enable_exit_profile_output
0     00010ba6  ___TI_cleanup_ptr               
0     00010ba8  ___TI_dtors_ptr                 
0     00010baa  __lock                          
0     00010bac  __unlock                        
1     00000400  __stack                         
1     00000500  __STACK_END                     
abs   00000100  __STACK_SIZE                    
abs   ffffffff  ___TI_pprof_out_hndl            
abs   ffffffff  ___TI_prof_data_size            
abs   ffffffff  ___TI_prof_data_start           
abs   ffffffff  ___binit__                      
abs   ffffffff  ___c_args__                     
abs   ffffffff  ___pinit__                      
abs   ffffffff  binit                           
abs   ffffffff  pinit                           

[112 symbols]
