******************************************************************************
             TMS320C2000 Linker PC v18.1.3                     
******************************************************************************
>> Linked Fri Apr 12 11:48:59 2019

OUTPUT FILE NAME:   <pwm5a5b_on_PCBRev1.out>
ENTRY POINT SYMBOL: "code_start"  address: 00000000


MEMORY CONFIGURATION

         name            origin    length      used     unused   attr    fill
----------------------  --------  ---------  --------  --------  ----  --------
PAGE 0:
  BEGIN                 00000000   00000002  00000002  00000000  RWIX
  RAMM0                 000000f5   0000030b  00000154  000001b7  RWIX
  RAMLS04               00008000   00002800  000012ee  00001512  RWIX
  RESET                 003fffc0   00000002  00000000  00000002  RWIX

PAGE 1:
  BOOT_RSVD             00000002   000000f3  00000000  000000f3  RWIX
  RAMM1                 00000400   00000400  00000100  00000300  RWIX
  RAMLS5                0000a800   00000800  0000059f  00000261  RWIX
  RAMLS6                0000b000   00000800  00000000  00000800  RWIX
  RAMLS7                0000b800   00000800  00000000  00000800  RWIX
  RAMGS0                0000c000   00002000  00000000  00002000  RWIX
  RAMGS1                0000e000   00002000  00000000  00002000  RWIX
  RAMGS2                00010000   00002000  00000000  00002000  RWIX
  RAMGS3                00012000   00002000  00000000  00002000  RWIX


SECTION ALLOCATION MAP

 output                                  attributes/
section   page    origin      length       input sections
--------  ----  ----------  ----------   ----------------
codestart 
*          0    00000000    00000002     
                  00000000    00000002     f28004x_codestartbranch.obj (codestart)

.TI.ramfunc 
*          0    000000f5    00000136     
                  000000f5    00000044     driverlib.lib : flash.obj (.TI.ramfunc:_Flash_initModule)
                  00000139    00000032                   : flash.obj (.TI.ramfunc:_Flash_setBankPowerMode)
                  0000016b    00000026                   : flash.obj (.TI.ramfunc:_Flash_setWaitstates)
                  00000191    0000001f                   : flash.obj (.TI.ramfunc:_Flash_setPumpPowerMode)
                  000001b0    00000018                   : flash.obj (.TI.ramfunc:_Flash_disableCache)
                  000001c8    00000018                   : flash.obj (.TI.ramfunc:_Flash_disablePrefetch)
                  000001e0    00000018                   : flash.obj (.TI.ramfunc:_Flash_enableCache)
                  000001f8    00000018                   : flash.obj (.TI.ramfunc:_Flash_enablePrefetch)
                  00000210    00000017                   : flash.obj (.TI.ramfunc:_Flash_enableECC)
                  00000227    00000004                   : sysctl.obj (.TI.ramfunc)

.cinit     0    0000022b    0000001e     
                  0000022b    0000000e     rts2800_fpu32.lib : exit.c.obj (.cinit)
                  00000239    00000005                       : _lock.c.obj (.cinit:__lock)
                  0000023e    00000005                       : _lock.c.obj (.cinit:__unlock)
                  00000243    00000004     pwm5a5b_on_PCBRev1.obj (.cinit)
                  00000247    00000002     --HOLE-- [fill = 0]

.text      0    00008000    000012ee     
                  00008000    0000085a     pwm5a5b_on_PCBRev1.obj (.text)
                  0000885a    00000164     device.obj (.text)
                  000089be    000000b3     driverlib.lib : sysctl.obj (.text:_SysCtl_setClock)
                  00008a71    000000a7                   : sysctl.obj (.text:_SysCtl_isPLLValid)
                  00008b18    000000a5     pwm5a5b_on_PCBRev1.obj (.text:retain)
                  00008bbd    0000006e     driverlib.lib : sysctl.obj (.text:_SysCtl_getClock)
                  00008c2b    0000005e                   : sysctl.obj (.text:_DCC_setCounterSeeds)
                  00008c89    00000056                   : sysctl.obj (.text:_SysCtl_selectOscSource)
                  00008cdf    00000056     rts2800_fpu32.lib : boot28.asm.obj (.text)
                  00008d35    00000054     driverlib.lib : interrupt.obj (.text:_Interrupt_initModule)
                  00008d89    00000052                   : gpio.obj (.text:_GPIO_setPadConfig)
                  00008ddb    00000046                   : sci.obj (.text:_SCI_clearInterruptStatus)
                  00008e21    00000041                   : sci.obj (.text:_SCI_writeCharArray)
                  00008e62    00000040                   : sci.obj (.text:_SCI_setConfig)
                  00008ea2    0000003d                   : gpio.obj (.text:_GPIO_setPinConfig)
                  00008edf    00000038                   : gpio.obj (.text:_GPIO_setMasterCore)
                  00008f17    00000038                   : gpio.obj (.text:_GPIO_setQualificationMode)
                  00008f4f    00000033                   : interrupt.obj (.text:_Interrupt_enable)
                  00008f82    00000031                   : gpio.obj (.text:_GPIO_setDirectionMode)
                  00008fb3    00000029     rts2800_fpu32.lib : exit.c.obj (.text)
                  00008fdc    00000025     driverlib.lib : sysctl.obj (.text:_DCC_enableSingleShotMode)
                  00009001    00000024                   : sysctl.obj (.text:_SysCtl_selectXTAL)
                  00009025    00000024     rts2800_fpu32.lib : cpy_tbl.c.obj (.text)
                  00009049    00000022     driverlib.lib : sci.obj (.text:_SCI_isFIFOEnabled)
                  0000906b    00000022                   : sysctl.obj (.text:_SysCtl_pollX1Counter)
                  0000908d    00000020                   : interrupt.obj (.text:_Interrupt_initVectorTable)
                  000090ad    0000001f                   : sysctl.obj (.text:_DCC_setCounter1ClkSource)
                  000090cc    0000001d                   : sysctl.obj (.text:_DCC_setCounter0ClkSource)
                  000090e9    0000001d     rts2800_fpu32.lib : memcpy.c.obj (.text)
                  00009106    0000001b     driverlib.lib : sci.obj (.text:_SCI_isSpaceAvailableNonFIFO)
                  00009121    0000001a                   : sysctl.obj (.text:_SysCtl_getLowSpeedClock)
                  0000913b    0000001a                   : sysctl.obj (.text:_SysCtl_selectXTALSingleEnded)
                  00009155    00000019                   : sci.obj (.text:_SCI_disableModule)
                  0000916e    00000019                   : sci.obj (.text:_SCI_performSoftwareReset)
                  00009187    00000019     rts2800_fpu32.lib : args_main.c.obj (.text)
                  000091a0    00000017     driverlib.lib : sysctl.obj (.text:_DCC_enableDoneSignal)
                  000091b7    00000017                   : sysctl.obj (.text:_SysCtl_enablePeripheral)
                  000091ce    00000016                   : sysctl.obj (.text:_DCC_disableErrorSignal)
                  000091e4    00000016                   : sysctl.obj (.text:_DCC_enableErrorSignal)
                  000091fa    00000015                   : sci.obj (.text:_SCI_getTxFIFOStatus)
                  0000920f    00000015                   : sci.obj (.text:_SCI_isBaseValid)
                  00009224    00000014                   : sysctl.obj (.text:_DCC_disableModule)
                  00009238    00000014                   : sysctl.obj (.text:_DCC_enableModule)
                  0000924c    00000014                   : gpio.obj (.text:_GPIO_isPinValid)
                  00009260    00000014                   : sci.obj (.text:_SCI_enableModule)
                  00009274    00000010                   : sysctl.obj (.text:_DCC_isBaseValid)
                  00009284    00000010                   : flash.obj (.text:_Flash_isCtrlBaseValid)
                  00009294    00000010                   : flash.obj (.text:_Flash_isECCBaseValid)
                  000092a4    0000000e                   : interrupt.obj (.text:_Interrupt_defaultHandler)
                  000092b2    0000000d                   : interrupt.obj (.text:_Interrupt_disableMaster)
                  000092bf    0000000d                   : interrupt.obj (.text:_Interrupt_enableMaster)
                  000092cc    0000000b                   : sysctl.obj (.text:_SysCtl_isMCDClockFailureDetected)
                  000092d7    00000009     rts2800_fpu32.lib : _lock.c.obj (.text)
                  000092e0    00000007     driverlib.lib : sysctl.obj (.text:_SysCtl_resetMCD)
                  000092e7    00000002                   : interrupt.obj (.text:_Interrupt_illegalOperationHandler)
                  000092e9    00000002                   : interrupt.obj (.text:_Interrupt_nmiHandler)
                  000092eb    00000002     rts2800_fpu32.lib : pre_init.c.obj (.text)
                  000092ed    00000001                       : startup.c.obj (.text)

.pinit     0    000000f5    00000000     UNINITIALIZED

.reset     0    003fffc0    00000002     DSECT
                  003fffc0    00000002     rts2800_fpu32.lib : boot28.asm.obj (.reset)

.stack     1    00000400    00000100     UNINITIALIZED
                  00000400    00000100     --HOLE--

.econst    1    0000a800    0000056b     
                  0000a800    00000246     pwm5a5b_on_PCBRev1.obj (.econst:.string)
                  0000aa46    000000af     driverlib.lib : flash.obj (.econst:.string)
                  0000aaf5    00000001     --HOLE-- [fill = 0]
                  0000aaf6    000000ae                   : sysctl.obj (.econst:.string)
                  0000aba4    000000ac                   : gpio.obj (.econst:.string)
                  0000ac50    000000ab                   : sci.obj (.econst:.string)
                  0000acfb    00000001     --HOLE-- [fill = 0]
                  0000acfc    0000005b                   : interrupt.obj (.econst:.string)
                  0000ad57    00000001     --HOLE-- [fill = 0]
                  0000ad58    00000013     device.obj (.econst:.string)

.ebss      1    0000ad6c    00000034     UNINITIALIZED
                  0000ad6c    00000006     rts2800_fpu32.lib : exit.c.obj (.ebss)
                  0000ad72    00000002                       : _lock.c.obj (.ebss:__lock)
                  0000ad74    00000002                       : _lock.c.obj (.ebss:__unlock)
                  0000ad76    0000000a     --HOLE--
                  0000ad80    00000020     pwm5a5b_on_PCBRev1.obj (.ebss)

MODULE SUMMARY

       Module                        code   initialized data   uninitialized data
       ------                        ----   ----------------   ------------------
    .\
       pwm5a5b_on_PCBRev1.obj        2303   586                32                
    +--+-----------------------------+------+------------------+--------------------+
       Total:                        2303   586                32                
                                                                                 
    .\device\
       device.obj                    356    19                 0                 
       f28004x_codestartbranch.obj   2      0                  0                 
    +--+-----------------------------+------+------------------+--------------------+
       Total:                        358    19                 0                 
                                                                                 
    ../driverlib.lib
       sysctl.obj                    1023   174                0                 
       sci.obj                       372    171                0                 
       flash.obj                     338    175                0                 
       gpio.obj                      324    172                0                 
       interrupt.obj                 211    91                 0                 
    +--+-----------------------------+------+------------------+--------------------+
       Total:                        2268   783                0                 
                                                                                 
    C:\ti\ccsv8\tools\compiler\ti-cgt-c2000_18.1.3.LTS\lib\rts2800_fpu32.lib
       boot28.asm.obj                86     0                  0                 
       exit.c.obj                    41     14                 6                 
       cpy_tbl.c.obj                 36     0                  0                 
       memcpy.c.obj                  29     0                  0                 
       args_main.c.obj               25     0                  0                 
       _lock.c.obj                   9      10                 4                 
       pre_init.c.obj                2      0                  0                 
       startup.c.obj                 1      0                  0                 
    +--+-----------------------------+------+------------------+--------------------+
       Total:                        229    24                 10                
                                                                                 
       Stack:                        0      0                  256               
    +--+-----------------------------+------+------------------+--------------------+
       Grand Total:                  5158   1412               298               


GLOBAL DATA SYMBOLS: SORTED BY DATA PAGE

address     data page           name
--------    ----------------    ----
00000400      10 (00000400)     __stack

0000ad6c     2b5 (0000ad40)     ___TI_enable_exit_profile_output
0000ad6e     2b5 (0000ad40)     ___TI_cleanup_ptr
0000ad70     2b5 (0000ad40)     ___TI_dtors_ptr
0000ad72     2b5 (0000ad40)     __lock
0000ad74     2b5 (0000ad40)     __unlock

0000ad80     2b6 (0000ad80)     _dacVal
0000ad82     2b6 (0000ad80)     _epwm2Info
0000ad8c     2b6 (0000ad80)     _epwm5Info
0000ad96     2b6 (0000ad80)     _epwm1Info


GLOBAL SYMBOLS: SORTED ALPHABETICALLY BY Name 

page  address   name                            
----  -------   ----                            
0     00008000  .text                           
0     00008fb3  C$$EXIT                         
0     000088d9  _Device_enableAllPeripherals    
0     0000889c  _Device_init                    
0     000089a7  _Device_initGPIO                
0     000000f5  _Flash_initModule               
0     00008f82  _GPIO_setDirectionMode          
0     00008edf  _GPIO_setMasterCore             
0     00008d89  _GPIO_setPadConfig              
0     00008ea2  _GPIO_setPinConfig              
0     00008f17  _GPIO_setQualificationMode      
0     00008f4f  _Interrupt_enable               
0     00008d35  _Interrupt_initModule           
0     0000908d  _Interrupt_initVectorTable      
0     00008ddb  _SCI_clearInterruptStatus       
0     00008e62  _SCI_setConfig                  
0     00008e21  _SCI_writeCharArray             
0     00000227  _SysCtl_delay                   
0     00008bbd  _SysCtl_getClock                
0     00009121  _SysCtl_getLowSpeedClock        
0     00008a71  _SysCtl_isPLLValid              
0     00008c89  _SysCtl_selectOscSource         
0     00009001  _SysCtl_selectXTAL              
0     0000913b  _SysCtl_selectXTALSingleEnded   
0     000089be  _SysCtl_setClock                
1     00000500  __STACK_END                     
abs   00000100  __STACK_SIZE                    
1     0000ad6e  ___TI_cleanup_ptr               
1     0000ad70  ___TI_dtors_ptr                 
1     0000ad6c  ___TI_enable_exit_profile_output
abs   ffffffff  ___TI_pprof_out_hndl            
abs   ffffffff  ___TI_prof_data_size            
abs   ffffffff  ___TI_prof_data_start           
abs   ffffffff  ___binit__                      
abs   ffffffff  ___c_args__                     
0     0000022b  ___cinit__                      
0     000089b7  ___error__                      
0     000092ee  ___etext__                      
abs   ffffffff  ___pinit__                      
0     00008000  ___text__                       
0     00009187  __args_main                     
1     0000ad72  __lock                          
0     000092df  __nop                           
0     000092db  __register_lock                 
0     000092d7  __register_unlock               
1     00000400  __stack                         
0     000092ed  __system_post_cinit             
0     000092eb  __system_pre_init               
1     0000ad74  __unlock                        
0     00008fb3  _abort                          
0     00008cdf  _c_int00                        
0     00008845  _configureDAC                   
0     00009025  _copy_in                        
1     0000ad80  _dacVal                         
0     00008b18  _epwm1ISR                       
1     0000ad96  _epwm1Info                      
0     00008b4f  _epwm2ISR                       
1     0000ad82  _epwm2Info                      
0     00008b86  _epwm5ISR                       
1     0000ad8c  _epwm5Info                      
0     00008fb5  _exit                           
0     00008687  _initEPWM1                      
0     00008712  _initEPWM2                      
0     0000879c  _initEPWM5                      
0     000083eb  _main                           
0     000090e9  _memcpy                         
0     00008828  _updateCompare                  
abs   ffffffff  binit                           
0     0000022b  cinit                           
0     00000000  code_start                      
0     000092ee  etext                           
abs   ffffffff  pinit                           


GLOBAL SYMBOLS: SORTED BY Symbol Address 

page  address   name                            
----  -------   ----                            
0     00000000  code_start                      
0     000000f5  _Flash_initModule               
0     00000227  _SysCtl_delay                   
0     0000022b  ___cinit__                      
0     0000022b  cinit                           
0     00008000  .text                           
0     00008000  ___text__                       
0     000083eb  _main                           
0     00008687  _initEPWM1                      
0     00008712  _initEPWM2                      
0     0000879c  _initEPWM5                      
0     00008828  _updateCompare                  
0     00008845  _configureDAC                   
0     0000889c  _Device_init                    
0     000088d9  _Device_enableAllPeripherals    
0     000089a7  _Device_initGPIO                
0     000089b7  ___error__                      
0     000089be  _SysCtl_setClock                
0     00008a71  _SysCtl_isPLLValid              
0     00008b18  _epwm1ISR                       
0     00008b4f  _epwm2ISR                       
0     00008b86  _epwm5ISR                       
0     00008bbd  _SysCtl_getClock                
0     00008c89  _SysCtl_selectOscSource         
0     00008cdf  _c_int00                        
0     00008d35  _Interrupt_initModule           
0     00008d89  _GPIO_setPadConfig              
0     00008ddb  _SCI_clearInterruptStatus       
0     00008e21  _SCI_writeCharArray             
0     00008e62  _SCI_setConfig                  
0     00008ea2  _GPIO_setPinConfig              
0     00008edf  _GPIO_setMasterCore             
0     00008f17  _GPIO_setQualificationMode      
0     00008f4f  _Interrupt_enable               
0     00008f82  _GPIO_setDirectionMode          
0     00008fb3  C$$EXIT                         
0     00008fb3  _abort                          
0     00008fb5  _exit                           
0     00009001  _SysCtl_selectXTAL              
0     00009025  _copy_in                        
0     0000908d  _Interrupt_initVectorTable      
0     000090e9  _memcpy                         
0     00009121  _SysCtl_getLowSpeedClock        
0     0000913b  _SysCtl_selectXTALSingleEnded   
0     00009187  __args_main                     
0     000092d7  __register_unlock               
0     000092db  __register_lock                 
0     000092df  __nop                           
0     000092eb  __system_pre_init               
0     000092ed  __system_post_cinit             
0     000092ee  ___etext__                      
0     000092ee  etext                           
1     00000400  __stack                         
1     00000500  __STACK_END                     
1     0000ad6c  ___TI_enable_exit_profile_output
1     0000ad6e  ___TI_cleanup_ptr               
1     0000ad70  ___TI_dtors_ptr                 
1     0000ad72  __lock                          
1     0000ad74  __unlock                        
1     0000ad80  _dacVal                         
1     0000ad82  _epwm2Info                      
1     0000ad8c  _epwm5Info                      
1     0000ad96  _epwm1Info                      
abs   00000100  __STACK_SIZE                    
abs   ffffffff  ___TI_pprof_out_hndl            
abs   ffffffff  ___TI_prof_data_size            
abs   ffffffff  ___TI_prof_data_start           
abs   ffffffff  ___binit__                      
abs   ffffffff  ___c_args__                     
abs   ffffffff  ___pinit__                      
abs   ffffffff  binit                           
abs   ffffffff  pinit                           

[72 symbols]
